2025-10-21 09:45:32,704 INFO test_resume_processor.py:58 ğŸ“ åˆ›å»ºæµ‹è¯•æ–‡ä»¶...
2025-10-21 09:45:32,704 INFO test_resume_processor.py:115 âœ… åˆ›å»ºæµ‹è¯•ç®€å†æ–‡ä»¶: test_data/test_resume.txt
2025-10-21 09:45:32,704 INFO test_resume_processor.py:130 âœ… åˆ›å»ºç®€åŒ–æµ‹è¯•ç®€å†æ–‡ä»¶: test_data/simple_resume.txt
2025-10-21 09:45:32,704 INFO test_resume_processor.py:139 ğŸ§ª æµ‹è¯•æ–‡æœ¬æå–åŠŸèƒ½...
2025-10-21 09:45:32,704 INFO resume_processor.py:199 å¼€å§‹æå–æ–‡ä»¶æ–‡æœ¬å†…å®¹: test_data/test_resume.txt
2025-10-21 09:45:32,705 INFO resume_processor.py:208 æ–‡ä»¶å¤§å°: 1158 bytes
2025-10-21 09:45:32,705 INFO resume_processor.py:235 å°è¯•ä½¿ç”¨ 6 ç§ç¼–ç æ ¼å¼è¯»å–æ–‡ä»¶
2025-10-21 09:45:32,705 INFO resume_processor.py:242 æˆåŠŸä½¿ç”¨ utf-8 ç¼–ç è¯»å–æ–‡ä»¶ï¼Œå†…å®¹é•¿åº¦: 590 å­—ç¬¦
2025-10-21 09:45:32,705 INFO resume_processor.py:190 å·²ä¿å­˜Markdownå†…å®¹: test_data/test_resume.md
2025-10-21 09:45:32,705 INFO test_resume_processor.py:147 âœ… è¯¦ç»†ç®€å†æ–‡æœ¬æå–æˆåŠŸï¼Œé•¿åº¦: 590 å­—ç¬¦
2025-10-21 09:45:32,705 INFO resume_processor.py:199 å¼€å§‹æå–æ–‡ä»¶æ–‡æœ¬å†…å®¹: test_data/simple_resume.txt
2025-10-21 09:45:32,705 INFO resume_processor.py:208 æ–‡ä»¶å¤§å°: 161 bytes
2025-10-21 09:45:32,705 INFO resume_processor.py:235 å°è¯•ä½¿ç”¨ 6 ç§ç¼–ç æ ¼å¼è¯»å–æ–‡ä»¶
2025-10-21 09:45:32,705 INFO resume_processor.py:242 æˆåŠŸä½¿ç”¨ utf-8 ç¼–ç è¯»å–æ–‡ä»¶ï¼Œå†…å®¹é•¿åº¦: 89 å­—ç¬¦
2025-10-21 09:45:32,705 INFO resume_processor.py:190 å·²ä¿å­˜Markdownå†…å®¹: test_data/simple_resume.md
2025-10-21 09:45:32,705 INFO test_resume_processor.py:154 âœ… ç®€åŒ–ç®€å†æ–‡æœ¬æå–æˆåŠŸï¼Œé•¿åº¦: 89 å­—ç¬¦
2025-10-21 09:45:32,706 INFO test_resume_processor.py:165 âœ… æ–‡æœ¬æå–åŠŸèƒ½æµ‹è¯•é€šè¿‡
2025-10-21 09:45:32,706 INFO test_resume_processor.py:174 ğŸ§ª æµ‹è¯•æœ¬åœ°è§„åˆ™ä¿¡æ¯æå–...
2025-10-21 09:45:32,706 INFO resume_processor.py:403 æ‰§è¡Œæœ¬åœ°è§„åˆ™ä¿¡æ¯æå–
2025-10-21 09:45:32,706 INFO resume_processor.py:406 å›é€€è§„åˆ™ï¼šå°†å†…å®¹åˆ†å‰²ä¸º 49 è¡Œè¿›è¡Œå¤„ç†
2025-10-21 09:45:32,706 INFO resume_processor.py:470 æœ¬åœ°è§„åˆ™ä¿¡æ¯æå–å®Œæˆ
2025-10-21 09:45:32,706 INFO test_resume_processor.py:188 âœ… æœ¬åœ°è§„åˆ™æå–æˆåŠŸ: {'name': 'å¼ ä¸‰', 'email': 'é‚®ç®±ï¼šzhangsan@example.com', 'phone': '- è‹±è¯­ï¼šæµåˆ©ï¼ˆCET-6ï¼‰', 'experience': '2020-2025 é«˜çº§AIå·¥ç¨‹å¸ˆ - è…¾è®¯ç§‘æŠ€ - è´Ÿè´£æœºå™¨å­¦ä¹ å¹³å°æ¶æ„è®¾è®¡ - ä¸»å¯¼äº†åƒä¸‡çº§ç”¨æˆ·æ¨èç³»ç»Ÿé¡¹ç›® - å›¢é˜Ÿè§„æ¨¡ï¼š15äºº 2018-2020 æœºå™¨å­¦ä¹ å·¥ç¨‹å¸ˆ - å­—èŠ‚è·³åŠ¨ - å¼€å‘äº†æ™ºèƒ½æ¨èç®—æ³• - ä¼˜åŒ–äº†æ¨¡å‹è®­ç»ƒæ•ˆç‡30% - å‚ä¸è¿‡å¤šä¸ªAIäº§å“å¼€å‘', 'education': '2016-2018 æ¸…åå¤§å­¦ è®¡ç®—æœºç§‘å­¦ä¸æŠ€æœ¯ ç¡•å£« 2012-2016 åŒ—äº¬å¤§å­¦ è®¡ç®—æœºç§‘å­¦ä¸æŠ€æœ¯ å­¦å£«', 'skills': ['ï¼š'], 'achievements': ['ï¼š'], 'projects': [], 'languages': [], 'certifications': [], 'summary': ''}
2025-10-21 09:45:32,706 INFO test_resume_processor.py:197 âœ… æœ¬åœ°è§„åˆ™ä¿¡æ¯æå–æµ‹è¯•é€šè¿‡
2025-10-21 09:45:32,706 INFO test_resume_processor.py:351 ğŸ§ª æµ‹è¯•å®‰å…¨é¢„è§ˆåŠŸèƒ½...
2025-10-21 09:45:32,706 ERROR test_resume_processor.py:358 âŒ æ­£å¸¸æ–‡æœ¬é¢„è§ˆå¤±è´¥
2025-10-21 09:45:32,706 INFO test_resume_processor.py:58 ğŸ“ åˆ›å»ºæµ‹è¯•æ–‡ä»¶...
2025-10-21 09:45:32,707 INFO test_resume_processor.py:115 âœ… åˆ›å»ºæµ‹è¯•ç®€å†æ–‡ä»¶: test_data/test_resume.txt
2025-10-21 09:45:32,707 INFO test_resume_processor.py:130 âœ… åˆ›å»ºç®€åŒ–æµ‹è¯•ç®€å†æ–‡ä»¶: test_data/simple_resume.txt
2025-10-21 09:45:32,707 INFO test_resume_processor.py:206 ğŸ§ª æµ‹è¯•LLMå®¢æˆ·ç«¯é…ç½®...
2025-10-21 09:45:32,822 INFO test_resume_processor.py:214 âœ… LLMå®¢æˆ·ç«¯åˆ›å»ºæˆåŠŸ: OpenAI
2025-10-21 09:45:32,822 INFO test_resume_processor.py:223 ğŸ§ª æµ‹è¯•AIä¿¡æ¯æå–...
2025-10-21 09:45:32,822 INFO resume_processor.py:322 å¼€å§‹AIä¿¡æ¯æå–ï¼Œè¾“å…¥å†…å®¹é•¿åº¦: 590 å­—ç¬¦
2025-10-21 09:45:32,832 INFO resume_processor.py:331 è°ƒç”¨LLMæä¾›å•†: OPENAI
2025-10-21 09:46:18,283 INFO _base_client.py:1085 Retrying request to /chat/completions in 0.409110 seconds
2025-10-21 09:47:03,708 INFO _base_client.py:1085 Retrying request to /chat/completions in 0.801414 seconds
2025-10-21 09:47:49,528 ERROR resume_processor.py:397 LLMè°ƒç”¨å¤±è´¥ï¼Œå›é€€æœ¬åœ°è§„åˆ™: Request timed out.
Traceback (most recent call last):
  File "/Users/zhuenqing/anaconda3/lib/python3.10/site-packages/httpx/_transports/default.py", line 101, in map_httpcore_exceptions
    yield
  File "/Users/zhuenqing/anaconda3/lib/python3.10/site-packages/httpx/_transports/default.py", line 250, in handle_request
    resp = self._pool.handle_request(req)
  File "/Users/zhuenqing/anaconda3/lib/python3.10/site-packages/httpcore/_sync/connection_pool.py", line 256, in handle_request
    raise exc from None
  File "/Users/zhuenqing/anaconda3/lib/python3.10/site-packages/httpcore/_sync/connection_pool.py", line 236, in handle_request
    response = connection.handle_request(
  File "/Users/zhuenqing/anaconda3/lib/python3.10/site-packages/httpcore/_sync/connection.py", line 101, in handle_request
    raise exc
  File "/Users/zhuenqing/anaconda3/lib/python3.10/site-packages/httpcore/_sync/connection.py", line 78, in handle_request
    stream = self._connect(request)
  File "/Users/zhuenqing/anaconda3/lib/python3.10/site-packages/httpcore/_sync/connection.py", line 124, in _connect
    stream = self._network_backend.connect_tcp(**kwargs)
  File "/Users/zhuenqing/anaconda3/lib/python3.10/site-packages/httpcore/_backends/sync.py", line 207, in connect_tcp
    with map_exceptions(exc_map):
  File "/Users/zhuenqing/anaconda3/lib/python3.10/contextlib.py", line 153, in __exit__
    self.gen.throw(typ, value, traceback)
  File "/Users/zhuenqing/anaconda3/lib/python3.10/site-packages/httpcore/_exceptions.py", line 14, in map_exceptions
    raise to_exc(exc) from exc
httpcore.ConnectTimeout: timed out

The above exception was the direct cause of the following exception:

Traceback (most recent call last):
  File "/Users/zhuenqing/anaconda3/lib/python3.10/site-packages/openai/_base_client.py", line 989, in _request
    response = self._client.send(
  File "/Users/zhuenqing/anaconda3/lib/python3.10/site-packages/httpx/_client.py", line 914, in send
    response = self._send_handling_auth(
  File "/Users/zhuenqing/anaconda3/lib/python3.10/site-packages/httpx/_client.py", line 942, in _send_handling_auth
    response = self._send_handling_redirects(
  File "/Users/zhuenqing/anaconda3/lib/python3.10/site-packages/httpx/_client.py", line 979, in _send_handling_redirects
    response = self._send_single_request(request)
  File "/Users/zhuenqing/anaconda3/lib/python3.10/site-packages/httpx/_client.py", line 1014, in _send_single_request
    response = transport.handle_request(request)
  File "/Users/zhuenqing/anaconda3/lib/python3.10/site-packages/httpx/_transports/default.py", line 249, in handle_request
    with map_httpcore_exceptions():
  File "/Users/zhuenqing/anaconda3/lib/python3.10/contextlib.py", line 153, in __exit__
    self.gen.throw(typ, value, traceback)
  File "/Users/zhuenqing/anaconda3/lib/python3.10/site-packages/httpx/_transports/default.py", line 118, in map_httpcore_exceptions
    raise mapped_exc(message) from exc
httpx.ConnectTimeout: timed out

The above exception was the direct cause of the following exception:

Traceback (most recent call last):
  File "/Users/zhuenqing/workspace/lisa/gtv-visa-assessment/ace_gtv/resume_processor.py", line 352, in call_ai_for_extraction
    response = client.chat.completions.create(
  File "/Users/zhuenqing/anaconda3/lib/python3.10/site-packages/openai/_utils/_utils.py", line 279, in wrapper
    return func(*args, **kwargs)
  File "/Users/zhuenqing/anaconda3/lib/python3.10/site-packages/openai/resources/chat/completions/completions.py", line 929, in create
    return self._post(
  File "/Users/zhuenqing/anaconda3/lib/python3.10/site-packages/openai/_base_client.py", line 1276, in post
    return cast(ResponseT, self.request(cast_to, opts, stream=stream, stream_cls=stream_cls))
  File "/Users/zhuenqing/anaconda3/lib/python3.10/site-packages/openai/_base_client.py", line 949, in request
    return self._request(
  File "/Users/zhuenqing/anaconda3/lib/python3.10/site-packages/openai/_base_client.py", line 998, in _request
    return self._retry_request(
  File "/Users/zhuenqing/anaconda3/lib/python3.10/site-packages/openai/_base_client.py", line 1091, in _retry_request
    return self._request(
  File "/Users/zhuenqing/anaconda3/lib/python3.10/site-packages/openai/_base_client.py", line 998, in _request
    return self._retry_request(
  File "/Users/zhuenqing/anaconda3/lib/python3.10/site-packages/openai/_base_client.py", line 1091, in _retry_request
    return self._request(
  File "/Users/zhuenqing/anaconda3/lib/python3.10/site-packages/openai/_base_client.py", line 1008, in _request
    raise APITimeoutError(request=request) from err
openai.APITimeoutError: Request timed out.
2025-10-21 09:47:49,541 INFO resume_processor.py:403 æ‰§è¡Œæœ¬åœ°è§„åˆ™ä¿¡æ¯æå–
2025-10-21 09:47:49,541 INFO resume_processor.py:406 å›é€€è§„åˆ™ï¼šå°†å†…å®¹åˆ†å‰²ä¸º 49 è¡Œè¿›è¡Œå¤„ç†
2025-10-21 09:47:49,541 INFO resume_processor.py:470 æœ¬åœ°è§„åˆ™ä¿¡æ¯æå–å®Œæˆ
2025-10-21 09:47:49,541 INFO test_resume_processor.py:237 âœ… AIä¿¡æ¯æå–æˆåŠŸ: {'name': 'å¼ ä¸‰', 'email': 'é‚®ç®±ï¼šzhangsan@example.com', 'phone': '- è‹±è¯­ï¼šæµåˆ©ï¼ˆCET-6ï¼‰', 'experience': '2020-2025 é«˜çº§AIå·¥ç¨‹å¸ˆ - è…¾è®¯ç§‘æŠ€ - è´Ÿè´£æœºå™¨å­¦ä¹ å¹³å°æ¶æ„è®¾è®¡ - ä¸»å¯¼äº†åƒä¸‡çº§ç”¨æˆ·æ¨èç³»ç»Ÿé¡¹ç›® - å›¢é˜Ÿè§„æ¨¡ï¼š15äºº 2018-2020 æœºå™¨å­¦ä¹ å·¥ç¨‹å¸ˆ - å­—èŠ‚è·³åŠ¨ - å¼€å‘äº†æ™ºèƒ½æ¨èç®—æ³• - ä¼˜åŒ–äº†æ¨¡å‹è®­ç»ƒæ•ˆç‡30% - å‚ä¸è¿‡å¤šä¸ªAIäº§å“å¼€å‘', 'education': '2016-2018 æ¸…åå¤§å­¦ è®¡ç®—æœºç§‘å­¦ä¸æŠ€æœ¯ ç¡•å£« 2012-2016 åŒ—äº¬å¤§å­¦ è®¡ç®—æœºç§‘å­¦ä¸æŠ€æœ¯ å­¦å£«', 'skills': ['ï¼š'], 'achievements': ['ï¼š'], 'projects': [], 'languages': [], 'certifications': [], 'summary': ''}
2025-10-21 09:47:49,541 INFO test_resume_processor.py:246 âœ… AIä¿¡æ¯æå–æµ‹è¯•é€šè¿‡
2025-10-21 09:47:49,542 INFO test_resume_processor.py:58 ğŸ“ åˆ›å»ºæµ‹è¯•æ–‡ä»¶...
2025-10-21 09:47:49,542 INFO test_resume_processor.py:115 âœ… åˆ›å»ºæµ‹è¯•ç®€å†æ–‡ä»¶: test_data/test_resume.txt
2025-10-21 09:47:49,542 INFO test_resume_processor.py:130 âœ… åˆ›å»ºç®€åŒ–æµ‹è¯•ç®€å†æ–‡ä»¶: test_data/simple_resume.txt
2025-10-21 09:47:49,542 INFO test_resume_processor.py:255 ğŸ§ª æµ‹è¯•çŸ¥è¯†åº“åˆ›å»º...
2025-10-21 09:47:49,542 INFO resume_processor.py:322 å¼€å§‹AIä¿¡æ¯æå–ï¼Œè¾“å…¥å†…å®¹é•¿åº¦: 590 å­—ç¬¦
2025-10-21 09:47:49,554 INFO resume_processor.py:331 è°ƒç”¨LLMæä¾›å•†: OPENAI
2025-10-21 09:48:34,559 INFO _base_client.py:1085 Retrying request to /chat/completions in 0.461385 seconds
2025-10-21 09:49:20,033 INFO _base_client.py:1085 Retrying request to /chat/completions in 0.837689 seconds
2025-10-21 09:50:05,546 INFO test_resume_processor.py:58 ğŸ“ åˆ›å»ºæµ‹è¯•æ–‡ä»¶...
2025-10-21 09:50:05,548 INFO test_resume_processor.py:115 âœ… åˆ›å»ºæµ‹è¯•ç®€å†æ–‡ä»¶: test_data/test_resume.txt
2025-10-21 09:50:05,548 INFO test_resume_processor.py:130 âœ… åˆ›å»ºç®€åŒ–æµ‹è¯•ç®€å†æ–‡ä»¶: test_data/simple_resume.txt
2025-10-21 09:50:05,548 INFO test_resume_processor.py:139 ğŸ§ª æµ‹è¯•æ–‡æœ¬æå–åŠŸèƒ½...
2025-10-21 09:50:05,548 INFO resume_processor.py:199 å¼€å§‹æå–æ–‡ä»¶æ–‡æœ¬å†…å®¹: test_data/test_resume.txt
2025-10-21 09:50:05,548 INFO resume_processor.py:208 æ–‡ä»¶å¤§å°: 1158 bytes
2025-10-21 09:50:05,548 INFO resume_processor.py:235 å°è¯•ä½¿ç”¨ 6 ç§ç¼–ç æ ¼å¼è¯»å–æ–‡ä»¶
2025-10-21 09:50:05,548 INFO resume_processor.py:242 æˆåŠŸä½¿ç”¨ utf-8 ç¼–ç è¯»å–æ–‡ä»¶ï¼Œå†…å®¹é•¿åº¦: 590 å­—ç¬¦
2025-10-21 09:50:05,548 INFO resume_processor.py:190 å·²ä¿å­˜Markdownå†…å®¹: test_data/test_resume.md
2025-10-21 09:50:05,549 INFO test_resume_processor.py:147 âœ… è¯¦ç»†ç®€å†æ–‡æœ¬æå–æˆåŠŸï¼Œé•¿åº¦: 590 å­—ç¬¦
2025-10-21 09:50:05,549 INFO resume_processor.py:199 å¼€å§‹æå–æ–‡ä»¶æ–‡æœ¬å†…å®¹: test_data/simple_resume.txt
2025-10-21 09:50:05,549 INFO resume_processor.py:208 æ–‡ä»¶å¤§å°: 161 bytes
2025-10-21 09:50:05,549 INFO resume_processor.py:235 å°è¯•ä½¿ç”¨ 6 ç§ç¼–ç æ ¼å¼è¯»å–æ–‡ä»¶
2025-10-21 09:50:05,549 INFO resume_processor.py:242 æˆåŠŸä½¿ç”¨ utf-8 ç¼–ç è¯»å–æ–‡ä»¶ï¼Œå†…å®¹é•¿åº¦: 89 å­—ç¬¦
2025-10-21 09:50:05,549 INFO resume_processor.py:190 å·²ä¿å­˜Markdownå†…å®¹: test_data/simple_resume.md
2025-10-21 09:50:05,549 INFO test_resume_processor.py:154 âœ… ç®€åŒ–ç®€å†æ–‡æœ¬æå–æˆåŠŸï¼Œé•¿åº¦: 89 å­—ç¬¦
2025-10-21 09:50:05,549 INFO test_resume_processor.py:165 âœ… æ–‡æœ¬æå–åŠŸèƒ½æµ‹è¯•é€šè¿‡
2025-10-21 09:50:05,549 INFO test_resume_processor.py:174 ğŸ§ª æµ‹è¯•æœ¬åœ°è§„åˆ™ä¿¡æ¯æå–...
2025-10-21 09:50:05,549 INFO resume_processor.py:403 æ‰§è¡Œæœ¬åœ°è§„åˆ™ä¿¡æ¯æå–
2025-10-21 09:50:05,549 INFO resume_processor.py:406 å›é€€è§„åˆ™ï¼šå°†å†…å®¹åˆ†å‰²ä¸º 49 è¡Œè¿›è¡Œå¤„ç†
2025-10-21 09:50:05,549 INFO resume_processor.py:470 æœ¬åœ°è§„åˆ™ä¿¡æ¯æå–å®Œæˆ
2025-10-21 09:50:05,549 INFO test_resume_processor.py:188 âœ… æœ¬åœ°è§„åˆ™æå–æˆåŠŸ: {'name': 'å¼ ä¸‰', 'email': 'é‚®ç®±ï¼šzhangsan@example.com', 'phone': '- è‹±è¯­ï¼šæµåˆ©ï¼ˆCET-6ï¼‰', 'experience': '2020-2025 é«˜çº§AIå·¥ç¨‹å¸ˆ - è…¾è®¯ç§‘æŠ€ - è´Ÿè´£æœºå™¨å­¦ä¹ å¹³å°æ¶æ„è®¾è®¡ - ä¸»å¯¼äº†åƒä¸‡çº§ç”¨æˆ·æ¨èç³»ç»Ÿé¡¹ç›® - å›¢é˜Ÿè§„æ¨¡ï¼š15äºº 2018-2020 æœºå™¨å­¦ä¹ å·¥ç¨‹å¸ˆ - å­—èŠ‚è·³åŠ¨ - å¼€å‘äº†æ™ºèƒ½æ¨èç®—æ³• - ä¼˜åŒ–äº†æ¨¡å‹è®­ç»ƒæ•ˆç‡30% - å‚ä¸è¿‡å¤šä¸ªAIäº§å“å¼€å‘', 'education': '2016-2018 æ¸…åå¤§å­¦ è®¡ç®—æœºç§‘å­¦ä¸æŠ€æœ¯ ç¡•å£« 2012-2016 åŒ—äº¬å¤§å­¦ è®¡ç®—æœºç§‘å­¦ä¸æŠ€æœ¯ å­¦å£«', 'skills': ['ï¼š'], 'achievements': ['ï¼š'], 'projects': [], 'languages': [], 'certifications': [], 'summary': ''}
2025-10-21 09:50:05,549 INFO test_resume_processor.py:197 âœ… æœ¬åœ°è§„åˆ™ä¿¡æ¯æå–æµ‹è¯•é€šè¿‡
2025-10-21 09:50:05,549 INFO test_resume_processor.py:351 ğŸ§ª æµ‹è¯•å®‰å…¨é¢„è§ˆåŠŸèƒ½...
2025-10-21 09:50:05,549 ERROR test_resume_processor.py:358 âŒ æ­£å¸¸æ–‡æœ¬é¢„è§ˆå¤±è´¥
2025-10-21 09:50:05,550 INFO test_resume_processor.py:58 ğŸ“ åˆ›å»ºæµ‹è¯•æ–‡ä»¶...
2025-10-21 09:50:05,550 INFO test_resume_processor.py:115 âœ… åˆ›å»ºæµ‹è¯•ç®€å†æ–‡ä»¶: test_data/test_resume.txt
2025-10-21 09:50:05,550 INFO test_resume_processor.py:130 âœ… åˆ›å»ºç®€åŒ–æµ‹è¯•ç®€å†æ–‡ä»¶: test_data/simple_resume.txt
2025-10-21 09:50:05,550 INFO test_resume_processor.py:206 ğŸ§ª æµ‹è¯•LLMå®¢æˆ·ç«¯é…ç½®...
2025-10-21 09:50:05,652 INFO test_resume_processor.py:214 âœ… LLMå®¢æˆ·ç«¯åˆ›å»ºæˆåŠŸ: OpenAI
2025-10-21 09:50:05,652 INFO test_resume_processor.py:223 ğŸ§ª æµ‹è¯•AIä¿¡æ¯æå–...
2025-10-21 09:50:05,652 INFO resume_processor.py:322 å¼€å§‹AIä¿¡æ¯æå–ï¼Œè¾“å…¥å†…å®¹é•¿åº¦: 590 å­—ç¬¦
2025-10-21 09:50:05,661 INFO resume_processor.py:331 è°ƒç”¨LLMæä¾›å•†: OPENAI
2025-10-21 09:50:50,731 INFO _base_client.py:1085 Retrying request to /chat/completions in 0.450764 seconds
2025-10-21 09:51:36,208 INFO _base_client.py:1085 Retrying request to /chat/completions in 0.811638 seconds
2025-10-21 09:52:22,030 ERROR resume_processor.py:397 LLMè°ƒç”¨å¤±è´¥ï¼Œå›é€€æœ¬åœ°è§„åˆ™: Request timed out.
Traceback (most recent call last):
  File "/Users/zhuenqing/anaconda3/lib/python3.10/site-packages/httpx/_transports/default.py", line 101, in map_httpcore_exceptions
    yield
  File "/Users/zhuenqing/anaconda3/lib/python3.10/site-packages/httpx/_transports/default.py", line 250, in handle_request
    resp = self._pool.handle_request(req)
  File "/Users/zhuenqing/anaconda3/lib/python3.10/site-packages/httpcore/_sync/connection_pool.py", line 256, in handle_request
    raise exc from None
  File "/Users/zhuenqing/anaconda3/lib/python3.10/site-packages/httpcore/_sync/connection_pool.py", line 236, in handle_request
    response = connection.handle_request(
  File "/Users/zhuenqing/anaconda3/lib/python3.10/site-packages/httpcore/_sync/connection.py", line 101, in handle_request
    raise exc
  File "/Users/zhuenqing/anaconda3/lib/python3.10/site-packages/httpcore/_sync/connection.py", line 78, in handle_request
    stream = self._connect(request)
  File "/Users/zhuenqing/anaconda3/lib/python3.10/site-packages/httpcore/_sync/connection.py", line 124, in _connect
    stream = self._network_backend.connect_tcp(**kwargs)
  File "/Users/zhuenqing/anaconda3/lib/python3.10/site-packages/httpcore/_backends/sync.py", line 207, in connect_tcp
    with map_exceptions(exc_map):
  File "/Users/zhuenqing/anaconda3/lib/python3.10/contextlib.py", line 153, in __exit__
    self.gen.throw(typ, value, traceback)
  File "/Users/zhuenqing/anaconda3/lib/python3.10/site-packages/httpcore/_exceptions.py", line 14, in map_exceptions
    raise to_exc(exc) from exc
httpcore.ConnectTimeout: timed out

The above exception was the direct cause of the following exception:

Traceback (most recent call last):
  File "/Users/zhuenqing/anaconda3/lib/python3.10/site-packages/openai/_base_client.py", line 989, in _request
    response = self._client.send(
  File "/Users/zhuenqing/anaconda3/lib/python3.10/site-packages/httpx/_client.py", line 914, in send
    response = self._send_handling_auth(
  File "/Users/zhuenqing/anaconda3/lib/python3.10/site-packages/httpx/_client.py", line 942, in _send_handling_auth
    response = self._send_handling_redirects(
  File "/Users/zhuenqing/anaconda3/lib/python3.10/site-packages/httpx/_client.py", line 979, in _send_handling_redirects
    response = self._send_single_request(request)
  File "/Users/zhuenqing/anaconda3/lib/python3.10/site-packages/httpx/_client.py", line 1014, in _send_single_request
    response = transport.handle_request(request)
  File "/Users/zhuenqing/anaconda3/lib/python3.10/site-packages/httpx/_transports/default.py", line 249, in handle_request
    with map_httpcore_exceptions():
  File "/Users/zhuenqing/anaconda3/lib/python3.10/contextlib.py", line 153, in __exit__
    self.gen.throw(typ, value, traceback)
  File "/Users/zhuenqing/anaconda3/lib/python3.10/site-packages/httpx/_transports/default.py", line 118, in map_httpcore_exceptions
    raise mapped_exc(message) from exc
httpx.ConnectTimeout: timed out

The above exception was the direct cause of the following exception:

Traceback (most recent call last):
  File "/Users/zhuenqing/workspace/lisa/gtv-visa-assessment/ace_gtv/resume_processor.py", line 352, in call_ai_for_extraction
    response = client.chat.completions.create(
  File "/Users/zhuenqing/anaconda3/lib/python3.10/site-packages/openai/_utils/_utils.py", line 279, in wrapper
    return func(*args, **kwargs)
  File "/Users/zhuenqing/anaconda3/lib/python3.10/site-packages/openai/resources/chat/completions/completions.py", line 929, in create
    return self._post(
  File "/Users/zhuenqing/anaconda3/lib/python3.10/site-packages/openai/_base_client.py", line 1276, in post
    return cast(ResponseT, self.request(cast_to, opts, stream=stream, stream_cls=stream_cls))
  File "/Users/zhuenqing/anaconda3/lib/python3.10/site-packages/openai/_base_client.py", line 949, in request
    return self._request(
  File "/Users/zhuenqing/anaconda3/lib/python3.10/site-packages/openai/_base_client.py", line 998, in _request
    return self._retry_request(
  File "/Users/zhuenqing/anaconda3/lib/python3.10/site-packages/openai/_base_client.py", line 1091, in _retry_request
    return self._request(
  File "/Users/zhuenqing/anaconda3/lib/python3.10/site-packages/openai/_base_client.py", line 998, in _request
    return self._retry_request(
  File "/Users/zhuenqing/anaconda3/lib/python3.10/site-packages/openai/_base_client.py", line 1091, in _retry_request
    return self._request(
  File "/Users/zhuenqing/anaconda3/lib/python3.10/site-packages/openai/_base_client.py", line 1008, in _request
    raise APITimeoutError(request=request) from err
openai.APITimeoutError: Request timed out.
2025-10-21 09:52:22,041 INFO resume_processor.py:403 æ‰§è¡Œæœ¬åœ°è§„åˆ™ä¿¡æ¯æå–
2025-10-21 09:52:22,041 INFO resume_processor.py:406 å›é€€è§„åˆ™ï¼šå°†å†…å®¹åˆ†å‰²ä¸º 49 è¡Œè¿›è¡Œå¤„ç†
2025-10-21 09:52:22,041 INFO resume_processor.py:470 æœ¬åœ°è§„åˆ™ä¿¡æ¯æå–å®Œæˆ
2025-10-21 09:52:22,041 INFO test_resume_processor.py:237 âœ… AIä¿¡æ¯æå–æˆåŠŸ: {'name': 'å¼ ä¸‰', 'email': 'é‚®ç®±ï¼šzhangsan@example.com', 'phone': '- è‹±è¯­ï¼šæµåˆ©ï¼ˆCET-6ï¼‰', 'experience': '2020-2025 é«˜çº§AIå·¥ç¨‹å¸ˆ - è…¾è®¯ç§‘æŠ€ - è´Ÿè´£æœºå™¨å­¦ä¹ å¹³å°æ¶æ„è®¾è®¡ - ä¸»å¯¼äº†åƒä¸‡çº§ç”¨æˆ·æ¨èç³»ç»Ÿé¡¹ç›® - å›¢é˜Ÿè§„æ¨¡ï¼š15äºº 2018-2020 æœºå™¨å­¦ä¹ å·¥ç¨‹å¸ˆ - å­—èŠ‚è·³åŠ¨ - å¼€å‘äº†æ™ºèƒ½æ¨èç®—æ³• - ä¼˜åŒ–äº†æ¨¡å‹è®­ç»ƒæ•ˆç‡30% - å‚ä¸è¿‡å¤šä¸ªAIäº§å“å¼€å‘', 'education': '2016-2018 æ¸…åå¤§å­¦ è®¡ç®—æœºç§‘å­¦ä¸æŠ€æœ¯ ç¡•å£« 2012-2016 åŒ—äº¬å¤§å­¦ è®¡ç®—æœºç§‘å­¦ä¸æŠ€æœ¯ å­¦å£«', 'skills': ['ï¼š'], 'achievements': ['ï¼š'], 'projects': [], 'languages': [], 'certifications': [], 'summary': ''}
2025-10-21 09:52:22,041 INFO test_resume_processor.py:246 âœ… AIä¿¡æ¯æå–æµ‹è¯•é€šè¿‡
2025-10-21 09:52:22,041 INFO test_resume_processor.py:58 ğŸ“ åˆ›å»ºæµ‹è¯•æ–‡ä»¶...
2025-10-21 09:52:22,042 INFO test_resume_processor.py:115 âœ… åˆ›å»ºæµ‹è¯•ç®€å†æ–‡ä»¶: test_data/test_resume.txt
2025-10-21 09:52:22,042 INFO test_resume_processor.py:130 âœ… åˆ›å»ºç®€åŒ–æµ‹è¯•ç®€å†æ–‡ä»¶: test_data/simple_resume.txt
2025-10-21 09:52:22,042 INFO test_resume_processor.py:255 ğŸ§ª æµ‹è¯•çŸ¥è¯†åº“åˆ›å»º...
2025-10-21 09:52:22,042 INFO resume_processor.py:322 å¼€å§‹AIä¿¡æ¯æå–ï¼Œè¾“å…¥å†…å®¹é•¿åº¦: 590 å­—ç¬¦
2025-10-21 09:52:22,053 INFO resume_processor.py:331 è°ƒç”¨LLMæä¾›å•†: OPENAI
2025-10-21 09:53:07,065 INFO _base_client.py:1085 Retrying request to /chat/completions in 0.390704 seconds
2025-10-21 09:53:18,656 INFO test_resume_processor.py:98 ğŸ“ åˆ›å»ºæµ‹è¯•æ–‡ä»¶...
2025-10-21 09:53:18,657 INFO test_resume_processor.py:155 âœ… åˆ›å»ºæµ‹è¯•ç®€å†æ–‡ä»¶: test_data/test_resume.txt
2025-10-21 09:53:18,657 INFO test_resume_processor.py:170 âœ… åˆ›å»ºç®€åŒ–æµ‹è¯•ç®€å†æ–‡ä»¶: test_data/simple_resume.txt
2025-10-21 09:53:18,657 INFO test_resume_processor.py:179 ğŸ§ª æµ‹è¯•æ–‡æœ¬æå–åŠŸèƒ½...
2025-10-21 09:53:18,657 INFO resume_processor.py:199 å¼€å§‹æå–æ–‡ä»¶æ–‡æœ¬å†…å®¹: test_data/test_resume.txt
2025-10-21 09:53:18,657 INFO resume_processor.py:208 æ–‡ä»¶å¤§å°: 1158 bytes
2025-10-21 09:53:18,657 INFO resume_processor.py:235 å°è¯•ä½¿ç”¨ 6 ç§ç¼–ç æ ¼å¼è¯»å–æ–‡ä»¶
2025-10-21 09:53:18,657 INFO resume_processor.py:242 æˆåŠŸä½¿ç”¨ utf-8 ç¼–ç è¯»å–æ–‡ä»¶ï¼Œå†…å®¹é•¿åº¦: 590 å­—ç¬¦
2025-10-21 09:53:18,658 INFO resume_processor.py:190 å·²ä¿å­˜Markdownå†…å®¹: test_data/test_resume.md
2025-10-21 09:53:18,658 INFO test_resume_processor.py:187 âœ… è¯¦ç»†ç®€å†æ–‡æœ¬æå–æˆåŠŸï¼Œé•¿åº¦: 590 å­—ç¬¦
2025-10-21 09:53:18,658 INFO resume_processor.py:199 å¼€å§‹æå–æ–‡ä»¶æ–‡æœ¬å†…å®¹: test_data/simple_resume.txt
2025-10-21 09:53:18,658 INFO resume_processor.py:208 æ–‡ä»¶å¤§å°: 161 bytes
2025-10-21 09:53:18,658 INFO resume_processor.py:235 å°è¯•ä½¿ç”¨ 6 ç§ç¼–ç æ ¼å¼è¯»å–æ–‡ä»¶
2025-10-21 09:53:18,658 INFO resume_processor.py:242 æˆåŠŸä½¿ç”¨ utf-8 ç¼–ç è¯»å–æ–‡ä»¶ï¼Œå†…å®¹é•¿åº¦: 89 å­—ç¬¦
2025-10-21 09:53:18,658 INFO resume_processor.py:190 å·²ä¿å­˜Markdownå†…å®¹: test_data/simple_resume.md
2025-10-21 09:53:18,658 INFO test_resume_processor.py:194 âœ… ç®€åŒ–ç®€å†æ–‡æœ¬æå–æˆåŠŸï¼Œé•¿åº¦: 89 å­—ç¬¦
2025-10-21 09:53:18,658 INFO test_resume_processor.py:205 âœ… æ–‡æœ¬æå–åŠŸèƒ½æµ‹è¯•é€šè¿‡
2025-10-21 09:53:18,658 INFO test_resume_processor.py:214 ğŸ§ª æµ‹è¯•æœ¬åœ°è§„åˆ™ä¿¡æ¯æå–...
2025-10-21 09:53:18,658 INFO resume_processor.py:403 æ‰§è¡Œæœ¬åœ°è§„åˆ™ä¿¡æ¯æå–
2025-10-21 09:53:18,659 INFO resume_processor.py:406 å›é€€è§„åˆ™ï¼šå°†å†…å®¹åˆ†å‰²ä¸º 49 è¡Œè¿›è¡Œå¤„ç†
2025-10-21 09:53:18,659 INFO resume_processor.py:470 æœ¬åœ°è§„åˆ™ä¿¡æ¯æå–å®Œæˆ
2025-10-21 09:53:18,659 INFO test_resume_processor.py:228 âœ… æœ¬åœ°è§„åˆ™æå–æˆåŠŸ: {'name': 'å¼ ä¸‰', 'email': 'é‚®ç®±ï¼šzhangsan@example.com', 'phone': '- è‹±è¯­ï¼šæµåˆ©ï¼ˆCET-6ï¼‰', 'experience': '2020-2025 é«˜çº§AIå·¥ç¨‹å¸ˆ - è…¾è®¯ç§‘æŠ€ - è´Ÿè´£æœºå™¨å­¦ä¹ å¹³å°æ¶æ„è®¾è®¡ - ä¸»å¯¼äº†åƒä¸‡çº§ç”¨æˆ·æ¨èç³»ç»Ÿé¡¹ç›® - å›¢é˜Ÿè§„æ¨¡ï¼š15äºº 2018-2020 æœºå™¨å­¦ä¹ å·¥ç¨‹å¸ˆ - å­—èŠ‚è·³åŠ¨ - å¼€å‘äº†æ™ºèƒ½æ¨èç®—æ³• - ä¼˜åŒ–äº†æ¨¡å‹è®­ç»ƒæ•ˆç‡30% - å‚ä¸è¿‡å¤šä¸ªAIäº§å“å¼€å‘', 'education': '2016-2018 æ¸…åå¤§å­¦ è®¡ç®—æœºç§‘å­¦ä¸æŠ€æœ¯ ç¡•å£« 2012-2016 åŒ—äº¬å¤§å­¦ è®¡ç®—æœºç§‘å­¦ä¸æŠ€æœ¯ å­¦å£«', 'skills': ['ï¼š'], 'achievements': ['ï¼š'], 'projects': [], 'languages': [], 'certifications': [], 'summary': ''}
2025-10-21 09:53:18,659 INFO test_resume_processor.py:237 âœ… æœ¬åœ°è§„åˆ™ä¿¡æ¯æå–æµ‹è¯•é€šè¿‡
2025-10-21 09:53:18,659 INFO test_resume_processor.py:391 ğŸ§ª æµ‹è¯•å®‰å…¨é¢„è§ˆåŠŸèƒ½...
2025-10-21 09:53:18,659 ERROR test_resume_processor.py:398 âŒ æ­£å¸¸æ–‡æœ¬é¢„è§ˆå¤±è´¥
2025-10-21 09:53:18,659 INFO test_resume_processor.py:98 ğŸ“ åˆ›å»ºæµ‹è¯•æ–‡ä»¶...
2025-10-21 09:53:18,659 INFO test_resume_processor.py:155 âœ… åˆ›å»ºæµ‹è¯•ç®€å†æ–‡ä»¶: test_data/test_resume.txt
2025-10-21 09:53:18,659 INFO test_resume_processor.py:170 âœ… åˆ›å»ºç®€åŒ–æµ‹è¯•ç®€å†æ–‡ä»¶: test_data/simple_resume.txt
2025-10-21 09:53:18,659 INFO test_resume_processor.py:246 ğŸ§ª æµ‹è¯•LLMå®¢æˆ·ç«¯é…ç½®...
2025-10-21 09:53:18,659 ERROR test_resume_processor.py:258 âŒ LLMå®¢æˆ·ç«¯æµ‹è¯•å¤±è´¥: OpenAI.__init__() got an unexpected keyword argument 'api_version'
2025-10-21 09:53:18,659 INFO test_resume_processor.py:98 ğŸ“ åˆ›å»ºæµ‹è¯•æ–‡ä»¶...
2025-10-21 09:53:18,660 INFO test_resume_processor.py:155 âœ… åˆ›å»ºæµ‹è¯•ç®€å†æ–‡ä»¶: test_data/test_resume.txt
2025-10-21 09:53:18,660 INFO test_resume_processor.py:170 âœ… åˆ›å»ºç®€åŒ–æµ‹è¯•ç®€å†æ–‡ä»¶: test_data/simple_resume.txt
2025-10-21 09:53:18,660 INFO test_resume_processor.py:295 ğŸ§ª æµ‹è¯•çŸ¥è¯†åº“åˆ›å»º...
2025-10-21 09:53:18,660 INFO resume_processor.py:322 å¼€å§‹AIä¿¡æ¯æå–ï¼Œè¾“å…¥å†…å®¹é•¿åº¦: 590 å­—ç¬¦
2025-10-21 09:53:18,660 ERROR test_resume_processor.py:336 âŒ çŸ¥è¯†åº“åˆ›å»ºæµ‹è¯•å¤±è´¥: OpenAI.__init__() got an unexpected keyword argument 'api_version'
2025-10-21 09:53:37,152 INFO test_resume_processor.py:476 ğŸ§¹ æ¸…ç†æµ‹è¯•æ•°æ®...
2025-10-21 09:53:37,156 INFO test_resume_processor.py:483 âœ… æµ‹è¯•æ–‡ä»¶æ¸…ç†å®Œæˆ
2025-10-21 09:53:37,159 INFO test_resume_processor.py:504 âœ… æ¸…ç†æµ‹è¯•æ¡ç›®: test_persistence
2025-10-21 09:53:37,159 INFO test_resume_processor.py:504 âœ… æ¸…ç†æµ‹è¯•æ¡ç›®: æµ‹è¯•ç®€å†å†…å®¹2_skill_1
2025-10-21 09:53:37,159 INFO test_resume_processor.py:504 âœ… æ¸…ç†æµ‹è¯•æ¡ç›®: æµ‹è¯•ç®€å†å†…å®¹2_skill_2
2025-10-21 09:53:37,159 INFO test_resume_processor.py:504 âœ… æ¸…ç†æµ‹è¯•æ¡ç›®: æµ‹è¯•ç®€å†å†…å®¹2_skill_3
2025-10-21 09:53:37,160 INFO test_resume_processor.py:504 âœ… æ¸…ç†æµ‹è¯•æ¡ç›®: æµ‹è¯•ç®€å†å†…å®¹3_skill_1
2025-10-21 09:53:37,160 INFO test_resume_processor.py:504 âœ… æ¸…ç†æµ‹è¯•æ¡ç›®: æµ‹è¯•ç®€å†å†…å®¹3_skill_2
2025-10-21 09:53:37,160 INFO test_resume_processor.py:504 âœ… æ¸…ç†æµ‹è¯•æ¡ç›®: æµ‹è¯•ç®€å†å†…å®¹3_skill_3
2025-10-21 09:53:37,160 INFO test_resume_processor.py:504 âœ… æ¸…ç†æµ‹è¯•æ¡ç›®: æµ‹è¯•ç®€å†å†…å®¹_skill_1
2025-10-21 09:53:37,160 INFO test_resume_processor.py:504 âœ… æ¸…ç†æµ‹è¯•æ¡ç›®: æµ‹è¯•ç®€å†å†…å®¹_skill_2
2025-10-21 09:53:37,160 INFO test_resume_processor.py:504 âœ… æ¸…ç†æµ‹è¯•æ¡ç›®: æµ‹è¯•ç®€å†å†…å®¹_skill_3
2025-10-21 09:53:37,161 INFO test_resume_processor.py:509 âœ… ä¸»çŸ¥è¯†åº“æ¸…ç†å®Œæˆ
2025-10-21 09:53:52,474 INFO _base_client.py:1085 Retrying request to /chat/completions in 0.804577 seconds
2025-10-21 09:54:38,299 ERROR resume_processor.py:397 LLMè°ƒç”¨å¤±è´¥ï¼Œå›é€€æœ¬åœ°è§„åˆ™: Request timed out.
Traceback (most recent call last):
  File "/Users/zhuenqing/anaconda3/lib/python3.10/site-packages/httpx/_transports/default.py", line 101, in map_httpcore_exceptions
    yield
  File "/Users/zhuenqing/anaconda3/lib/python3.10/site-packages/httpx/_transports/default.py", line 250, in handle_request
    resp = self._pool.handle_request(req)
  File "/Users/zhuenqing/anaconda3/lib/python3.10/site-packages/httpcore/_sync/connection_pool.py", line 256, in handle_request
    raise exc from None
  File "/Users/zhuenqing/anaconda3/lib/python3.10/site-packages/httpcore/_sync/connection_pool.py", line 236, in handle_request
    response = connection.handle_request(
  File "/Users/zhuenqing/anaconda3/lib/python3.10/site-packages/httpcore/_sync/connection.py", line 101, in handle_request
    raise exc
  File "/Users/zhuenqing/anaconda3/lib/python3.10/site-packages/httpcore/_sync/connection.py", line 78, in handle_request
    stream = self._connect(request)
  File "/Users/zhuenqing/anaconda3/lib/python3.10/site-packages/httpcore/_sync/connection.py", line 124, in _connect
    stream = self._network_backend.connect_tcp(**kwargs)
  File "/Users/zhuenqing/anaconda3/lib/python3.10/site-packages/httpcore/_backends/sync.py", line 207, in connect_tcp
    with map_exceptions(exc_map):
  File "/Users/zhuenqing/anaconda3/lib/python3.10/contextlib.py", line 153, in __exit__
    self.gen.throw(typ, value, traceback)
  File "/Users/zhuenqing/anaconda3/lib/python3.10/site-packages/httpcore/_exceptions.py", line 14, in map_exceptions
    raise to_exc(exc) from exc
httpcore.ConnectTimeout: timed out

The above exception was the direct cause of the following exception:

Traceback (most recent call last):
  File "/Users/zhuenqing/anaconda3/lib/python3.10/site-packages/openai/_base_client.py", line 989, in _request
    response = self._client.send(
  File "/Users/zhuenqing/anaconda3/lib/python3.10/site-packages/httpx/_client.py", line 914, in send
    response = self._send_handling_auth(
  File "/Users/zhuenqing/anaconda3/lib/python3.10/site-packages/httpx/_client.py", line 942, in _send_handling_auth
    response = self._send_handling_redirects(
  File "/Users/zhuenqing/anaconda3/lib/python3.10/site-packages/httpx/_client.py", line 979, in _send_handling_redirects
    response = self._send_single_request(request)
  File "/Users/zhuenqing/anaconda3/lib/python3.10/site-packages/httpx/_client.py", line 1014, in _send_single_request
    response = transport.handle_request(request)
  File "/Users/zhuenqing/anaconda3/lib/python3.10/site-packages/httpx/_transports/default.py", line 249, in handle_request
    with map_httpcore_exceptions():
  File "/Users/zhuenqing/anaconda3/lib/python3.10/contextlib.py", line 153, in __exit__
    self.gen.throw(typ, value, traceback)
  File "/Users/zhuenqing/anaconda3/lib/python3.10/site-packages/httpx/_transports/default.py", line 118, in map_httpcore_exceptions
    raise mapped_exc(message) from exc
httpx.ConnectTimeout: timed out

The above exception was the direct cause of the following exception:

Traceback (most recent call last):
  File "/Users/zhuenqing/workspace/lisa/gtv-visa-assessment/ace_gtv/resume_processor.py", line 352, in call_ai_for_extraction
    raise ValueError("Azure OpenAIéœ€è¦é…ç½®AZURE_OPENAI_DEPLOYMENT")
  File "/Users/zhuenqing/anaconda3/lib/python3.10/site-packages/openai/_utils/_utils.py", line 279, in wrapper
    return func(*args, **kwargs)
  File "/Users/zhuenqing/anaconda3/lib/python3.10/site-packages/openai/resources/chat/completions/completions.py", line 929, in create
    return self._post(
  File "/Users/zhuenqing/anaconda3/lib/python3.10/site-packages/openai/_base_client.py", line 1276, in post
    return cast(ResponseT, self.request(cast_to, opts, stream=stream, stream_cls=stream_cls))
  File "/Users/zhuenqing/anaconda3/lib/python3.10/site-packages/openai/_base_client.py", line 949, in request
    return self._request(
  File "/Users/zhuenqing/anaconda3/lib/python3.10/site-packages/openai/_base_client.py", line 998, in _request
    return self._retry_request(
  File "/Users/zhuenqing/anaconda3/lib/python3.10/site-packages/openai/_base_client.py", line 1091, in _retry_request
    return self._request(
  File "/Users/zhuenqing/anaconda3/lib/python3.10/site-packages/openai/_base_client.py", line 998, in _request
    return self._retry_request(
  File "/Users/zhuenqing/anaconda3/lib/python3.10/site-packages/openai/_base_client.py", line 1091, in _retry_request
    return self._request(
  File "/Users/zhuenqing/anaconda3/lib/python3.10/site-packages/openai/_base_client.py", line 1008, in _request
    raise APITimeoutError(request=request) from err
openai.APITimeoutError: Request timed out.
2025-10-21 09:54:38,302 INFO resume_processor.py:403 æ‰§è¡Œæœ¬åœ°è§„åˆ™ä¿¡æ¯æå–
2025-10-21 09:54:38,302 INFO resume_processor.py:406 å›é€€è§„åˆ™ï¼šå°†å†…å®¹åˆ†å‰²ä¸º 49 è¡Œè¿›è¡Œå¤„ç†
2025-10-21 09:54:38,302 INFO resume_processor.py:470 æœ¬åœ°è§„åˆ™ä¿¡æ¯æå–å®Œæˆ
2025-10-21 09:54:38,303 INFO resume_processor.py:478 å¼€å§‹ä¸º å¼ ä¸‰ åˆ›å»ºä¸ªäººçŸ¥è¯†åº“
2025-10-21 09:54:38,303 INFO resume_processor.py:479 æå–çš„ä¿¡æ¯: {'name': 'å¼ ä¸‰', 'email': 'é‚®ç®±ï¼šzhangsan@example.com', 'phone': '- è‹±è¯­ï¼šæµåˆ©ï¼ˆCET-6ï¼‰', 'experience': '2020-2025 é«˜çº§AIå·¥ç¨‹å¸ˆ - è…¾è®¯ç§‘æŠ€ - è´Ÿè´£æœºå™¨å­¦ä¹ å¹³å°æ¶æ„è®¾è®¡ - ä¸»å¯¼äº†åƒä¸‡çº§ç”¨æˆ·æ¨èç³»ç»Ÿé¡¹ç›® - å›¢é˜Ÿè§„æ¨¡ï¼š15äºº 2018-2020 æœºå™¨å­¦ä¹ å·¥ç¨‹å¸ˆ - å­—èŠ‚è·³åŠ¨ - å¼€å‘äº†æ™ºèƒ½æ¨èç®—æ³• - ä¼˜åŒ–äº†æ¨¡å‹è®­ç»ƒæ•ˆç‡30% - å‚ä¸è¿‡å¤šä¸ªAIäº§å“å¼€å‘', 'education': '2016-2018 æ¸…åå¤§å­¦ è®¡ç®—æœºç§‘å­¦ä¸æŠ€æœ¯ ç¡•å£« 2012-2016 åŒ—äº¬å¤§å­¦ è®¡ç®—æœºç§‘å­¦ä¸æŠ€æœ¯ å­¦å£«', 'skills': ['ï¼š'], 'achievements': ['ï¼š'], 'projects': [], 'languages': [], 'certifications': [], 'summary': ''}
2025-10-21 09:54:38,304 INFO resume_processor.py:484 åˆ›å»ºä¸ªäººçŸ¥è¯†åº“ç›®å½•: personal_kb
2025-10-21 09:54:38,304 INFO resume_processor.py:486 ä¸ªäººçŸ¥è¯†åº“ç›®å½•åˆ›å»ºæˆåŠŸ
2025-10-21 09:54:38,304 INFO resume_processor.py:496 åˆå§‹åŒ–ä¸ªäººä¿¡æ¯ç»“æ„
2025-10-21 09:54:38,304 INFO resume_processor.py:500 å¼€å§‹æ ¹æ®æå–çš„ä¿¡æ¯åˆ›å»ºçŸ¥è¯†æ¡ç›®
2025-10-21 09:54:38,304 INFO resume_processor.py:512 åˆ›å»ºå·¥ä½œç»éªŒçŸ¥è¯†æ¡ç›®: å¼ ä¸‰_exp_1
2025-10-21 09:54:38,304 INFO resume_processor.py:524 åˆ›å»ºæ•™è‚²èƒŒæ™¯çŸ¥è¯†æ¡ç›®: å¼ ä¸‰_edu_1
2025-10-21 09:54:38,304 INFO resume_processor.py:527 åˆ›å»ºæŠ€èƒ½çŸ¥è¯†æ¡ç›®ï¼ŒæŠ€èƒ½æ•°é‡: 1
2025-10-21 09:54:38,304 INFO resume_processor.py:538 åˆ›å»ºæŠ€èƒ½çŸ¥è¯†æ¡ç›® 1: å¼ ä¸‰_skill_1 - ï¼š
2025-10-21 09:54:38,304 INFO resume_processor.py:541 åˆ›å»ºæˆå°±çŸ¥è¯†æ¡ç›®ï¼Œæˆå°±æ•°é‡: 1
2025-10-21 09:54:38,304 INFO resume_processor.py:552 åˆ›å»ºæˆå°±çŸ¥è¯†æ¡ç›® 1: å¼ ä¸‰_ach_1 - ï¼š
2025-10-21 09:54:38,304 INFO resume_processor.py:555 çŸ¥è¯†æ¡ç›®åˆ›å»ºå®Œæˆï¼Œæ€»è®¡ 4 ä¸ªæ¡ç›®
2025-10-21 09:54:38,304 INFO resume_processor.py:559 ä¿å­˜ä¸ªäººçŸ¥è¯†åº“åˆ°æ–‡ä»¶: personal_kb/personal_info.json
2025-10-21 09:54:38,305 INFO resume_processor.py:562 ä¸ªäººçŸ¥è¯†åº“æ–‡ä»¶ä¿å­˜æˆåŠŸ
2025-10-21 09:54:38,305 INFO resume_processor.py:564 ä¸º å¼ ä¸‰ åˆ›å»ºäº†ä¸ªäººçŸ¥è¯†åº“ï¼ŒåŒ…å« 4 ä¸ªçŸ¥è¯†æ¡ç›®
2025-10-21 09:54:38,305 INFO test_resume_processor.py:276 âœ… ä¸ªäººçŸ¥è¯†åº“åˆ›å»ºæˆåŠŸ: personal_kb
2025-10-21 09:54:38,306 INFO test_resume_processor.py:291 âœ… ä¸ªäººçŸ¥è¯†åº“åŒ…å« 4 ä¸ªçŸ¥è¯†æ¡ç›®
2025-10-21 09:54:38,306 INFO test_resume_processor.py:292 âœ… çŸ¥è¯†åº“åˆ›å»ºæµ‹è¯•é€šè¿‡
2025-10-21 09:54:38,306 INFO test_resume_processor.py:301 ğŸ§ª æµ‹è¯•ä¸»çŸ¥è¯†åº“æ›´æ–°...
2025-10-21 09:54:38,306 ERROR test_resume_processor.py:346 âŒ ä¸»çŸ¥è¯†åº“æ›´æ–°æµ‹è¯•å¤±è´¥: [Errno 2] No such file or directory: 'test_data/test_resume.txt'
2025-10-21 16:15:23,740 INFO test_resume_processor.py:527 ğŸ” æ£€æŸ¥è¿è¡Œç¯å¢ƒ...
2025-10-21 16:15:23,740 INFO test_resume_processor.py:533 âœ… ç¡®ä¿ç›®å½•å­˜åœ¨: data
2025-10-21 16:15:23,741 INFO test_resume_processor.py:533 âœ… ç¡®ä¿ç›®å½•å­˜åœ¨: personal_kb
2025-10-21 16:15:23,741 INFO test_resume_processor.py:431 ğŸš€ å¼€å§‹è¿è¡Œç®€å†å¤„ç†å™¨æµ‹è¯•å¥—ä»¶...
2025-10-21 16:15:23,741 INFO test_resume_processor.py:98 ğŸ“ åˆ›å»ºæµ‹è¯•æ–‡ä»¶...
2025-10-21 16:15:23,741 INFO test_resume_processor.py:155 âœ… åˆ›å»ºæµ‹è¯•ç®€å†æ–‡ä»¶: test_data/test_resume.txt
2025-10-21 16:15:23,741 INFO test_resume_processor.py:170 âœ… åˆ›å»ºç®€åŒ–æµ‹è¯•ç®€å†æ–‡ä»¶: test_data/simple_resume.txt
2025-10-21 16:15:23,741 INFO test_resume_processor.py:451 
==================================================
2025-10-21 16:15:23,741 INFO test_resume_processor.py:452 ğŸ§ª è¿è¡Œæµ‹è¯•: æ–‡æœ¬æå–åŠŸèƒ½
2025-10-21 16:15:23,741 INFO test_resume_processor.py:453 ==================================================
2025-10-21 16:15:23,741 INFO test_resume_processor.py:179 ğŸ§ª æµ‹è¯•æ–‡æœ¬æå–åŠŸèƒ½...
2025-10-21 16:15:23,741 INFO resume_processor.py:202 å¼€å§‹æå–æ–‡ä»¶æ–‡æœ¬å†…å®¹: test_data/test_resume.txt
2025-10-21 16:15:23,741 INFO resume_processor.py:211 æ–‡ä»¶å¤§å°: 1158 bytes
2025-10-21 16:15:23,741 INFO resume_processor.py:238 å°è¯•ä½¿ç”¨ 6 ç§ç¼–ç æ ¼å¼è¯»å–æ–‡ä»¶
2025-10-21 16:15:23,741 INFO resume_processor.py:245 æˆåŠŸä½¿ç”¨ utf-8 ç¼–ç è¯»å–æ–‡ä»¶ï¼Œå†…å®¹é•¿åº¦: 590 å­—ç¬¦
2025-10-21 16:15:23,742 INFO resume_processor.py:193 å·²ä¿å­˜Markdownå†…å®¹: test_data/test_resume.md
2025-10-21 16:15:23,742 INFO test_resume_processor.py:187 âœ… è¯¦ç»†ç®€å†æ–‡æœ¬æå–æˆåŠŸï¼Œé•¿åº¦: 590 å­—ç¬¦
2025-10-21 16:15:23,742 INFO resume_processor.py:202 å¼€å§‹æå–æ–‡ä»¶æ–‡æœ¬å†…å®¹: test_data/simple_resume.txt
2025-10-21 16:15:23,742 INFO resume_processor.py:211 æ–‡ä»¶å¤§å°: 161 bytes
2025-10-21 16:15:23,742 INFO resume_processor.py:238 å°è¯•ä½¿ç”¨ 6 ç§ç¼–ç æ ¼å¼è¯»å–æ–‡ä»¶
2025-10-21 16:15:23,742 INFO resume_processor.py:245 æˆåŠŸä½¿ç”¨ utf-8 ç¼–ç è¯»å–æ–‡ä»¶ï¼Œå†…å®¹é•¿åº¦: 89 å­—ç¬¦
2025-10-21 16:15:23,742 INFO resume_processor.py:193 å·²ä¿å­˜Markdownå†…å®¹: test_data/simple_resume.md
2025-10-21 16:15:23,742 INFO test_resume_processor.py:194 âœ… ç®€åŒ–ç®€å†æ–‡æœ¬æå–æˆåŠŸï¼Œé•¿åº¦: 89 å­—ç¬¦
2025-10-21 16:15:23,742 INFO test_resume_processor.py:205 âœ… æ–‡æœ¬æå–åŠŸèƒ½æµ‹è¯•é€šè¿‡
2025-10-21 16:15:23,742 INFO test_resume_processor.py:458 âœ… æ–‡æœ¬æå–åŠŸèƒ½ - é€šè¿‡
2025-10-21 16:15:23,742 INFO test_resume_processor.py:451 
==================================================
2025-10-21 16:15:23,742 INFO test_resume_processor.py:452 ğŸ§ª è¿è¡Œæµ‹è¯•: æœ¬åœ°è§„åˆ™ä¿¡æ¯æå–
2025-10-21 16:15:23,742 INFO test_resume_processor.py:453 ==================================================
2025-10-21 16:15:23,742 INFO test_resume_processor.py:214 ğŸ§ª æµ‹è¯•æœ¬åœ°è§„åˆ™ä¿¡æ¯æå–...
2025-10-21 16:15:23,742 INFO resume_processor.py:406 æ‰§è¡Œæœ¬åœ°è§„åˆ™ä¿¡æ¯æå–
2025-10-21 16:15:23,742 INFO resume_processor.py:409 å›é€€è§„åˆ™ï¼šå°†å†…å®¹åˆ†å‰²ä¸º 49 è¡Œè¿›è¡Œå¤„ç†
2025-10-21 16:15:23,743 INFO resume_processor.py:473 æœ¬åœ°è§„åˆ™ä¿¡æ¯æå–å®Œæˆ
2025-10-21 16:15:23,743 INFO test_resume_processor.py:228 âœ… æœ¬åœ°è§„åˆ™æå–æˆåŠŸ: {'name': 'å¼ ä¸‰', 'email': 'é‚®ç®±ï¼šzhangsan@example.com', 'phone': '- è‹±è¯­ï¼šæµåˆ©ï¼ˆCET-6ï¼‰', 'experience': '2020-2025 é«˜çº§AIå·¥ç¨‹å¸ˆ - è…¾è®¯ç§‘æŠ€ - è´Ÿè´£æœºå™¨å­¦ä¹ å¹³å°æ¶æ„è®¾è®¡ - ä¸»å¯¼äº†åƒä¸‡çº§ç”¨æˆ·æ¨èç³»ç»Ÿé¡¹ç›® - å›¢é˜Ÿè§„æ¨¡ï¼š15äºº 2018-2020 æœºå™¨å­¦ä¹ å·¥ç¨‹å¸ˆ - å­—èŠ‚è·³åŠ¨ - å¼€å‘äº†æ™ºèƒ½æ¨èç®—æ³• - ä¼˜åŒ–äº†æ¨¡å‹è®­ç»ƒæ•ˆç‡30% - å‚ä¸è¿‡å¤šä¸ªAIäº§å“å¼€å‘', 'education': '2016-2018 æ¸…åå¤§å­¦ è®¡ç®—æœºç§‘å­¦ä¸æŠ€æœ¯ ç¡•å£« 2012-2016 åŒ—äº¬å¤§å­¦ è®¡ç®—æœºç§‘å­¦ä¸æŠ€æœ¯ å­¦å£«', 'skills': ['ï¼š'], 'achievements': ['ï¼š'], 'projects': [], 'languages': [], 'certifications': [], 'summary': ''}
2025-10-21 16:15:23,743 INFO test_resume_processor.py:237 âœ… æœ¬åœ°è§„åˆ™ä¿¡æ¯æå–æµ‹è¯•é€šè¿‡
2025-10-21 16:15:23,743 INFO test_resume_processor.py:458 âœ… æœ¬åœ°è§„åˆ™ä¿¡æ¯æå– - é€šè¿‡
2025-10-21 16:15:23,743 INFO test_resume_processor.py:451 
==================================================
2025-10-21 16:15:23,743 INFO test_resume_processor.py:452 ğŸ§ª è¿è¡Œæµ‹è¯•: LLMå®¢æˆ·ç«¯é…ç½®
2025-10-21 16:15:23,743 INFO test_resume_processor.py:453 ==================================================
2025-10-21 16:15:23,743 INFO test_resume_processor.py:246 ğŸ§ª æµ‹è¯•LLMå®¢æˆ·ç«¯é…ç½®...
2025-10-21 16:15:23,854 INFO test_resume_processor.py:254 âœ… LLMå®¢æˆ·ç«¯åˆ›å»ºæˆåŠŸ: OpenAI
2025-10-21 16:15:23,854 INFO test_resume_processor.py:458 âœ… LLMå®¢æˆ·ç«¯é…ç½® - é€šè¿‡
2025-10-21 16:15:23,854 INFO test_resume_processor.py:451 
==================================================
2025-10-21 16:15:23,854 INFO test_resume_processor.py:452 ğŸ§ª è¿è¡Œæµ‹è¯•: AIä¿¡æ¯æå–
2025-10-21 16:15:23,854 INFO test_resume_processor.py:453 ==================================================
2025-10-21 16:15:23,854 INFO test_resume_processor.py:263 ğŸ§ª æµ‹è¯•AIä¿¡æ¯æå–...
2025-10-21 16:15:23,854 INFO resume_processor.py:325 å¼€å§‹AIä¿¡æ¯æå–ï¼Œè¾“å…¥å†…å®¹é•¿åº¦: 590 å­—ç¬¦
2025-10-21 16:15:23,866 INFO resume_processor.py:334 è°ƒç”¨LLMæä¾›å•†: AZURE
2025-10-21 16:15:28,732 INFO _client.py:1025 HTTP Request: POST https://ennew-openai-east-us-2.openai.azure.com/openai/deployments/gpt-4.1/chat/completions?api-version=2025-01-01-preview "HTTP/1.1 200 OK"
2025-10-21 16:15:28,960 INFO resume_processor.py:380 LLMè¿”å›æ–‡æœ¬é•¿åº¦: 945; é¢„è§ˆ: {
  "name": "å¼ ä¸‰",
  "email": "zhangsan@example.com",
  "phone": "+86 138 0000 0000",
  "experience": "2020-2025 é«˜çº§AIå·¥ç¨‹å¸ˆ - è…¾è®¯ç§‘æŠ€ï¼šè´Ÿè´£æœºå™¨å­¦ä¹ å¹³å°æ¶æ„è®¾è®¡ï¼Œä¸»å¯¼äº†åƒä¸‡çº§ç”¨æˆ·æ¨èç³»ç»Ÿé¡¹ç›®ï¼Œå›¢é˜Ÿè§„æ¨¡15äººã€‚2018-2020 æœºå™¨å­¦ä¹ å·¥ç¨‹å¸ˆ - å­—èŠ‚è·³åŠ¨ï¼šå¼€å‘äº†æ™ºèƒ½æ¨èç®—æ³•ï¼Œä¼˜åŒ–...
2025-10-21 16:15:28,960 INFO resume_processor.py:397 LLMä¿¡æ¯æå–æˆåŠŸ
2025-10-21 16:15:28,960 INFO test_resume_processor.py:277 âœ… AIä¿¡æ¯æå–æˆåŠŸ: {'name': 'å¼ ä¸‰', 'email': 'zhangsan@example.com', 'phone': '+86 138 0000 0000', 'experience': '2020-2025 é«˜çº§AIå·¥ç¨‹å¸ˆ - è…¾è®¯ç§‘æŠ€ï¼šè´Ÿè´£æœºå™¨å­¦ä¹ å¹³å°æ¶æ„è®¾è®¡ï¼Œä¸»å¯¼äº†åƒä¸‡çº§ç”¨æˆ·æ¨èç³»ç»Ÿé¡¹ç›®ï¼Œå›¢é˜Ÿè§„æ¨¡15äººã€‚2018-2020 æœºå™¨å­¦ä¹ å·¥ç¨‹å¸ˆ - å­—èŠ‚è·³åŠ¨ï¼šå¼€å‘äº†æ™ºèƒ½æ¨èç®—æ³•ï¼Œä¼˜åŒ–äº†æ¨¡å‹è®­ç»ƒæ•ˆç‡30%ï¼Œå‚ä¸è¿‡å¤šä¸ªAIäº§å“å¼€å‘ã€‚', 'education': '2016-2018 æ¸…åå¤§å­¦ è®¡ç®—æœºç§‘å­¦ä¸æŠ€æœ¯ ç¡•å£«ã€‚2012-2016 åŒ—äº¬å¤§å­¦ è®¡ç®—æœºç§‘å­¦ä¸æŠ€æœ¯ å­¦å£«ã€‚', 'skills': ['Python', 'Java', 'C++', 'TensorFlow', 'PyTorch', 'Scikit-learn', 'æœºå™¨å­¦ä¹ ', 'æ·±åº¦å­¦ä¹ ', 'è‡ªç„¶è¯­è¨€å¤„ç†', 'Docker', 'Kubernetes', 'AWS'], 'achievements': ['å‘è¡¨3ç¯‡SCIè®ºæ–‡', 'è·å¾—2é¡¹å‘æ˜ä¸“åˆ©', 'ä¸»å¯¼è¿‡åƒä¸‡çº§AIé¡¹ç›®', 'è·å¾—å…¬å¸å¹´åº¦æœ€ä½³å‘˜å·¥å¥–'], 'projects': ['æ™ºèƒ½æ¨èç³»ç»Ÿï¼šåŸºäºæ·±åº¦å­¦ä¹ çš„ä¸ªæ€§åŒ–æ¨è', 'æœºå™¨å­¦ä¹ å¹³å°ï¼šæ”¯æŒå¤šç§Ÿæˆ·çš„MLOpså¹³å°', 'è‡ªç„¶è¯­è¨€å¤„ç†ï¼šå¤šè¯­è¨€æ–‡æœ¬åˆ†ç±»ç³»ç»Ÿ'], 'languages': ['ä¸­æ–‡ï¼šæ¯è¯­', 'è‹±è¯­ï¼šæµåˆ©ï¼ˆCET-6ï¼‰', 'æ—¥è¯­ï¼šåŸºç¡€'], 'certifications': ['AWSæœºå™¨å­¦ä¹ ä¸“ä¸šè®¤è¯', 'Google Cloud AIè®¤è¯', 'åä¸ºäº‘AIå·¥ç¨‹å¸ˆè®¤è¯'], 'summary': 'é«˜çº§AIå·¥ç¨‹å¸ˆï¼Œæ‹¥æœ‰ä¸°å¯Œçš„æœºå™¨å­¦ä¹ å¹³å°æ¶æ„è®¾è®¡å’Œæ¨èç³»ç»Ÿå¼€å‘ç»éªŒï¼Œå…·å¤‡æ·±åšçš„è®¡ç®—æœºç§‘å­¦èƒŒæ™¯ï¼Œç²¾é€šå¤šç§ç¼–ç¨‹è¯­è¨€å’ŒAIæŠ€æœ¯ï¼Œæ›¾åœ¨è…¾è®¯ç§‘æŠ€å’Œå­—èŠ‚è·³åŠ¨ä¸»å¯¼é‡è¦é¡¹ç›®ï¼Œå…·å¤‡å¤šé¡¹è¡Œä¸šè®¤è¯å’Œçªå‡ºæˆå°±ã€‚'}
2025-10-21 16:15:28,960 INFO test_resume_processor.py:286 âœ… AIä¿¡æ¯æå–æµ‹è¯•é€šè¿‡
2025-10-21 16:15:28,960 INFO test_resume_processor.py:458 âœ… AIä¿¡æ¯æå– - é€šè¿‡
2025-10-21 16:15:28,960 INFO test_resume_processor.py:451 
==================================================
2025-10-21 16:15:28,960 INFO test_resume_processor.py:452 ğŸ§ª è¿è¡Œæµ‹è¯•: çŸ¥è¯†åº“åˆ›å»º
2025-10-21 16:15:28,961 INFO test_resume_processor.py:453 ==================================================
2025-10-21 16:15:28,961 INFO test_resume_processor.py:295 ğŸ§ª æµ‹è¯•çŸ¥è¯†åº“åˆ›å»º...
2025-10-21 16:15:28,961 INFO resume_processor.py:325 å¼€å§‹AIä¿¡æ¯æå–ï¼Œè¾“å…¥å†…å®¹é•¿åº¦: 590 å­—ç¬¦
2025-10-21 16:15:28,970 INFO resume_processor.py:334 è°ƒç”¨LLMæä¾›å•†: AZURE
2025-10-21 16:15:33,194 INFO _client.py:1025 HTTP Request: POST https://ennew-openai-east-us-2.openai.azure.com/openai/deployments/gpt-4.1/chat/completions?api-version=2025-01-01-preview "HTTP/1.1 200 OK"
2025-10-21 16:15:33,417 INFO resume_processor.py:380 LLMè¿”å›æ–‡æœ¬é•¿åº¦: 939; é¢„è§ˆ: {
  "name": "å¼ ä¸‰",
  "email": "zhangsan@example.com",
  "phone": "+86 138 0000 0000",
  "experience": "2020-2025 é«˜çº§AIå·¥ç¨‹å¸ˆ - è…¾è®¯ç§‘æŠ€\n- è´Ÿè´£æœºå™¨å­¦ä¹ å¹³å°æ¶æ„è®¾è®¡\n- ä¸»å¯¼äº†åƒä¸‡çº§ç”¨æˆ·æ¨èç³»ç»Ÿé¡¹ç›®\n- å›¢é˜Ÿè§„æ¨¡ï¼š15äºº\n\n2018-2020 æœºå™¨å­¦ä¹ å·¥ç¨‹å¸ˆ - å­—èŠ‚è·³åŠ¨...
2025-10-21 16:15:33,418 INFO resume_processor.py:397 LLMä¿¡æ¯æå–æˆåŠŸ
2025-10-21 16:15:33,419 INFO resume_processor.py:481 å¼€å§‹ä¸º å¼ ä¸‰ åˆ›å»ºä¸ªäººçŸ¥è¯†åº“
2025-10-21 16:15:33,419 INFO resume_processor.py:482 æå–çš„ä¿¡æ¯: {'name': 'å¼ ä¸‰', 'email': 'zhangsan@example.com', 'phone': '+86 138 0000 0000', 'experience': '2020-2025 é«˜çº§AIå·¥ç¨‹å¸ˆ - è…¾è®¯ç§‘æŠ€\n- è´Ÿè´£æœºå™¨å­¦ä¹ å¹³å°æ¶æ„è®¾è®¡\n- ä¸»å¯¼äº†åƒä¸‡çº§ç”¨æˆ·æ¨èç³»ç»Ÿé¡¹ç›®\n- å›¢é˜Ÿè§„æ¨¡ï¼š15äºº\n\n2018-2020 æœºå™¨å­¦ä¹ å·¥ç¨‹å¸ˆ - å­—èŠ‚è·³åŠ¨\n- å¼€å‘äº†æ™ºèƒ½æ¨èç®—æ³•\n- ä¼˜åŒ–äº†æ¨¡å‹è®­ç»ƒæ•ˆç‡30%\n- å‚ä¸è¿‡å¤šä¸ªAIäº§å“å¼€å‘', 'education': '2016-2018 æ¸…åå¤§å­¦ è®¡ç®—æœºç§‘å­¦ä¸æŠ€æœ¯ ç¡•å£«\n2012-2016 åŒ—äº¬å¤§å­¦ è®¡ç®—æœºç§‘å­¦ä¸æŠ€æœ¯ å­¦å£«', 'skills': ['Python', 'Java', 'C++', 'TensorFlow', 'PyTorch', 'Scikit-learn', 'æœºå™¨å­¦ä¹ ', 'æ·±åº¦å­¦ä¹ ', 'è‡ªç„¶è¯­è¨€å¤„ç†', 'Docker', 'Kubernetes', 'AWS'], 'achievements': ['å‘è¡¨3ç¯‡SCIè®ºæ–‡', 'è·å¾—2é¡¹å‘æ˜ä¸“åˆ©', 'ä¸»å¯¼è¿‡åƒä¸‡çº§AIé¡¹ç›®', 'è·å¾—å…¬å¸å¹´åº¦æœ€ä½³å‘˜å·¥å¥–'], 'projects': ['æ™ºèƒ½æ¨èç³»ç»Ÿï¼šåŸºäºæ·±åº¦å­¦ä¹ çš„ä¸ªæ€§åŒ–æ¨è', 'æœºå™¨å­¦ä¹ å¹³å°ï¼šæ”¯æŒå¤šç§Ÿæˆ·çš„MLOpså¹³å°', 'è‡ªç„¶è¯­è¨€å¤„ç†ï¼šå¤šè¯­è¨€æ–‡æœ¬åˆ†ç±»ç³»ç»Ÿ'], 'languages': ['ä¸­æ–‡ï¼šæ¯è¯­', 'è‹±è¯­ï¼šæµåˆ©ï¼ˆCET-6ï¼‰', 'æ—¥è¯­ï¼šåŸºç¡€'], 'certifications': ['AWSæœºå™¨å­¦ä¹ ä¸“ä¸šè®¤è¯', 'Google Cloud AIè®¤è¯', 'åä¸ºäº‘AIå·¥ç¨‹å¸ˆè®¤è¯'], 'summary': 'é«˜çº§AIå·¥ç¨‹å¸ˆï¼Œæ‹¥æœ‰ä¸°å¯Œçš„æœºå™¨å­¦ä¹ ä¸æ·±åº¦å­¦ä¹ å¹³å°æ¶æ„è®¾è®¡ç»éªŒï¼Œä¸»å¯¼è¿‡åƒä¸‡çº§ç”¨æˆ·æ¨èç³»ç»Ÿé¡¹ç›®ï¼Œå…·å¤‡å›¢é˜Ÿç®¡ç†ä¸è·¨é¢†åŸŸAIäº§å“å¼€å‘èƒ½åŠ›ã€‚'}
2025-10-21 16:15:33,420 INFO resume_processor.py:487 åˆ›å»ºä¸ªäººçŸ¥è¯†åº“ç›®å½•: personal_kb
2025-10-21 16:15:33,421 INFO resume_processor.py:489 ä¸ªäººçŸ¥è¯†åº“ç›®å½•åˆ›å»ºæˆåŠŸ
2025-10-21 16:15:33,421 INFO resume_processor.py:499 åˆå§‹åŒ–ä¸ªäººä¿¡æ¯ç»“æ„
2025-10-21 16:15:33,421 INFO resume_processor.py:503 å¼€å§‹æ ¹æ®æå–çš„ä¿¡æ¯åˆ›å»ºçŸ¥è¯†æ¡ç›®
2025-10-21 16:15:33,421 INFO resume_processor.py:515 åˆ›å»ºå·¥ä½œç»éªŒçŸ¥è¯†æ¡ç›®: å¼ ä¸‰_exp_1
2025-10-21 16:15:33,421 INFO resume_processor.py:527 åˆ›å»ºæ•™è‚²èƒŒæ™¯çŸ¥è¯†æ¡ç›®: å¼ ä¸‰_edu_1
2025-10-21 16:15:33,422 INFO resume_processor.py:530 åˆ›å»ºæŠ€èƒ½çŸ¥è¯†æ¡ç›®ï¼ŒæŠ€èƒ½æ•°é‡: 12
2025-10-21 16:15:33,422 INFO resume_processor.py:541 åˆ›å»ºæŠ€èƒ½çŸ¥è¯†æ¡ç›® 1: å¼ ä¸‰_skill_1 - Python
2025-10-21 16:15:33,422 INFO resume_processor.py:541 åˆ›å»ºæŠ€èƒ½çŸ¥è¯†æ¡ç›® 2: å¼ ä¸‰_skill_2 - Java
2025-10-21 16:15:33,422 INFO resume_processor.py:541 åˆ›å»ºæŠ€èƒ½çŸ¥è¯†æ¡ç›® 3: å¼ ä¸‰_skill_3 - C++
2025-10-21 16:15:33,422 INFO resume_processor.py:541 åˆ›å»ºæŠ€èƒ½çŸ¥è¯†æ¡ç›® 4: å¼ ä¸‰_skill_4 - TensorFlow
2025-10-21 16:15:33,422 INFO resume_processor.py:541 åˆ›å»ºæŠ€èƒ½çŸ¥è¯†æ¡ç›® 5: å¼ ä¸‰_skill_5 - PyTorch
2025-10-21 16:15:33,422 INFO resume_processor.py:541 åˆ›å»ºæŠ€èƒ½çŸ¥è¯†æ¡ç›® 6: å¼ ä¸‰_skill_6 - Scikit-learn
2025-10-21 16:15:33,422 INFO resume_processor.py:541 åˆ›å»ºæŠ€èƒ½çŸ¥è¯†æ¡ç›® 7: å¼ ä¸‰_skill_7 - æœºå™¨å­¦ä¹ 
2025-10-21 16:15:33,422 INFO resume_processor.py:541 åˆ›å»ºæŠ€èƒ½çŸ¥è¯†æ¡ç›® 8: å¼ ä¸‰_skill_8 - æ·±åº¦å­¦ä¹ 
2025-10-21 16:15:33,423 INFO resume_processor.py:541 åˆ›å»ºæŠ€èƒ½çŸ¥è¯†æ¡ç›® 9: å¼ ä¸‰_skill_9 - è‡ªç„¶è¯­è¨€å¤„ç†
2025-10-21 16:15:33,423 INFO resume_processor.py:541 åˆ›å»ºæŠ€èƒ½çŸ¥è¯†æ¡ç›® 10: å¼ ä¸‰_skill_10 - Docker
2025-10-21 16:15:33,423 INFO resume_processor.py:541 åˆ›å»ºæŠ€èƒ½çŸ¥è¯†æ¡ç›® 11: å¼ ä¸‰_skill_11 - Kubernetes
2025-10-21 16:15:33,423 INFO resume_processor.py:541 åˆ›å»ºæŠ€èƒ½çŸ¥è¯†æ¡ç›® 12: å¼ ä¸‰_skill_12 - AWS
2025-10-21 16:15:33,423 INFO resume_processor.py:544 åˆ›å»ºæˆå°±çŸ¥è¯†æ¡ç›®ï¼Œæˆå°±æ•°é‡: 4
2025-10-21 16:15:33,423 INFO resume_processor.py:555 åˆ›å»ºæˆå°±çŸ¥è¯†æ¡ç›® 1: å¼ ä¸‰_ach_1 - å‘è¡¨3ç¯‡SCIè®ºæ–‡
2025-10-21 16:15:33,423 INFO resume_processor.py:555 åˆ›å»ºæˆå°±çŸ¥è¯†æ¡ç›® 2: å¼ ä¸‰_ach_2 - è·å¾—2é¡¹å‘æ˜ä¸“åˆ©
2025-10-21 16:15:33,423 INFO resume_processor.py:555 åˆ›å»ºæˆå°±çŸ¥è¯†æ¡ç›® 3: å¼ ä¸‰_ach_3 - ä¸»å¯¼è¿‡åƒä¸‡çº§AIé¡¹ç›®
2025-10-21 16:15:33,423 INFO resume_processor.py:555 åˆ›å»ºæˆå°±çŸ¥è¯†æ¡ç›® 4: å¼ ä¸‰_ach_4 - è·å¾—å…¬å¸å¹´åº¦æœ€ä½³å‘˜å·¥å¥–
2025-10-21 16:15:33,423 INFO resume_processor.py:558 çŸ¥è¯†æ¡ç›®åˆ›å»ºå®Œæˆï¼Œæ€»è®¡ 18 ä¸ªæ¡ç›®
2025-10-21 16:15:33,423 INFO resume_processor.py:562 ä¿å­˜ä¸ªäººçŸ¥è¯†åº“åˆ°æ–‡ä»¶: personal_kb/personal_info.json
2025-10-21 16:15:33,424 INFO resume_processor.py:565 ä¸ªäººçŸ¥è¯†åº“æ–‡ä»¶ä¿å­˜æˆåŠŸ
2025-10-21 16:15:33,424 INFO resume_processor.py:567 ä¸º å¼ ä¸‰ åˆ›å»ºäº†ä¸ªäººçŸ¥è¯†åº“ï¼ŒåŒ…å« 18 ä¸ªçŸ¥è¯†æ¡ç›®
2025-10-21 16:15:33,424 INFO test_resume_processor.py:316 âœ… ä¸ªäººçŸ¥è¯†åº“åˆ›å»ºæˆåŠŸ: personal_kb
2025-10-21 16:15:33,425 INFO test_resume_processor.py:331 âœ… ä¸ªäººçŸ¥è¯†åº“åŒ…å« 18 ä¸ªçŸ¥è¯†æ¡ç›®
2025-10-21 16:15:33,425 INFO test_resume_processor.py:332 âœ… çŸ¥è¯†åº“åˆ›å»ºæµ‹è¯•é€šè¿‡
2025-10-21 16:15:33,425 INFO test_resume_processor.py:458 âœ… çŸ¥è¯†åº“åˆ›å»º - é€šè¿‡
2025-10-21 16:15:33,425 INFO test_resume_processor.py:451 
==================================================
2025-10-21 16:15:33,425 INFO test_resume_processor.py:452 ğŸ§ª è¿è¡Œæµ‹è¯•: ä¸»çŸ¥è¯†åº“æ›´æ–°
2025-10-21 16:15:33,425 INFO test_resume_processor.py:453 ==================================================
2025-10-21 16:15:33,425 INFO test_resume_processor.py:341 ğŸ§ª æµ‹è¯•ä¸»çŸ¥è¯†åº“æ›´æ–°...
2025-10-21 16:15:33,425 INFO resume_processor.py:325 å¼€å§‹AIä¿¡æ¯æå–ï¼Œè¾“å…¥å†…å®¹é•¿åº¦: 590 å­—ç¬¦
2025-10-21 16:15:33,435 INFO resume_processor.py:334 è°ƒç”¨LLMæä¾›å•†: AZURE
2025-10-21 16:15:37,345 INFO _client.py:1025 HTTP Request: POST https://ennew-openai-east-us-2.openai.azure.com/openai/deployments/gpt-4.1/chat/completions?api-version=2025-01-01-preview "HTTP/1.1 200 OK"
2025-10-21 16:15:37,565 INFO resume_processor.py:380 LLMè¿”å›æ–‡æœ¬é•¿åº¦: 948; é¢„è§ˆ: {
  "name": "å¼ ä¸‰",
  "email": "zhangsan@example.com",
  "phone": "+86 138 0000 0000",
  "experience": "2020-2025 é«˜çº§AIå·¥ç¨‹å¸ˆ - è…¾è®¯ç§‘æŠ€ï¼šè´Ÿè´£æœºå™¨å­¦ä¹ å¹³å°æ¶æ„è®¾è®¡ï¼Œä¸»å¯¼äº†åƒä¸‡çº§ç”¨æˆ·æ¨èç³»ç»Ÿé¡¹ç›®ï¼Œå›¢é˜Ÿè§„æ¨¡15äººã€‚2018-2020 æœºå™¨å­¦ä¹ å·¥ç¨‹å¸ˆ - å­—èŠ‚è·³åŠ¨ï¼šå¼€å‘äº†æ™ºèƒ½æ¨èç®—æ³•ï¼Œä¼˜åŒ–...
2025-10-21 16:15:37,565 INFO resume_processor.py:397 LLMä¿¡æ¯æå–æˆåŠŸ
2025-10-21 16:15:37,565 INFO resume_processor.py:481 å¼€å§‹ä¸º å¼ ä¸‰ åˆ›å»ºä¸ªäººçŸ¥è¯†åº“
2025-10-21 16:15:37,566 INFO resume_processor.py:482 æå–çš„ä¿¡æ¯: {'name': 'å¼ ä¸‰', 'email': 'zhangsan@example.com', 'phone': '+86 138 0000 0000', 'experience': '2020-2025 é«˜çº§AIå·¥ç¨‹å¸ˆ - è…¾è®¯ç§‘æŠ€ï¼šè´Ÿè´£æœºå™¨å­¦ä¹ å¹³å°æ¶æ„è®¾è®¡ï¼Œä¸»å¯¼äº†åƒä¸‡çº§ç”¨æˆ·æ¨èç³»ç»Ÿé¡¹ç›®ï¼Œå›¢é˜Ÿè§„æ¨¡15äººã€‚2018-2020 æœºå™¨å­¦ä¹ å·¥ç¨‹å¸ˆ - å­—èŠ‚è·³åŠ¨ï¼šå¼€å‘äº†æ™ºèƒ½æ¨èç®—æ³•ï¼Œä¼˜åŒ–äº†æ¨¡å‹è®­ç»ƒæ•ˆç‡30%ï¼Œå‚ä¸è¿‡å¤šä¸ªAIäº§å“å¼€å‘ã€‚', 'education': '2016-2018 æ¸…åå¤§å­¦ è®¡ç®—æœºç§‘å­¦ä¸æŠ€æœ¯ ç¡•å£«ã€‚2012-2016 åŒ—äº¬å¤§å­¦ è®¡ç®—æœºç§‘å­¦ä¸æŠ€æœ¯ å­¦å£«ã€‚', 'skills': ['Python', 'Java', 'C++', 'TensorFlow', 'PyTorch', 'Scikit-learn', 'æœºå™¨å­¦ä¹ ', 'æ·±åº¦å­¦ä¹ ', 'è‡ªç„¶è¯­è¨€å¤„ç†', 'Docker', 'Kubernetes', 'AWS'], 'achievements': ['å‘è¡¨3ç¯‡SCIè®ºæ–‡', 'è·å¾—2é¡¹å‘æ˜ä¸“åˆ©', 'ä¸»å¯¼è¿‡åƒä¸‡çº§AIé¡¹ç›®', 'è·å¾—å…¬å¸å¹´åº¦æœ€ä½³å‘˜å·¥å¥–'], 'projects': ['æ™ºèƒ½æ¨èç³»ç»Ÿï¼šåŸºäºæ·±åº¦å­¦ä¹ çš„ä¸ªæ€§åŒ–æ¨è', 'æœºå™¨å­¦ä¹ å¹³å°ï¼šæ”¯æŒå¤šç§Ÿæˆ·çš„MLOpså¹³å°', 'è‡ªç„¶è¯­è¨€å¤„ç†ï¼šå¤šè¯­è¨€æ–‡æœ¬åˆ†ç±»ç³»ç»Ÿ'], 'languages': ['ä¸­æ–‡ï¼šæ¯è¯­', 'è‹±è¯­ï¼šæµåˆ©ï¼ˆCET-6ï¼‰', 'æ—¥è¯­ï¼šåŸºç¡€'], 'certifications': ['AWSæœºå™¨å­¦ä¹ ä¸“ä¸šè®¤è¯', 'Google Cloud AIè®¤è¯', 'åä¸ºäº‘AIå·¥ç¨‹å¸ˆè®¤è¯'], 'summary': 'é«˜çº§AIå·¥ç¨‹å¸ˆï¼Œæ‹¥æœ‰ä¸°å¯Œçš„æœºå™¨å­¦ä¹ ä¸æ·±åº¦å­¦ä¹ å¹³å°æ¶æ„è®¾è®¡ç»éªŒï¼Œä¸»å¯¼è¿‡åƒä¸‡çº§ç”¨æˆ·æ¨èç³»ç»Ÿé¡¹ç›®ï¼Œå…·å¤‡å›¢é˜Ÿç®¡ç†ä¸è·¨é¢†åŸŸAIäº§å“å¼€å‘èƒ½åŠ›ã€‚æ¯•ä¸šäºæ¸…åå¤§å­¦å’ŒåŒ—äº¬å¤§å­¦ï¼Œå‘è¡¨å¤šç¯‡è®ºæ–‡å¹¶è·å¾—å¤šé¡¹ä¸“åˆ©åŠè®¤è¯ã€‚'}
2025-10-21 16:15:37,566 INFO resume_processor.py:487 åˆ›å»ºä¸ªäººçŸ¥è¯†åº“ç›®å½•: personal_kb
2025-10-21 16:15:37,566 INFO resume_processor.py:489 ä¸ªäººçŸ¥è¯†åº“ç›®å½•åˆ›å»ºæˆåŠŸ
2025-10-21 16:15:37,566 INFO resume_processor.py:499 åˆå§‹åŒ–ä¸ªäººä¿¡æ¯ç»“æ„
2025-10-21 16:15:37,566 INFO resume_processor.py:503 å¼€å§‹æ ¹æ®æå–çš„ä¿¡æ¯åˆ›å»ºçŸ¥è¯†æ¡ç›®
2025-10-21 16:15:37,566 INFO resume_processor.py:515 åˆ›å»ºå·¥ä½œç»éªŒçŸ¥è¯†æ¡ç›®: å¼ ä¸‰_exp_1
2025-10-21 16:15:37,566 INFO resume_processor.py:527 åˆ›å»ºæ•™è‚²èƒŒæ™¯çŸ¥è¯†æ¡ç›®: å¼ ä¸‰_edu_1
2025-10-21 16:15:37,567 INFO resume_processor.py:530 åˆ›å»ºæŠ€èƒ½çŸ¥è¯†æ¡ç›®ï¼ŒæŠ€èƒ½æ•°é‡: 12
2025-10-21 16:15:37,567 INFO resume_processor.py:541 åˆ›å»ºæŠ€èƒ½çŸ¥è¯†æ¡ç›® 1: å¼ ä¸‰_skill_1 - Python
2025-10-21 16:15:37,567 INFO resume_processor.py:541 åˆ›å»ºæŠ€èƒ½çŸ¥è¯†æ¡ç›® 2: å¼ ä¸‰_skill_2 - Java
2025-10-21 16:15:37,567 INFO resume_processor.py:541 åˆ›å»ºæŠ€èƒ½çŸ¥è¯†æ¡ç›® 3: å¼ ä¸‰_skill_3 - C++
2025-10-21 16:15:37,567 INFO resume_processor.py:541 åˆ›å»ºæŠ€èƒ½çŸ¥è¯†æ¡ç›® 4: å¼ ä¸‰_skill_4 - TensorFlow
2025-10-21 16:15:37,567 INFO resume_processor.py:541 åˆ›å»ºæŠ€èƒ½çŸ¥è¯†æ¡ç›® 5: å¼ ä¸‰_skill_5 - PyTorch
2025-10-21 16:15:37,567 INFO resume_processor.py:541 åˆ›å»ºæŠ€èƒ½çŸ¥è¯†æ¡ç›® 6: å¼ ä¸‰_skill_6 - Scikit-learn
2025-10-21 16:15:37,567 INFO resume_processor.py:541 åˆ›å»ºæŠ€èƒ½çŸ¥è¯†æ¡ç›® 7: å¼ ä¸‰_skill_7 - æœºå™¨å­¦ä¹ 
2025-10-21 16:15:37,567 INFO resume_processor.py:541 åˆ›å»ºæŠ€èƒ½çŸ¥è¯†æ¡ç›® 8: å¼ ä¸‰_skill_8 - æ·±åº¦å­¦ä¹ 
2025-10-21 16:15:37,567 INFO resume_processor.py:541 åˆ›å»ºæŠ€èƒ½çŸ¥è¯†æ¡ç›® 9: å¼ ä¸‰_skill_9 - è‡ªç„¶è¯­è¨€å¤„ç†
2025-10-21 16:15:37,567 INFO resume_processor.py:541 åˆ›å»ºæŠ€èƒ½çŸ¥è¯†æ¡ç›® 10: å¼ ä¸‰_skill_10 - Docker
2025-10-21 16:15:37,567 INFO resume_processor.py:541 åˆ›å»ºæŠ€èƒ½çŸ¥è¯†æ¡ç›® 11: å¼ ä¸‰_skill_11 - Kubernetes
2025-10-21 16:15:37,567 INFO resume_processor.py:541 åˆ›å»ºæŠ€èƒ½çŸ¥è¯†æ¡ç›® 12: å¼ ä¸‰_skill_12 - AWS
2025-10-21 16:15:37,567 INFO resume_processor.py:544 åˆ›å»ºæˆå°±çŸ¥è¯†æ¡ç›®ï¼Œæˆå°±æ•°é‡: 4
2025-10-21 16:15:37,567 INFO resume_processor.py:555 åˆ›å»ºæˆå°±çŸ¥è¯†æ¡ç›® 1: å¼ ä¸‰_ach_1 - å‘è¡¨3ç¯‡SCIè®ºæ–‡
2025-10-21 16:15:37,567 INFO resume_processor.py:555 åˆ›å»ºæˆå°±çŸ¥è¯†æ¡ç›® 2: å¼ ä¸‰_ach_2 - è·å¾—2é¡¹å‘æ˜ä¸“åˆ©
2025-10-21 16:15:37,567 INFO resume_processor.py:555 åˆ›å»ºæˆå°±çŸ¥è¯†æ¡ç›® 3: å¼ ä¸‰_ach_3 - ä¸»å¯¼è¿‡åƒä¸‡çº§AIé¡¹ç›®
2025-10-21 16:15:37,567 INFO resume_processor.py:555 åˆ›å»ºæˆå°±çŸ¥è¯†æ¡ç›® 4: å¼ ä¸‰_ach_4 - è·å¾—å…¬å¸å¹´åº¦æœ€ä½³å‘˜å·¥å¥–
2025-10-21 16:15:37,567 INFO resume_processor.py:558 çŸ¥è¯†æ¡ç›®åˆ›å»ºå®Œæˆï¼Œæ€»è®¡ 18 ä¸ªæ¡ç›®
2025-10-21 16:15:37,567 INFO resume_processor.py:562 ä¿å­˜ä¸ªäººçŸ¥è¯†åº“åˆ°æ–‡ä»¶: personal_kb/personal_info.json
2025-10-21 16:15:37,568 INFO resume_processor.py:565 ä¸ªäººçŸ¥è¯†åº“æ–‡ä»¶ä¿å­˜æˆåŠŸ
2025-10-21 16:15:37,568 INFO resume_processor.py:567 ä¸º å¼ ä¸‰ åˆ›å»ºäº†ä¸ªäººçŸ¥è¯†åº“ï¼ŒåŒ…å« 18 ä¸ªçŸ¥è¯†æ¡ç›®
2025-10-21 16:15:37,568 INFO resume_processor.py:576 å¼€å§‹æ›´æ–°ä¸»çŸ¥è¯†åº“ï¼Œä¸ªäººçŸ¥è¯†åº“è·¯å¾„: personal_kb, å§“å: å¼ ä¸‰
2025-10-21 16:15:37,568 INFO resume_processor.py:581 è¯»å–ä¸ªäººçŸ¥è¯†åº“æ–‡ä»¶: personal_kb/personal_info.json
2025-10-21 16:15:37,568 INFO resume_processor.py:589 ä¸ªäººçŸ¥è¯†åº“æ–‡ä»¶è¯»å–æˆåŠŸï¼ŒåŒ…å« 18 ä¸ªçŸ¥è¯†æ¡ç›®
2025-10-21 16:15:37,568 INFO resume_processor.py:593 è¯»å–ä¸»çŸ¥è¯†åº“æ–‡ä»¶: data/playbook.json
2025-10-21 16:15:37,569 INFO resume_processor.py:598 ä¸»çŸ¥è¯†åº“æ–‡ä»¶è¯»å–æˆåŠŸï¼Œå½“å‰åŒ…å« 11 ä¸ªæ¡ç›®
2025-10-21 16:15:37,569 INFO resume_processor.py:614 å¼€å§‹æ·»åŠ  18 ä¸ªä¸ªäººçŸ¥è¯†æ¡ç›®åˆ°ä¸»çŸ¥è¯†åº“
2025-10-21 16:15:37,569 INFO resume_processor.py:617 å¤„ç†çŸ¥è¯†æ¡ç›® 1/18: å¼ ä¸‰_exp_1
2025-10-21 16:15:37,570 INFO resume_processor.py:630 åˆ›å»ºACEå…¼å®¹çš„bulletæ•°æ®: å¼ ä¸‰_exp_1
2025-10-21 16:15:37,570 INFO resume_processor.py:634 æ·»åŠ bulletåˆ°ä¸»çŸ¥è¯†åº“: å¼ ä¸‰_exp_1
2025-10-21 16:15:37,570 INFO resume_processor.py:643 æ·»åŠ bulletåˆ°section å·¥ä½œç»éªŒ: å¼ ä¸‰_exp_1
2025-10-21 16:15:37,570 INFO resume_processor.py:617 å¤„ç†çŸ¥è¯†æ¡ç›® 2/18: å¼ ä¸‰_edu_1
2025-10-21 16:15:37,570 INFO resume_processor.py:630 åˆ›å»ºACEå…¼å®¹çš„bulletæ•°æ®: å¼ ä¸‰_edu_1
2025-10-21 16:15:37,570 INFO resume_processor.py:634 æ·»åŠ bulletåˆ°ä¸»çŸ¥è¯†åº“: å¼ ä¸‰_edu_1
2025-10-21 16:15:37,570 INFO resume_processor.py:643 æ·»åŠ bulletåˆ°section æ•™è‚²èƒŒæ™¯: å¼ ä¸‰_edu_1
2025-10-21 16:15:37,570 INFO resume_processor.py:617 å¤„ç†çŸ¥è¯†æ¡ç›® 3/18: å¼ ä¸‰_skill_1
2025-10-21 16:15:37,570 INFO resume_processor.py:630 åˆ›å»ºACEå…¼å®¹çš„bulletæ•°æ®: å¼ ä¸‰_skill_1
2025-10-21 16:15:37,570 INFO resume_processor.py:634 æ·»åŠ bulletåˆ°ä¸»çŸ¥è¯†åº“: å¼ ä¸‰_skill_1
2025-10-21 16:15:37,570 INFO resume_processor.py:643 æ·»åŠ bulletåˆ°section æŠ€èƒ½ä¸“é•¿: å¼ ä¸‰_skill_1
2025-10-21 16:15:37,571 INFO resume_processor.py:617 å¤„ç†çŸ¥è¯†æ¡ç›® 4/18: å¼ ä¸‰_skill_2
2025-10-21 16:15:37,571 INFO resume_processor.py:630 åˆ›å»ºACEå…¼å®¹çš„bulletæ•°æ®: å¼ ä¸‰_skill_2
2025-10-21 16:15:37,571 INFO resume_processor.py:634 æ·»åŠ bulletåˆ°ä¸»çŸ¥è¯†åº“: å¼ ä¸‰_skill_2
2025-10-21 16:15:37,571 INFO resume_processor.py:643 æ·»åŠ bulletåˆ°section æŠ€èƒ½ä¸“é•¿: å¼ ä¸‰_skill_2
2025-10-21 16:15:37,571 INFO resume_processor.py:617 å¤„ç†çŸ¥è¯†æ¡ç›® 5/18: å¼ ä¸‰_skill_3
2025-10-21 16:15:37,571 INFO resume_processor.py:630 åˆ›å»ºACEå…¼å®¹çš„bulletæ•°æ®: å¼ ä¸‰_skill_3
2025-10-21 16:15:37,571 INFO resume_processor.py:634 æ·»åŠ bulletåˆ°ä¸»çŸ¥è¯†åº“: å¼ ä¸‰_skill_3
2025-10-21 16:15:37,571 INFO resume_processor.py:643 æ·»åŠ bulletåˆ°section æŠ€èƒ½ä¸“é•¿: å¼ ä¸‰_skill_3
2025-10-21 16:15:37,571 INFO resume_processor.py:617 å¤„ç†çŸ¥è¯†æ¡ç›® 6/18: å¼ ä¸‰_skill_4
2025-10-21 16:15:37,572 INFO resume_processor.py:630 åˆ›å»ºACEå…¼å®¹çš„bulletæ•°æ®: å¼ ä¸‰_skill_4
2025-10-21 16:15:37,572 INFO resume_processor.py:634 æ·»åŠ bulletåˆ°ä¸»çŸ¥è¯†åº“: å¼ ä¸‰_skill_4
2025-10-21 16:15:37,572 INFO resume_processor.py:643 æ·»åŠ bulletåˆ°section æŠ€èƒ½ä¸“é•¿: å¼ ä¸‰_skill_4
2025-10-21 16:15:37,572 INFO resume_processor.py:617 å¤„ç†çŸ¥è¯†æ¡ç›® 7/18: å¼ ä¸‰_skill_5
2025-10-21 16:15:37,572 INFO resume_processor.py:630 åˆ›å»ºACEå…¼å®¹çš„bulletæ•°æ®: å¼ ä¸‰_skill_5
2025-10-21 16:15:37,572 INFO resume_processor.py:634 æ·»åŠ bulletåˆ°ä¸»çŸ¥è¯†åº“: å¼ ä¸‰_skill_5
2025-10-21 16:15:37,572 INFO resume_processor.py:643 æ·»åŠ bulletåˆ°section æŠ€èƒ½ä¸“é•¿: å¼ ä¸‰_skill_5
2025-10-21 16:15:37,572 INFO resume_processor.py:617 å¤„ç†çŸ¥è¯†æ¡ç›® 8/18: å¼ ä¸‰_skill_6
2025-10-21 16:15:37,574 INFO resume_processor.py:630 åˆ›å»ºACEå…¼å®¹çš„bulletæ•°æ®: å¼ ä¸‰_skill_6
2025-10-21 16:15:37,574 INFO resume_processor.py:634 æ·»åŠ bulletåˆ°ä¸»çŸ¥è¯†åº“: å¼ ä¸‰_skill_6
2025-10-21 16:15:37,574 INFO resume_processor.py:643 æ·»åŠ bulletåˆ°section æŠ€èƒ½ä¸“é•¿: å¼ ä¸‰_skill_6
2025-10-21 16:15:37,574 INFO resume_processor.py:617 å¤„ç†çŸ¥è¯†æ¡ç›® 9/18: å¼ ä¸‰_skill_7
2025-10-21 16:15:37,575 INFO resume_processor.py:630 åˆ›å»ºACEå…¼å®¹çš„bulletæ•°æ®: å¼ ä¸‰_skill_7
2025-10-21 16:15:37,575 INFO resume_processor.py:634 æ·»åŠ bulletåˆ°ä¸»çŸ¥è¯†åº“: å¼ ä¸‰_skill_7
2025-10-21 16:15:37,575 INFO resume_processor.py:643 æ·»åŠ bulletåˆ°section æŠ€èƒ½ä¸“é•¿: å¼ ä¸‰_skill_7
2025-10-21 16:15:37,575 INFO resume_processor.py:617 å¤„ç†çŸ¥è¯†æ¡ç›® 10/18: å¼ ä¸‰_skill_8
2025-10-21 16:15:37,576 INFO resume_processor.py:630 åˆ›å»ºACEå…¼å®¹çš„bulletæ•°æ®: å¼ ä¸‰_skill_8
2025-10-21 16:15:37,576 INFO resume_processor.py:634 æ·»åŠ bulletåˆ°ä¸»çŸ¥è¯†åº“: å¼ ä¸‰_skill_8
2025-10-21 16:15:37,576 INFO resume_processor.py:643 æ·»åŠ bulletåˆ°section æŠ€èƒ½ä¸“é•¿: å¼ ä¸‰_skill_8
2025-10-21 16:15:37,576 INFO resume_processor.py:617 å¤„ç†çŸ¥è¯†æ¡ç›® 11/18: å¼ ä¸‰_skill_9
2025-10-21 16:15:37,577 INFO resume_processor.py:630 åˆ›å»ºACEå…¼å®¹çš„bulletæ•°æ®: å¼ ä¸‰_skill_9
2025-10-21 16:15:37,577 INFO resume_processor.py:634 æ·»åŠ bulletåˆ°ä¸»çŸ¥è¯†åº“: å¼ ä¸‰_skill_9
2025-10-21 16:15:37,577 INFO resume_processor.py:643 æ·»åŠ bulletåˆ°section æŠ€èƒ½ä¸“é•¿: å¼ ä¸‰_skill_9
2025-10-21 16:15:37,577 INFO resume_processor.py:617 å¤„ç†çŸ¥è¯†æ¡ç›® 12/18: å¼ ä¸‰_skill_10
2025-10-21 16:15:37,577 INFO resume_processor.py:630 åˆ›å»ºACEå…¼å®¹çš„bulletæ•°æ®: å¼ ä¸‰_skill_10
2025-10-21 16:15:37,577 INFO resume_processor.py:634 æ·»åŠ bulletåˆ°ä¸»çŸ¥è¯†åº“: å¼ ä¸‰_skill_10
2025-10-21 16:15:37,577 INFO resume_processor.py:643 æ·»åŠ bulletåˆ°section æŠ€èƒ½ä¸“é•¿: å¼ ä¸‰_skill_10
2025-10-21 16:15:37,577 INFO resume_processor.py:617 å¤„ç†çŸ¥è¯†æ¡ç›® 13/18: å¼ ä¸‰_skill_11
2025-10-21 16:15:37,577 INFO resume_processor.py:630 åˆ›å»ºACEå…¼å®¹çš„bulletæ•°æ®: å¼ ä¸‰_skill_11
2025-10-21 16:15:37,577 INFO resume_processor.py:634 æ·»åŠ bulletåˆ°ä¸»çŸ¥è¯†åº“: å¼ ä¸‰_skill_11
2025-10-21 16:15:37,577 INFO resume_processor.py:643 æ·»åŠ bulletåˆ°section æŠ€èƒ½ä¸“é•¿: å¼ ä¸‰_skill_11
2025-10-21 16:15:37,577 INFO resume_processor.py:617 å¤„ç†çŸ¥è¯†æ¡ç›® 14/18: å¼ ä¸‰_skill_12
2025-10-21 16:15:37,577 INFO resume_processor.py:630 åˆ›å»ºACEå…¼å®¹çš„bulletæ•°æ®: å¼ ä¸‰_skill_12
2025-10-21 16:15:37,577 INFO resume_processor.py:634 æ·»åŠ bulletåˆ°ä¸»çŸ¥è¯†åº“: å¼ ä¸‰_skill_12
2025-10-21 16:15:37,577 INFO resume_processor.py:643 æ·»åŠ bulletåˆ°section æŠ€èƒ½ä¸“é•¿: å¼ ä¸‰_skill_12
2025-10-21 16:15:37,577 INFO resume_processor.py:617 å¤„ç†çŸ¥è¯†æ¡ç›® 15/18: å¼ ä¸‰_ach_1
2025-10-21 16:15:37,577 INFO resume_processor.py:630 åˆ›å»ºACEå…¼å®¹çš„bulletæ•°æ®: å¼ ä¸‰_ach_1
2025-10-21 16:15:37,578 INFO resume_processor.py:634 æ·»åŠ bulletåˆ°ä¸»çŸ¥è¯†åº“: å¼ ä¸‰_ach_1
2025-10-21 16:15:37,578 INFO resume_processor.py:640 åˆ›å»ºæ–°çš„section: æˆå°±è£èª‰
2025-10-21 16:15:37,578 INFO resume_processor.py:643 æ·»åŠ bulletåˆ°section æˆå°±è£èª‰: å¼ ä¸‰_ach_1
2025-10-21 16:15:37,578 INFO resume_processor.py:617 å¤„ç†çŸ¥è¯†æ¡ç›® 16/18: å¼ ä¸‰_ach_2
2025-10-21 16:15:37,578 INFO resume_processor.py:630 åˆ›å»ºACEå…¼å®¹çš„bulletæ•°æ®: å¼ ä¸‰_ach_2
2025-10-21 16:15:37,578 INFO resume_processor.py:634 æ·»åŠ bulletåˆ°ä¸»çŸ¥è¯†åº“: å¼ ä¸‰_ach_2
2025-10-21 16:15:37,578 INFO resume_processor.py:643 æ·»åŠ bulletåˆ°section æˆå°±è£èª‰: å¼ ä¸‰_ach_2
2025-10-21 16:15:37,578 INFO resume_processor.py:617 å¤„ç†çŸ¥è¯†æ¡ç›® 17/18: å¼ ä¸‰_ach_3
2025-10-21 16:15:37,578 INFO resume_processor.py:630 åˆ›å»ºACEå…¼å®¹çš„bulletæ•°æ®: å¼ ä¸‰_ach_3
2025-10-21 16:15:37,578 INFO resume_processor.py:634 æ·»åŠ bulletåˆ°ä¸»çŸ¥è¯†åº“: å¼ ä¸‰_ach_3
2025-10-21 16:15:37,579 INFO resume_processor.py:643 æ·»åŠ bulletåˆ°section æˆå°±è£èª‰: å¼ ä¸‰_ach_3
2025-10-21 16:15:37,579 INFO resume_processor.py:617 å¤„ç†çŸ¥è¯†æ¡ç›® 18/18: å¼ ä¸‰_ach_4
2025-10-21 16:15:37,579 INFO resume_processor.py:630 åˆ›å»ºACEå…¼å®¹çš„bulletæ•°æ®: å¼ ä¸‰_ach_4
2025-10-21 16:15:37,580 INFO resume_processor.py:634 æ·»åŠ bulletåˆ°ä¸»çŸ¥è¯†åº“: å¼ ä¸‰_ach_4
2025-10-21 16:15:37,580 INFO resume_processor.py:643 æ·»åŠ bulletåˆ°section æˆå°±è£èª‰: å¼ ä¸‰_ach_4
2025-10-21 16:15:37,580 INFO resume_processor.py:645 æ‰€æœ‰ä¸ªäººçŸ¥è¯†æ¡ç›®å·²æ·»åŠ åˆ°ä¸»çŸ¥è¯†åº“
2025-10-21 16:15:37,580 INFO resume_processor.py:646 æ›´æ–°åçš„ä¸»çŸ¥è¯†åº“åŒ…å« 29 ä¸ªæ¡ç›®
2025-10-21 16:15:37,581 INFO resume_processor.py:647 æ›´æ–°åçš„sections: ['defaults', 'guidelines', 'test', 'application_guide', 'æŠ€èƒ½ä¸“é•¿', 'å·¥ä½œç»éªŒ', 'æ•™è‚²èƒŒæ™¯', 'æˆå°±è£èª‰']
2025-10-21 16:15:37,581 INFO resume_processor.py:650 ä¿å­˜æ›´æ–°åçš„ä¸»çŸ¥è¯†åº“åˆ°æ–‡ä»¶: data/playbook.json
2025-10-21 16:15:37,582 INFO resume_processor.py:653 ä¸»çŸ¥è¯†åº“æ–‡ä»¶ä¿å­˜æˆåŠŸ
2025-10-21 16:15:37,582 INFO resume_processor.py:655 å·²å°† å¼ ä¸‰ çš„ä¸ªäººçŸ¥è¯†åº“æ›´æ–°åˆ°ä¸»çŸ¥è¯†åº“
2025-10-21 16:15:37,582 INFO test_resume_processor.py:369 âœ… ä¸»çŸ¥è¯†åº“æ›´æ–°æˆåŠŸ
2025-10-21 16:15:37,583 INFO test_resume_processor.py:378 âœ… ä¸»çŸ¥è¯†åº“åŒ…å« 29 ä¸ªæ¡ç›®
2025-10-21 16:15:37,583 INFO test_resume_processor.py:382 âœ… ä¸»çŸ¥è¯†åº“æ›´æ–°æµ‹è¯•é€šè¿‡
2025-10-21 16:15:37,583 INFO test_resume_processor.py:458 âœ… ä¸»çŸ¥è¯†åº“æ›´æ–° - é€šè¿‡
2025-10-21 16:15:37,583 INFO test_resume_processor.py:451 
==================================================
2025-10-21 16:15:37,583 INFO test_resume_processor.py:452 ğŸ§ª è¿è¡Œæµ‹è¯•: å®‰å…¨é¢„è§ˆåŠŸèƒ½
2025-10-21 16:15:37,583 INFO test_resume_processor.py:453 ==================================================
2025-10-21 16:15:37,583 INFO test_resume_processor.py:391 ğŸ§ª æµ‹è¯•å®‰å…¨é¢„è§ˆåŠŸèƒ½...
2025-10-21 16:15:37,583 INFO test_resume_processor.py:422 âœ… å®‰å…¨é¢„è§ˆåŠŸèƒ½æµ‹è¯•é€šè¿‡
2025-10-21 16:15:37,583 INFO test_resume_processor.py:458 âœ… å®‰å…¨é¢„è§ˆåŠŸèƒ½ - é€šè¿‡
2025-10-21 16:15:37,583 INFO test_resume_processor.py:466 
==================================================
2025-10-21 16:15:37,583 INFO test_resume_processor.py:467 ğŸ“Š æµ‹è¯•ç»“æœæ±‡æ€»
2025-10-21 16:15:37,583 INFO test_resume_processor.py:468 ==================================================
2025-10-21 16:15:37,583 INFO test_resume_processor.py:469 æ€»æµ‹è¯•æ•°: 7
2025-10-21 16:15:37,583 INFO test_resume_processor.py:470 é€šè¿‡æ•°: 7
2025-10-21 16:15:37,583 INFO test_resume_processor.py:471 å¤±è´¥æ•°: 0
2025-10-21 16:15:37,585 INFO test_resume_processor.py:472 é€šè¿‡ç‡: 100.0%
2025-10-21 16:15:37,586 INFO test_resume_processor.py:475 ğŸ‰ æ‰€æœ‰æµ‹è¯•é€šè¿‡ï¼
2025-10-21 16:15:55,855 INFO test_resume_processor.py:483 ğŸ§¹ æ¸…ç†æµ‹è¯•æ•°æ®...
2025-10-21 16:15:55,856 INFO test_resume_processor.py:490 âœ… æµ‹è¯•æ–‡ä»¶æ¸…ç†å®Œæˆ
2025-10-21 16:15:55,857 INFO test_resume_processor.py:516 âœ… ä¸»çŸ¥è¯†åº“æ¸…ç†å®Œæˆ
2025-10-21 16:20:14,978 INFO test_resume_processor.py:542 ğŸ” æ£€æŸ¥è¿è¡Œç¯å¢ƒ...
2025-10-21 16:20:14,978 INFO test_resume_processor.py:548 âœ… ç¡®ä¿ç›®å½•å­˜åœ¨: data
2025-10-21 16:20:14,978 INFO test_resume_processor.py:548 âœ… ç¡®ä¿ç›®å½•å­˜åœ¨: personal_kb
2025-10-21 16:20:14,979 INFO test_resume_processor.py:446 ğŸš€ å¼€å§‹è¿è¡Œç®€å†å¤„ç†å™¨æµ‹è¯•å¥—ä»¶...
2025-10-21 16:20:14,979 INFO test_resume_processor.py:98 ğŸ“ å‡†å¤‡æµ‹è¯•æ–‡ä»¶...
2025-10-21 16:20:14,979 INFO test_resume_processor.py:103 âœ… æ‰¾åˆ°çœŸå®ç®€å†æ–‡ä»¶: resumes/20251020_132537_ZHU_Enqings_resume_-202506.docx
2025-10-21 16:20:14,979 INFO test_resume_processor.py:466 
==================================================
2025-10-21 16:20:14,979 INFO test_resume_processor.py:467 ğŸ§ª è¿è¡Œæµ‹è¯•: æ–‡æœ¬æå–åŠŸèƒ½
2025-10-21 16:20:14,979 INFO test_resume_processor.py:468 ==================================================
2025-10-21 16:20:14,979 INFO test_resume_processor.py:194 ğŸ§ª æµ‹è¯•æ–‡æœ¬æå–åŠŸèƒ½...
2025-10-21 16:20:14,979 INFO resume_processor.py:202 å¼€å§‹æå–æ–‡ä»¶æ–‡æœ¬å†…å®¹: resumes/20251020_132537_ZHU_Enqings_resume_-202506.docx
2025-10-21 16:20:14,979 INFO resume_processor.py:211 æ–‡ä»¶å¤§å°: 71640 bytes
2025-10-21 16:20:14,979 INFO resume_processor.py:225 æ£€æµ‹åˆ°DOCXæ–‡ä»¶ï¼Œä½¿ç”¨python-docxè§£æ
2025-10-21 16:20:14,996 INFO resume_processor.py:139 DOCXè§£æå®Œæˆï¼Œæ®µè½æ•°: 76ï¼Œå­—ç¬¦æ•°: 4861
2025-10-21 16:20:14,997 INFO resume_processor.py:193 å·²ä¿å­˜Markdownå†…å®¹: resumes/20251020_132537_ZHU_Enqings_resume_-202506.md
2025-10-21 16:20:14,997 INFO test_resume_processor.py:202 âœ… è¯¦ç»†ç®€å†æ–‡æœ¬æå–æˆåŠŸï¼Œé•¿åº¦: 4861 å­—ç¬¦
2025-10-21 16:20:14,997 INFO resume_processor.py:202 å¼€å§‹æå–æ–‡ä»¶æ–‡æœ¬å†…å®¹: resumes/20251020_132537_ZHU_Enqings_resume_-202506.docx
2025-10-21 16:20:14,997 INFO resume_processor.py:211 æ–‡ä»¶å¤§å°: 71640 bytes
2025-10-21 16:20:14,997 INFO resume_processor.py:225 æ£€æµ‹åˆ°DOCXæ–‡ä»¶ï¼Œä½¿ç”¨python-docxè§£æ
2025-10-21 16:20:15,015 INFO resume_processor.py:139 DOCXè§£æå®Œæˆï¼Œæ®µè½æ•°: 76ï¼Œå­—ç¬¦æ•°: 4861
2025-10-21 16:20:15,015 INFO resume_processor.py:193 å·²ä¿å­˜Markdownå†…å®¹: resumes/20251020_132537_ZHU_Enqings_resume_-202506.md
2025-10-21 16:20:15,015 INFO test_resume_processor.py:209 âœ… ç®€åŒ–ç®€å†æ–‡æœ¬æå–æˆåŠŸï¼Œé•¿åº¦: 4861 å­—ç¬¦
2025-10-21 16:20:15,015 ERROR test_resume_processor.py:213 âŒ è¯¦ç»†ç®€å†å†…å®¹éªŒè¯å¤±è´¥
2025-10-21 16:20:15,015 ERROR test_resume_processor.py:476 âŒ æ–‡æœ¬æå–åŠŸèƒ½ - å¤±è´¥
2025-10-21 16:20:15,015 INFO test_resume_processor.py:466 
==================================================
2025-10-21 16:20:15,015 INFO test_resume_processor.py:467 ğŸ§ª è¿è¡Œæµ‹è¯•: æœ¬åœ°è§„åˆ™ä¿¡æ¯æå–
2025-10-21 16:20:15,015 INFO test_resume_processor.py:468 ==================================================
2025-10-21 16:20:15,015 INFO test_resume_processor.py:229 ğŸ§ª æµ‹è¯•æœ¬åœ°è§„åˆ™ä¿¡æ¯æå–...
2025-10-21 16:20:15,016 ERROR test_resume_processor.py:256 âŒ æœ¬åœ°è§„åˆ™ä¿¡æ¯æå–æµ‹è¯•å¤±è´¥: 'utf-8' codec can't decode byte 0xec in position 14: invalid continuation byte
2025-10-21 16:20:15,016 ERROR test_resume_processor.py:476 âŒ æœ¬åœ°è§„åˆ™ä¿¡æ¯æå– - å¤±è´¥
2025-10-21 16:20:15,016 INFO test_resume_processor.py:466 
==================================================
2025-10-21 16:20:15,016 INFO test_resume_processor.py:467 ğŸ§ª è¿è¡Œæµ‹è¯•: LLMå®¢æˆ·ç«¯é…ç½®
2025-10-21 16:20:15,016 INFO test_resume_processor.py:468 ==================================================
2025-10-21 16:20:15,016 INFO test_resume_processor.py:261 ğŸ§ª æµ‹è¯•LLMå®¢æˆ·ç«¯é…ç½®...
2025-10-21 16:20:15,132 INFO test_resume_processor.py:269 âœ… LLMå®¢æˆ·ç«¯åˆ›å»ºæˆåŠŸ: OpenAI
2025-10-21 16:20:15,132 INFO test_resume_processor.py:473 âœ… LLMå®¢æˆ·ç«¯é…ç½® - é€šè¿‡
2025-10-21 16:20:15,132 INFO test_resume_processor.py:466 
==================================================
2025-10-21 16:20:15,132 INFO test_resume_processor.py:467 ğŸ§ª è¿è¡Œæµ‹è¯•: AIä¿¡æ¯æå–
2025-10-21 16:20:15,132 INFO test_resume_processor.py:468 ==================================================
2025-10-21 16:20:15,132 INFO test_resume_processor.py:278 ğŸ§ª æµ‹è¯•AIä¿¡æ¯æå–...
2025-10-21 16:20:15,132 ERROR test_resume_processor.py:305 âŒ AIä¿¡æ¯æå–æµ‹è¯•å¤±è´¥: 'utf-8' codec can't decode byte 0xec in position 14: invalid continuation byte
2025-10-21 16:20:15,132 ERROR test_resume_processor.py:476 âŒ AIä¿¡æ¯æå– - å¤±è´¥
2025-10-21 16:20:15,132 INFO test_resume_processor.py:466 
==================================================
2025-10-21 16:20:15,132 INFO test_resume_processor.py:467 ğŸ§ª è¿è¡Œæµ‹è¯•: çŸ¥è¯†åº“åˆ›å»º
2025-10-21 16:20:15,132 INFO test_resume_processor.py:468 ==================================================
2025-10-21 16:20:15,132 INFO test_resume_processor.py:310 ğŸ§ª æµ‹è¯•çŸ¥è¯†åº“åˆ›å»º...
2025-10-21 16:20:15,132 ERROR test_resume_processor.py:351 âŒ çŸ¥è¯†åº“åˆ›å»ºæµ‹è¯•å¤±è´¥: 'utf-8' codec can't decode byte 0xec in position 14: invalid continuation byte
2025-10-21 16:20:15,132 ERROR test_resume_processor.py:476 âŒ çŸ¥è¯†åº“åˆ›å»º - å¤±è´¥
2025-10-21 16:20:15,132 INFO test_resume_processor.py:466 
==================================================
2025-10-21 16:20:15,132 INFO test_resume_processor.py:467 ğŸ§ª è¿è¡Œæµ‹è¯•: ä¸»çŸ¥è¯†åº“æ›´æ–°
2025-10-21 16:20:15,132 INFO test_resume_processor.py:468 ==================================================
2025-10-21 16:20:15,132 INFO test_resume_processor.py:356 ğŸ§ª æµ‹è¯•ä¸»çŸ¥è¯†åº“æ›´æ–°...
2025-10-21 16:20:15,133 ERROR test_resume_processor.py:401 âŒ ä¸»çŸ¥è¯†åº“æ›´æ–°æµ‹è¯•å¤±è´¥: 'utf-8' codec can't decode byte 0xec in position 14: invalid continuation byte
2025-10-21 16:20:15,133 ERROR test_resume_processor.py:476 âŒ ä¸»çŸ¥è¯†åº“æ›´æ–° - å¤±è´¥
2025-10-21 16:20:15,133 INFO test_resume_processor.py:466 
==================================================
2025-10-21 16:20:15,133 INFO test_resume_processor.py:467 ğŸ§ª è¿è¡Œæµ‹è¯•: å®‰å…¨é¢„è§ˆåŠŸèƒ½
2025-10-21 16:20:15,133 INFO test_resume_processor.py:468 ==================================================
2025-10-21 16:20:15,133 INFO test_resume_processor.py:406 ğŸ§ª æµ‹è¯•å®‰å…¨é¢„è§ˆåŠŸèƒ½...
2025-10-21 16:20:15,134 INFO test_resume_processor.py:437 âœ… å®‰å…¨é¢„è§ˆåŠŸèƒ½æµ‹è¯•é€šè¿‡
2025-10-21 16:20:15,134 INFO test_resume_processor.py:473 âœ… å®‰å…¨é¢„è§ˆåŠŸèƒ½ - é€šè¿‡
2025-10-21 16:20:15,134 INFO test_resume_processor.py:481 
==================================================
2025-10-21 16:20:15,134 INFO test_resume_processor.py:482 ğŸ“Š æµ‹è¯•ç»“æœæ±‡æ€»
2025-10-21 16:20:15,135 INFO test_resume_processor.py:483 ==================================================
2025-10-21 16:20:15,135 INFO test_resume_processor.py:484 æ€»æµ‹è¯•æ•°: 7
2025-10-21 16:20:15,135 INFO test_resume_processor.py:485 é€šè¿‡æ•°: 2
2025-10-21 16:20:15,135 INFO test_resume_processor.py:486 å¤±è´¥æ•°: 5
2025-10-21 16:20:15,135 INFO test_resume_processor.py:487 é€šè¿‡ç‡: 28.6%
2025-10-21 16:20:15,135 WARNING test_resume_processor.py:492 âš ï¸  æœ‰ 5 ä¸ªæµ‹è¯•å¤±è´¥
2025-10-21 16:20:18,637 INFO test_resume_processor.py:498 ğŸ§¹ æ¸…ç†æµ‹è¯•æ•°æ®...
2025-10-21 16:20:18,638 INFO test_resume_processor.py:505 âœ… æµ‹è¯•æ–‡ä»¶æ¸…ç†å®Œæˆ
2025-10-21 16:20:18,641 INFO test_resume_processor.py:531 âœ… ä¸»çŸ¥è¯†åº“æ¸…ç†å®Œæˆ
2025-10-21 16:21:07,644 INFO test_resume_processor.py:562 ğŸ” æ£€æŸ¥è¿è¡Œç¯å¢ƒ...
2025-10-21 16:21:07,644 INFO test_resume_processor.py:568 âœ… ç¡®ä¿ç›®å½•å­˜åœ¨: data
2025-10-21 16:21:07,644 INFO test_resume_processor.py:568 âœ… ç¡®ä¿ç›®å½•å­˜åœ¨: personal_kb
2025-10-21 16:21:07,644 INFO test_resume_processor.py:466 ğŸš€ å¼€å§‹è¿è¡Œç®€å†å¤„ç†å™¨æµ‹è¯•å¥—ä»¶...
2025-10-21 16:21:07,644 INFO test_resume_processor.py:120 ğŸ“ å‡†å¤‡æµ‹è¯•æ–‡ä»¶...
2025-10-21 16:21:07,644 INFO test_resume_processor.py:125 âœ… æ‰¾åˆ°çœŸå®ç®€å†æ–‡ä»¶: resumes/20251020_132537_ZHU_Enqings_resume_-202506.docx
2025-10-21 16:21:07,644 INFO test_resume_processor.py:486 
==================================================
2025-10-21 16:21:07,644 INFO test_resume_processor.py:487 ğŸ§ª è¿è¡Œæµ‹è¯•: æ–‡æœ¬æå–åŠŸèƒ½
2025-10-21 16:21:07,644 INFO test_resume_processor.py:488 ==================================================
2025-10-21 16:21:07,644 INFO test_resume_processor.py:216 ğŸ§ª æµ‹è¯•æ–‡æœ¬æå–åŠŸèƒ½...
2025-10-21 16:21:07,644 INFO resume_processor.py:202 å¼€å§‹æå–æ–‡ä»¶æ–‡æœ¬å†…å®¹: resumes/20251020_132537_ZHU_Enqings_resume_-202506.docx
2025-10-21 16:21:07,644 INFO resume_processor.py:211 æ–‡ä»¶å¤§å°: 71640 bytes
2025-10-21 16:21:07,644 INFO resume_processor.py:225 æ£€æµ‹åˆ°DOCXæ–‡ä»¶ï¼Œä½¿ç”¨python-docxè§£æ
2025-10-21 16:21:07,661 INFO resume_processor.py:139 DOCXè§£æå®Œæˆï¼Œæ®µè½æ•°: 76ï¼Œå­—ç¬¦æ•°: 4861
2025-10-21 16:21:07,662 INFO resume_processor.py:193 å·²ä¿å­˜Markdownå†…å®¹: resumes/20251020_132537_ZHU_Enqings_resume_-202506.md
2025-10-21 16:21:07,662 INFO test_resume_processor.py:224 âœ… è¯¦ç»†ç®€å†æ–‡æœ¬æå–æˆåŠŸï¼Œé•¿åº¦: 4861 å­—ç¬¦
2025-10-21 16:21:07,663 INFO resume_processor.py:202 å¼€å§‹æå–æ–‡ä»¶æ–‡æœ¬å†…å®¹: resumes/20251020_132537_ZHU_Enqings_resume_-202506.docx
2025-10-21 16:21:07,663 INFO resume_processor.py:211 æ–‡ä»¶å¤§å°: 71640 bytes
2025-10-21 16:21:07,663 INFO resume_processor.py:225 æ£€æµ‹åˆ°DOCXæ–‡ä»¶ï¼Œä½¿ç”¨python-docxè§£æ
2025-10-21 16:21:07,680 INFO resume_processor.py:139 DOCXè§£æå®Œæˆï¼Œæ®µè½æ•°: 76ï¼Œå­—ç¬¦æ•°: 4861
2025-10-21 16:21:07,680 INFO resume_processor.py:193 å·²ä¿å­˜Markdownå†…å®¹: resumes/20251020_132537_ZHU_Enqings_resume_-202506.md
2025-10-21 16:21:07,680 INFO test_resume_processor.py:231 âœ… ç®€åŒ–ç®€å†æ–‡æœ¬æå–æˆåŠŸï¼Œé•¿åº¦: 4861 å­—ç¬¦
2025-10-21 16:21:07,681 INFO test_resume_processor.py:235 âœ… è¯¦ç»†ç®€å†å†…å®¹éªŒè¯é€šè¿‡ï¼ˆåŒ…å«å§“åä¿¡æ¯ï¼‰
2025-10-21 16:21:07,681 INFO test_resume_processor.py:240 âœ… ç®€åŒ–ç®€å†å†…å®¹éªŒè¯é€šè¿‡ï¼ˆåŒ…å«å§“åä¿¡æ¯ï¼‰
2025-10-21 16:21:07,681 INFO test_resume_processor.py:244 âœ… æ–‡æœ¬æå–åŠŸèƒ½æµ‹è¯•é€šè¿‡
2025-10-21 16:21:07,681 INFO test_resume_processor.py:493 âœ… æ–‡æœ¬æå–åŠŸèƒ½ - é€šè¿‡
2025-10-21 16:21:07,681 INFO test_resume_processor.py:486 
==================================================
2025-10-21 16:21:07,681 INFO test_resume_processor.py:487 ğŸ§ª è¿è¡Œæµ‹è¯•: æœ¬åœ°è§„åˆ™ä¿¡æ¯æå–
2025-10-21 16:21:07,681 INFO test_resume_processor.py:488 ==================================================
2025-10-21 16:21:07,681 INFO test_resume_processor.py:253 ğŸ§ª æµ‹è¯•æœ¬åœ°è§„åˆ™ä¿¡æ¯æå–...
2025-10-21 16:21:07,681 INFO resume_processor.py:202 å¼€å§‹æå–æ–‡ä»¶æ–‡æœ¬å†…å®¹: resumes/20251020_132537_ZHU_Enqings_resume_-202506.docx
2025-10-21 16:21:07,681 INFO resume_processor.py:211 æ–‡ä»¶å¤§å°: 71640 bytes
2025-10-21 16:21:07,681 INFO resume_processor.py:225 æ£€æµ‹åˆ°DOCXæ–‡ä»¶ï¼Œä½¿ç”¨python-docxè§£æ
2025-10-21 16:21:07,697 INFO resume_processor.py:139 DOCXè§£æå®Œæˆï¼Œæ®µè½æ•°: 76ï¼Œå­—ç¬¦æ•°: 4861
2025-10-21 16:21:07,698 INFO resume_processor.py:193 å·²ä¿å­˜Markdownå†…å®¹: resumes/20251020_132537_ZHU_Enqings_resume_-202506.md
2025-10-21 16:21:07,698 INFO resume_processor.py:406 æ‰§è¡Œæœ¬åœ°è§„åˆ™ä¿¡æ¯æå–
2025-10-21 16:21:07,698 INFO resume_processor.py:409 å›é€€è§„åˆ™ï¼šå°†å†…å®¹åˆ†å‰²ä¸º 76 è¡Œè¿›è¡Œå¤„ç†
2025-10-21 16:21:07,698 INFO resume_processor.py:473 æœ¬åœ°è§„åˆ™ä¿¡æ¯æå–å®Œæˆ
2025-10-21 16:21:07,699 INFO test_resume_processor.py:266 âœ… æœ¬åœ°è§„åˆ™æå–æˆåŠŸ: {'name': 'ä¸ªäººç®€å†', 'email': 'æ‰‹  æœºï¼š ï¼ˆ0ï¼‰18217361837     å¾®ä¿¡å·ï¼šzhuenqing824    ç”µå­é‚®ä»¶ï¼šzhu04303661@163.com', 'phone': '2009 \t\tå‘è¡¨ã€Šã€‹---EIæ”¶å½•', 'experience': '2021.03~è‡³ä»Š ã€æ–°å¥¥é›†å›¢ã€‘è´Ÿè´£å¤§å‹èƒ½æºé›†å›¢çš„æ™ºèƒ½åŒ–æŠ€æœ¯ï¼Œå¸¦é¢†å¤§æ¨¡å‹ç ”å‘å›¢é˜Ÿï¼Œæ‹…ä»»AIæ™ºèƒ½èµ„æ·±æŠ€æœ¯ä¸“å®¶/æ™ºèƒ½å¤§æ¨¡å‹å·¥ç¨‹èµ„æ·±æ¶æ„å¸ˆ/æ™ºèƒ½ç¾¤èµ„æ·±æŠ€æœ¯æ€»ç›‘ 2015.8~2021.3ã€æºç¨‹ã€‘è´Ÿè´£æºç¨‹ç§»åŠ¨ç«¯åƒäººå›¢é˜Ÿçš„ç ”å‘æ•ˆèƒ½ï¼Œæ”¯æ’‘ç§»åŠ¨ç«¯äº¿çº§æµç¨‹æœåŠ¡å…¥å£ï¼Œè´Ÿè´£æ— çº¿MCDäº‘å¹³å°ä¸æ— çº¿æœåŠ¡ç«¯å¼€å‘ï¼Œç®—æ³•æŠ€æœ¯ä¸“å®¶/é«˜çº§ç»ç† 2014.3~2015.1ã€çˆ±ç«‹ä¿¡ã€‘è´Ÿè´£çˆ±ç«‹ä¿¡ä¸­å›½æ ¸å¿ƒé€šè®¯æŠ€æœ¯ç ”å‘ï¼Œæ‹…ä»»èµ„æºç®—æ³•å·¥ç¨‹å¸ˆã€äº‘è®¡ç®—å·¥ç¨‹å¸ˆ1å¹´ 2011.4~2014.3ã€é˜¿å°”å¡ç‰¹æœ—è®¯è´å°”å®éªŒå®¤ã€‘è´Ÿè´£4Gæ ¸å¿ƒç‰©ç†å±‚ç®—æ³•ä»¿çœŸç³»ç»Ÿç ”å‘ï¼Œæ‹…ä»»ç®—æ³•å·¥ç¨‹å¸ˆ/ä»¿çœŸç³»ç»Ÿç ”å‘ç»ç†3å¹´ï¼›å‰å¾€ç¾å›½è´å°”å®éªŒå®¤ï¼Œè”åˆç ”å‘ç‰©ç†å±‚ä»¿çœŸç³»ç»Ÿã€‚ è‹±ç‰¹å°”---Linuxæ“ä½œç³»ç»Ÿç ”å‘å®ä¹ ç”Ÿ10ä¸ªæœˆ ç»å†ç®€ä»‹                                                             æ“…é•¿ æ“…é•¿åœ¨èƒ½æºäº§ä¸šã€å®‰å…¨ç”Ÿäº§ç­‰åœºæ™¯ä¸­å¼€å‘é«˜ä»·å€¼æ™ºèƒ½æ¨¡å‹ï¼Œæ“…é•¿ä¼ä¸šæ™ºèƒ½ä½“AgentæŠ€æœ¯ã€å¤§æ¨¡å‹è®­ç»ƒæ‰“é€ æŠ€æœ¯ã€æ™ºèƒ½æ¨¡å‹ç ”å‘å¹³å°ï¼Œå¯¹äºå¤§æ¨¡å‹åº”ç”¨æœ‰æ·±å…¥ç ”ç©¶ äº’è”ç½‘çš„å„ç§åŸºç¡€è®¾æ–½çš„æ„å»ºï¼ŒåŒ…æ‹¬äº‘è®¡ç®—ï¼Œç§»åŠ¨äº’è”ç½‘çš„åŸºç¡€æœåŠ¡ï¼Œä»¥åŠå„ç§ç ”å‘å·¥å…·é“¾ã€‚ æŠ€æœ¯å‘å±•è·¯çº¿ ç ”ç©¶ç”Ÿæ—¶æœŸä¸»æ”»åµŒå…¥å¼æ–¹å‘ï¼Œå¯¹å·¥ä¸šæ§åˆ¶æ–¹é¢æœ‰ä¸€å®šäº†è§£ã€‚ å·¥ä½œå‰ä¸‰å¹´ä»äº‹é€šè®¯è¡Œä¸šï¼Œä¸»æ”»4Gç‰©ç†å±‚é€šè®¯ç®—æ³•ä»¿çœŸã€‚ å·¥ä½œç¬¬å››å¹´è½¬å‹åšäº‘è®¡ç®—æ–¹é¢ï¼ŒåŠ å…¥æºç¨‹ï¼Œä»äº‹ç§»åŠ¨äº’è”ç½‘äº‘è®¡ç®—ç›¸å…³çš„ç ”å‘ åœ¨äº§ä¸šäº’è”ç½‘è¡Œä¸šä»äº‹AIæŠ€æœ¯ç ”å‘å·¥ä½œï¼Œå¯¹äºCV/NLPä»¥åŠç‰©è”æœºç†ç®—æ³•æœ‰æ·±å…¥ç ”ç©¶ï¼Œå¹¶ç ”å‘äº†ä¸€å¥—æ„ŸçŸ¥è®¤çŸ¥ä¸æŒç»­è¿­ä»£æŠ€æœ¯ï¼Œå¤§å¹…æå‡æ™ºèƒ½çš„å‡†ç¡®åº¦å’Œç ”å‘æ•ˆç‡ã€‚ å¯¹äºGPTå¤§æ¨¡å‹æŠ€æœ¯æœ‰æ·±å…¥ç ”ç©¶ï¼Œå¹¶æˆåŠŸä¸ºæ–°å¥¥æ‰“é€ äº†äº§ä¸šå¤§æ¨¡å‹ï¼Œä½¿ç”¨è¡Œä¸šæ•°æ®è®­ç»ƒGPTå¤§æ¨¡å‹ï¼Œå»ºè®¾å¤§æ¨¡å‹ç ”å‘å¹³å°ï¼ŒæŒç»­æå‡äº§ä¸šå¤§æ¨¡å‹èƒ½åŠ›ã€‚ åŠ å…¥æ–°å¥¥ã€æºç¨‹ä»äº‹åŸºç¡€è®¾æ–½å»ºè®¾ä»¥åŠä¼ä¸šæ™ºèƒ½åŒ–æ¶æ„å·¥ä½œ', 'education': '2008.9-2011.4\t    å—äº¬ç†å·¥å¤§å­¦  æµ‹æ§æŠ€æœ¯ä¸ä»ªå™¨   ç¡•å£«å­¦ä½ 2004.9-2008.6\t    å—äº¬ç†å·¥å¤§å­¦  æµ‹æ§æŠ€æœ¯ä¸ä»ªå™¨   å­¦å£«å­¦ä½\t ä¸“ä¸šä¸æ–¹å‘ï¼š äººå·¥æ™ºèƒ½ï¼Œå¤§æ¨¡å‹æŠ€æœ¯ï¼Œæ™ºèƒ½ä½“ï¼Œäº§ä¸šæ™ºèƒ½ï¼Œç‰©è”æ™ºèƒ½ï¼ŒæŒç»­è¿­ä»£ï¼Œè½¯ä»¶ç³»ç»Ÿï¼Œé€šè®¯ç³»ç»Ÿï¼ŒåµŒå…¥å¼ç³»ç»Ÿçš„å¼€å‘ï¼ŒLinuxç³»ç»ŸæŠ€æœ¯åº”ç”¨ å·¥ä½œç»éªŒï¼ˆ12å¹´ï¼‰ï¼š 2021.03~è‡³ä»Š ã€æ–°å¥¥é›†å›¢ã€‘è´Ÿè´£å¤§å‹èƒ½æºé›†å›¢çš„æ™ºèƒ½åŒ–æŠ€æœ¯ï¼Œå¸¦é¢†å¤§æ¨¡å‹ç ”å‘å›¢é˜Ÿï¼Œæ‹…ä»»AIæ™ºèƒ½èµ„æ·±æŠ€æœ¯ä¸“å®¶/æ™ºèƒ½å¤§æ¨¡å‹å·¥ç¨‹èµ„æ·±æ¶æ„å¸ˆ/æ™ºèƒ½ç¾¤èµ„æ·±æŠ€æœ¯æ€»ç›‘ 2015.8~2021.3ã€æºç¨‹ã€‘è´Ÿè´£æºç¨‹ç§»åŠ¨ç«¯åƒäººå›¢é˜Ÿçš„ç ”å‘æ•ˆèƒ½ï¼Œæ”¯æ’‘ç§»åŠ¨ç«¯äº¿çº§æµç¨‹æœåŠ¡å…¥å£ï¼Œè´Ÿè´£æ— çº¿MCDäº‘å¹³å°ä¸æ— çº¿æœåŠ¡ç«¯å¼€å‘ï¼Œç®—æ³•æŠ€æœ¯ä¸“å®¶/é«˜çº§ç»ç† 2014.3~2015.1ã€çˆ±ç«‹ä¿¡ã€‘è´Ÿè´£çˆ±ç«‹ä¿¡ä¸­å›½æ ¸å¿ƒé€šè®¯æŠ€æœ¯ç ”å‘ï¼Œæ‹…ä»»èµ„æºç®—æ³•å·¥ç¨‹å¸ˆã€äº‘è®¡ç®—å·¥ç¨‹å¸ˆ1å¹´ 2011.4~2014.3ã€é˜¿å°”å¡ç‰¹æœ—è®¯è´å°”å®éªŒå®¤ã€‘è´Ÿè´£4Gæ ¸å¿ƒç‰©ç†å±‚ç®—æ³•ä»¿çœŸç³»ç»Ÿç ”å‘ï¼Œæ‹…ä»»ç®—æ³•å·¥ç¨‹å¸ˆ/ä»¿çœŸç³»ç»Ÿç ”å‘ç»ç†3å¹´ï¼›å‰å¾€ç¾å›½è´å°”å®éªŒå®¤ï¼Œè”åˆç ”å‘ç‰©ç†å±‚ä»¿çœŸç³»ç»Ÿã€‚ è‹±ç‰¹å°”---Linuxæ“ä½œç³»ç»Ÿç ”å‘å®ä¹ ç”Ÿ10ä¸ªæœˆ ç»å†ç®€ä»‹                                                             æ“…é•¿ æ“…é•¿åœ¨èƒ½æºäº§ä¸šã€å®‰å…¨ç”Ÿäº§ç­‰åœºæ™¯ä¸­å¼€å‘é«˜ä»·å€¼æ™ºèƒ½æ¨¡å‹ï¼Œæ“…é•¿ä¼ä¸šæ™ºèƒ½ä½“AgentæŠ€æœ¯ã€å¤§æ¨¡å‹è®­ç»ƒæ‰“é€ æŠ€æœ¯ã€æ™ºèƒ½æ¨¡å‹ç ”å‘å¹³å°ï¼Œå¯¹äºå¤§æ¨¡å‹åº”ç”¨æœ‰æ·±å…¥ç ”ç©¶ äº’è”ç½‘çš„å„ç§åŸºç¡€è®¾æ–½çš„æ„å»ºï¼ŒåŒ…æ‹¬äº‘è®¡ç®—ï¼Œç§»åŠ¨äº’è”ç½‘çš„åŸºç¡€æœåŠ¡ï¼Œä»¥åŠå„ç§ç ”å‘å·¥å…·é“¾ã€‚ æŠ€æœ¯å‘å±•è·¯çº¿ ç ”ç©¶ç”Ÿæ—¶æœŸä¸»æ”»åµŒå…¥å¼æ–¹å‘ï¼Œå¯¹å·¥ä¸šæ§åˆ¶æ–¹é¢æœ‰ä¸€å®šäº†è§£ã€‚ å·¥ä½œå‰ä¸‰å¹´ä»äº‹é€šè®¯è¡Œä¸šï¼Œä¸»æ”»4Gç‰©ç†å±‚é€šè®¯ç®—æ³•ä»¿çœŸã€‚ å·¥ä½œç¬¬å››å¹´è½¬å‹åšäº‘è®¡ç®—æ–¹é¢ï¼ŒåŠ å…¥æºç¨‹ï¼Œä»äº‹ç§»åŠ¨äº’è”ç½‘äº‘è®¡ç®—ç›¸å…³çš„ç ”å‘ åœ¨äº§ä¸šäº’è”ç½‘è¡Œä¸šä»äº‹AIæŠ€æœ¯ç ”å‘å·¥ä½œï¼Œå¯¹äºCV/NLPä»¥åŠç‰©è”æœºç†ç®—æ³•æœ‰æ·±å…¥ç ”ç©¶ï¼Œå¹¶ç ”å‘äº†ä¸€å¥—æ„ŸçŸ¥è®¤çŸ¥ä¸æŒç»­è¿­ä»£æŠ€æœ¯ï¼Œå¤§å¹…æå‡æ™ºèƒ½çš„å‡†ç¡®åº¦å’Œç ”å‘æ•ˆç‡ã€‚ å¯¹äºGPTå¤§æ¨¡å‹æŠ€æœ¯æœ‰æ·±å…¥ç ”ç©¶ï¼Œå¹¶æˆåŠŸä¸ºæ–°å¥¥æ‰“é€ äº†äº§ä¸šå¤§æ¨¡å‹ï¼Œä½¿ç”¨è¡Œä¸šæ•°æ®è®­ç»ƒGPTå¤§æ¨¡å‹ï¼Œå»ºè®¾å¤§æ¨¡å‹ç ”å‘å¹³å°ï¼ŒæŒç»­æå‡äº§ä¸šå¤§æ¨¡å‹èƒ½åŠ›ã€‚ åŠ å…¥æ–°å¥¥ã€æºç¨‹ä»äº‹åŸºç¡€è®¾æ–½å»ºè®¾ä»¥åŠä¼ä¸šæ™ºèƒ½åŒ–æ¶æ„å·¥ä½œ', 'skills': ['ç‚¹å…¨é¢ï¼Œç”±å…¨æ ˆå·¥ç¨‹å¸ˆé€æ­¥æˆé•¿ä¸ºç§»åŠ¨é¢†åŸŸæŒç»­äº¤ä»˜ä¸“å®¶ï¼Œä¼ä¸šæ¶æ„å¸ˆï¼Œæ™ºèƒ½äº§å“æ¶æ„å¸ˆï¼Œæ™ºèƒ½ç®—æ³•ä¸“å®¶ã€‚'], 'achievements': [], 'projects': [], 'languages': [], 'certifications': [], 'summary': ''}
2025-10-21 16:21:07,699 INFO test_resume_processor.py:275 âœ… æœ¬åœ°è§„åˆ™ä¿¡æ¯æå–æµ‹è¯•é€šè¿‡
2025-10-21 16:21:07,699 INFO test_resume_processor.py:493 âœ… æœ¬åœ°è§„åˆ™ä¿¡æ¯æå– - é€šè¿‡
2025-10-21 16:21:07,699 INFO test_resume_processor.py:486 
==================================================
2025-10-21 16:21:07,699 INFO test_resume_processor.py:487 ğŸ§ª è¿è¡Œæµ‹è¯•: LLMå®¢æˆ·ç«¯é…ç½®
2025-10-21 16:21:07,699 INFO test_resume_processor.py:488 ==================================================
2025-10-21 16:21:07,699 INFO test_resume_processor.py:284 ğŸ§ª æµ‹è¯•LLMå®¢æˆ·ç«¯é…ç½®...
2025-10-21 16:21:07,805 INFO test_resume_processor.py:292 âœ… LLMå®¢æˆ·ç«¯åˆ›å»ºæˆåŠŸ: OpenAI
2025-10-21 16:21:07,805 INFO test_resume_processor.py:493 âœ… LLMå®¢æˆ·ç«¯é…ç½® - é€šè¿‡
2025-10-21 16:21:07,805 INFO test_resume_processor.py:486 
==================================================
2025-10-21 16:21:07,805 INFO test_resume_processor.py:487 ğŸ§ª è¿è¡Œæµ‹è¯•: AIä¿¡æ¯æå–
2025-10-21 16:21:07,805 INFO test_resume_processor.py:488 ==================================================
2025-10-21 16:21:07,805 INFO test_resume_processor.py:301 ğŸ§ª æµ‹è¯•AIä¿¡æ¯æå–...
2025-10-21 16:21:07,806 INFO resume_processor.py:202 å¼€å§‹æå–æ–‡ä»¶æ–‡æœ¬å†…å®¹: resumes/20251020_132537_ZHU_Enqings_resume_-202506.docx
2025-10-21 16:21:07,806 INFO resume_processor.py:211 æ–‡ä»¶å¤§å°: 71640 bytes
2025-10-21 16:21:07,806 INFO resume_processor.py:225 æ£€æµ‹åˆ°DOCXæ–‡ä»¶ï¼Œä½¿ç”¨python-docxè§£æ
2025-10-21 16:21:07,821 INFO resume_processor.py:139 DOCXè§£æå®Œæˆï¼Œæ®µè½æ•°: 76ï¼Œå­—ç¬¦æ•°: 4861
2025-10-21 16:21:07,822 INFO resume_processor.py:193 å·²ä¿å­˜Markdownå†…å®¹: resumes/20251020_132537_ZHU_Enqings_resume_-202506.md
2025-10-21 16:21:07,822 INFO resume_processor.py:325 å¼€å§‹AIä¿¡æ¯æå–ï¼Œè¾“å…¥å†…å®¹é•¿åº¦: 4861 å­—ç¬¦
2025-10-21 16:21:07,832 INFO resume_processor.py:334 è°ƒç”¨LLMæä¾›å•†: AZURE
2025-10-21 16:21:22,212 INFO _client.py:1025 HTTP Request: POST https://ennew-openai-east-us-2.openai.azure.com/openai/deployments/gpt-4.1/chat/completions?api-version=2025-01-01-preview "HTTP/1.1 200 OK"
2025-10-21 16:21:22,431 INFO resume_processor.py:380 LLMè¿”å›æ–‡æœ¬é•¿åº¦: 2366; é¢„è§ˆ: {
  "name": "æœ±æ©åº†",
  "email": "zhu04303661@163.com",
  "phone": "18217361837",
  "experience": "2021.03~è‡³ä»Š æ–°å¥¥é›†å›¢ï¼Œæ‹…ä»»AIæ™ºèƒ½èµ„æ·±æŠ€æœ¯ä¸“å®¶/æ™ºèƒ½å¤§æ¨¡å‹å·¥ç¨‹èµ„æ·±æ¶æ„å¸ˆ/æ™ºèƒ½ç¾¤èµ„æ·±æŠ€æœ¯æ€»ç›‘ï¼Œè´Ÿè´£å¤§å‹èƒ½æºé›†å›¢çš„æ™ºèƒ½åŒ–æŠ€æœ¯ï¼Œå¸¦é¢†å¤§æ¨¡å‹ç ”å‘å›¢é˜Ÿã€‚2015.8~2021.3 æºç¨‹ï¼Œæ‹…ä»»ç®—æ³•æŠ€æœ¯ä¸“å®¶/é«˜...
2025-10-21 16:21:22,431 INFO resume_processor.py:397 LLMä¿¡æ¯æå–æˆåŠŸ
2025-10-21 16:21:22,431 INFO test_resume_processor.py:314 âœ… AIä¿¡æ¯æå–æˆåŠŸ: {'name': 'æœ±æ©åº†', 'email': 'zhu04303661@163.com', 'phone': '18217361837', 'experience': '2021.03~è‡³ä»Š æ–°å¥¥é›†å›¢ï¼Œæ‹…ä»»AIæ™ºèƒ½èµ„æ·±æŠ€æœ¯ä¸“å®¶/æ™ºèƒ½å¤§æ¨¡å‹å·¥ç¨‹èµ„æ·±æ¶æ„å¸ˆ/æ™ºèƒ½ç¾¤èµ„æ·±æŠ€æœ¯æ€»ç›‘ï¼Œè´Ÿè´£å¤§å‹èƒ½æºé›†å›¢çš„æ™ºèƒ½åŒ–æŠ€æœ¯ï¼Œå¸¦é¢†å¤§æ¨¡å‹ç ”å‘å›¢é˜Ÿã€‚2015.8~2021.3 æºç¨‹ï¼Œæ‹…ä»»ç®—æ³•æŠ€æœ¯ä¸“å®¶/é«˜çº§ç»ç†ï¼Œè´Ÿè´£æºç¨‹ç§»åŠ¨ç«¯åƒäººå›¢é˜Ÿçš„ç ”å‘æ•ˆèƒ½ï¼Œæ”¯æ’‘ç§»åŠ¨ç«¯äº¿çº§æµç¨‹æœåŠ¡å…¥å£ï¼Œæ— çº¿MCDäº‘å¹³å°ä¸æ— çº¿æœåŠ¡ç«¯å¼€å‘ã€‚2014.3~2015.1 çˆ±ç«‹ä¿¡ï¼Œæ‹…ä»»èµ„æºç®—æ³•å·¥ç¨‹å¸ˆã€äº‘è®¡ç®—å·¥ç¨‹å¸ˆï¼Œè´Ÿè´£ä¸­å›½æ ¸å¿ƒé€šè®¯æŠ€æœ¯ç ”å‘ã€‚2011.4~2014.3 é˜¿å°”å¡ç‰¹æœ—è®¯è´å°”å®éªŒå®¤ï¼Œæ‹…ä»»ç®—æ³•å·¥ç¨‹å¸ˆ/ä»¿çœŸç³»ç»Ÿç ”å‘ç»ç†ï¼Œè´Ÿè´£4Gæ ¸å¿ƒç‰©ç†å±‚ç®—æ³•ä»¿çœŸç³»ç»Ÿç ”å‘ï¼Œå¹¶å‰å¾€ç¾å›½è´å°”å®éªŒå®¤è”åˆç ”å‘ã€‚è‹±ç‰¹å°”ï¼ŒLinuxæ“ä½œç³»ç»Ÿç ”å‘å®ä¹ ç”Ÿ10ä¸ªæœˆã€‚å…±12å¹´æŠ€æœ¯ç®¡ç†ç»éªŒï¼Œå›¢é˜Ÿç®¡ç†è§„æ¨¡ä»5äººåˆ°90äººï¼Œæ¶µç›–ç®—æ³•ã€å·¥ç¨‹ã€æ™ºèƒ½ç ”å‘ç­‰æ–¹å‘ã€‚', 'education': '2008.9-2011.4 å—äº¬ç†å·¥å¤§å­¦ æµ‹æ§æŠ€æœ¯ä¸ä»ªå™¨ ç¡•å£«å­¦ä½ã€‚2004.9-2008.6 å—äº¬ç†å·¥å¤§å­¦ æµ‹æ§æŠ€æœ¯ä¸ä»ªå™¨ å­¦å£«å­¦ä½ã€‚ä¸“ä¸šæ–¹å‘åŒ…æ‹¬äººå·¥æ™ºèƒ½ã€å¤§æ¨¡å‹æŠ€æœ¯ã€æ™ºèƒ½ä½“ã€äº§ä¸šæ™ºèƒ½ã€ç‰©è”æ™ºèƒ½ã€æŒç»­è¿­ä»£ã€è½¯ä»¶ç³»ç»Ÿã€é€šè®¯ç³»ç»Ÿã€åµŒå…¥å¼ç³»ç»Ÿå¼€å‘ã€Linuxç³»ç»ŸæŠ€æœ¯åº”ç”¨ã€‚', 'skills': ['äººå·¥æ™ºèƒ½', 'å¤§æ¨¡å‹æŠ€æœ¯', 'æ™ºèƒ½ä½“AgentæŠ€æœ¯', 'å¤§æ¨¡å‹è®­ç»ƒä¸æ‰“é€ ', 'æ™ºèƒ½æ¨¡å‹ç ”å‘å¹³å°', 'äº‘è®¡ç®—', 'ç§»åŠ¨äº’è”ç½‘åŸºç¡€æœåŠ¡', 'ç ”å‘å·¥å…·é“¾', 'åµŒå…¥å¼ç³»ç»Ÿå¼€å‘', 'é€šè®¯ç®—æ³•ä»¿çœŸ', 'CV/NLPç®—æ³•', 'ç‰©è”æœºç†ç®—æ³•', 'æ„ŸçŸ¥è®¤çŸ¥ä¸æŒç»­è¿­ä»£æŠ€æœ¯', 'GPTå¤§æ¨¡å‹æŠ€æœ¯', 'ä¼ä¸šæ™ºèƒ½åŒ–æ¶æ„', 'å…¨æ ˆå¼€å‘', 'æŒç»­äº¤ä»˜', 'ä¼ä¸šæ¶æ„', 'æ™ºèƒ½äº§å“æ¶æ„', 'æ™ºèƒ½ç®—æ³•'], 'achievements': ['2024å¹´å¤§æ¨¡å‹å·¥ç¨‹å’Œæ™ºèƒ½ä½“æŠ€æœ¯ç›¸å…³ä¸“åˆ©6ç¯‡', '2023å¹´å¤§æ¨¡å‹å·¥ç¨‹ç›¸å…³ä¸“åˆ©10ç¯‡', '2022å¹´CVè¯†åˆ«ç®—æ³•ä¸“åˆ©5ç¯‡', '2022å¹´è·å¾—ã€Šåˆ›å€¼æ ‡å…µã€‹ç§°å·', '2020å¹´æºç¨‹æ— çº¿è´¨é‡ä¼˜ç§€ä¸ªäººæŠ€æœ¯è´¡çŒ®å¥–', '2016å¹´æºç¨‹MCDå¹³å°è·å¾—æºç¨‹çªå‡ºæŠ€æœ¯è´¡çŒ®å¥–', '2015å¹´åœ¨æºç¨‹æäº¤IOSåº”ç”¨é›†ç¾¤æ‰“åŒ…ä¸“åˆ©ä¸¤ç¯‡', '2013å¹´é˜¿å°”å¡ç‰¹æœ—è®¯outstandingå‘˜å·¥å¥–', '2010å¹´å‘è¡¨ã€Šæ¶²å†·æºæ§åˆ¶ç³»ç»Ÿçš„ç ”åˆ¶ã€‹æ ¸å¿ƒæœŸåˆŠ', '2009å¹´EIæ”¶å½•è®ºæ–‡', '2004-2008å¹´æ ¡å¥–å­¦é‡‘ã€ç¤¾ä¼šæ´»åŠ¨ç§¯æåˆ†å­ã€ä¼˜ç§€å›¢å¹²'], 'projects': ['2024å¹´ä¸“å®¶Copliotç”Ÿæˆç³»ç»Ÿï¼šå¼€å‘é•¿æ¨ç†è·ç¦»å¤§æ¨¡å‹Agentï¼Œç»“åˆRAGçŸ¥è¯†è¾…åŠ©ï¼Œå»ºè®¾äº§ä¸šäº’è”ç½‘åœºæ™¯ä¸‹çš„å¤§æ¨¡å‹åº”ç”¨äº§å“ï¼Œå®ç°2000+æ™ºèƒ½èƒ½åŠ›æ²‰æ·€ã€‚', '2023å¹´GPTå¤§æ¨¡å‹æŠ€æœ¯ç ”å‘ï¼šä¸ºæ–°å¥¥æ‰“é€ äº§ä¸šæºæ¨¡å‹ï¼ŒåŒ…æ‹¬è§†è§‰å¤šæ¨¡æ€å’ŒNLPå¤§æ¨¡å‹ï¼Œå»ºè®¾é«˜æ•ˆç‡å¤§æ¨¡å‹æ•°æ®å¤„ç†ã€è®­ç»ƒã€éƒ¨ç½²è¯„ä¼°æµæ°´çº¿ã€‚', '2021å¹´æ„ŸçŸ¥è®¤çŸ¥æ¨¡å‹ç ”å‘å¹³å°ï¼šåˆ›æ–°å»ºè®¾æ„ŸçŸ¥è®¤çŸ¥æ¨¡å‹ç ”å‘å¹³å°ï¼Œå®ç°ç®—æ³•ç»„ä»¶åŒ–å¤ç”¨ï¼Œäº¤ä»˜å¤§é‡è¡Œä¸šç‰¹è‰²CVç®—æ³•ï¼Œè¦†ç›–æ–°å¥¥80%åœºç«™ï¼Œæ—¥å‡è°ƒç”¨é‡800ä¸‡æ¬¡ã€‚', '2021å¹´SOPè¯†åˆ«ç³»ç»Ÿï¼šåˆ›æ–°æ‰“é€ SOPè¯†åˆ«ç³»ç»Ÿï¼Œè·å¾—å¤šé¡¹AIåˆ›æ–°å¥–ã€‚', '2015-2021å¹´æºç¨‹æ— çº¿æœåŠ¡ç«¯å¼€å‘ï¼šè´Ÿè´£æ— çº¿é¡µé¢èµ„æºé…ç½®ä¸­å¿ƒã€ARæœåŠ¡ç«¯ã€IMå®¢æœèŠå¤©ã€ä½ç½®ä¿¡æ¯æœåŠ¡ã€VOIPã€P2Pã€SIPè¯­éŸ³å‘¼å«ã€IMèŠå¤©æ¨é€ç­‰é«˜å¹¶å‘æœåŠ¡ã€‚', '2018å¹´æ— çº¿æœåŠ¡è´¨é‡ç›‘æ§å¹³å°APMï¼šä¸ºæºç¨‹appæ­å»ºæ— çº¿æœåŠ¡è´¨é‡ç›‘æ§å¹³å°ï¼Œæå‡å…¨çƒè¯·æ±‚è´¨é‡ã€‚', '2015å¹´æ— çº¿APPæŒç»­äº¤ä»˜äº‘å¹³å°ï¼ˆMCDï¼‰ï¼šå¸¦é¢†å›¢é˜Ÿå»ºè®¾ä¸šç•Œé¦–ä¸ªæ— çº¿APPæŒç»­äº¤ä»˜äº‘å¹³å°ï¼Œè·å¾—æºç¨‹å¹´åº¦æŠ€æœ¯è´¡çŒ®å¥–ã€‚', '2014å¹´çˆ±ç«‹ä¿¡eMBMSæ¨¡æ‹Ÿå™¨å¼€å‘ï¼šè´Ÿè´£eMBMS Ueç«¯å’ŒåŸºç«™ç«¯æ¨¡æ‹Ÿå™¨å»ºæ¨¡å¼€å‘ï¼Œæ­å»ºè‡ªåŠ¨åŒ–CIç³»ç»Ÿã€‚', '2014å¹´K8Så’ŒDockerè™šæ‹Ÿæœºç¯å¢ƒï¼šå‚ä¸OpenStackè™šæ‹Ÿäº‘å¹³å°å…¼å®¹è¿è¡Œç»´æŠ¤ã€‚', '2011-2014å¹´é˜¿å°”å¡ç‰¹æœ—è®¯LTEç‰©ç†é“¾è·¯å±‚ä»¿çœŸç³»ç»Ÿï¼šè´Ÿè´£ç‰©ç†å±‚æ•°å­—ä¿¡å·å¤„ç†ç®—æ³•ä¸ç³»ç»Ÿä»¿çœŸï¼Œå»ºç«‹åŸºäºC++çš„LTEç‰©ç†é“¾è·¯è¡Œä¸ºä»¿çœŸç³»ç»Ÿã€‚', '2013å¹´LTEç‰©ç†å±‚ä»¿çœŸæµ‹è¯•å›¢é˜Ÿleaderï¼šå¸¦é¢†å›¢é˜Ÿå®ŒæˆLTEç‰©ç†å±‚ä»¿çœŸå’Œæµ‹è¯•ä»»åŠ¡ã€‚', '2013å¹´ç¾å›½è´å°”å®éªŒå®¤Light Radio LTEé¡¹ç›®ï¼šä¸å…¨çƒå·¥ç¨‹å¸ˆå…±åŒå¼€å‘ç‰©ç†é“¾è·¯å±‚ä»¿çœŸç³»ç»Ÿã€‚', '2010å¹´Intel MeeGoæ“ä½œç³»ç»Ÿæµ‹è¯•ï¼šå¼€å‘è‡ªåŠ¨åŒ–æµ‹è¯•å·¥å…·ï¼Œå‚ä¸MeeGo Netbook QAå›¢é˜Ÿã€‚'], 'languages': ['ä¸­æ–‡ï¼ˆæ¯è¯­ï¼‰', 'è‹±è¯­ï¼ˆæµåˆ©ï¼Œå…·å¤‡æµ·å¤–å·¥ä½œç»éªŒï¼‰'], 'certifications': [], 'summary': 'æœ±æ©åº†ï¼Œç¡•å£«å­¦å†ï¼Œ12å¹´æŠ€æœ¯ä¸ç®¡ç†ç»éªŒï¼Œä¸“æ³¨äºäººå·¥æ™ºèƒ½ã€å¤§æ¨¡å‹ã€æ™ºèƒ½ä½“ã€äº§ä¸šæ™ºèƒ½ã€ç‰©è”æ™ºèƒ½ç­‰é¢†åŸŸã€‚å…·å¤‡ä¸°å¯Œçš„å›¢é˜Ÿç®¡ç†ä¸è·¨å›½é¡¹ç›®ç»éªŒï¼Œä¸»å¯¼å¤šä¸ªå¤§å‹ä¼ä¸šæ™ºèƒ½åŒ–å‡çº§ä¸AIå¹³å°ç ”å‘ã€‚æŠ€æœ¯å…¨é¢ï¼Œæ“…é•¿æ™ºèƒ½æ¨¡å‹å¼€å‘ã€ä¼ä¸šæ¶æ„ã€æŒç»­äº¤ä»˜ã€äº‘è®¡ç®—ã€åµŒå…¥å¼ç³»ç»Ÿç­‰ï¼Œè·å¾—å¤šé¡¹ä¸“åˆ©ä¸è¡Œä¸šå¥–é¡¹ã€‚å…·å¤‡è‰¯å¥½çš„è¡Œä¸šæ´å¯ŸåŠ›å’Œå›¢é˜Ÿåˆä½œç²¾ç¥ã€‚'}
2025-10-21 16:21:22,431 INFO test_resume_processor.py:323 âœ… AIä¿¡æ¯æå–æµ‹è¯•é€šè¿‡
2025-10-21 16:21:22,431 INFO test_resume_processor.py:493 âœ… AIä¿¡æ¯æå– - é€šè¿‡
2025-10-21 16:21:22,431 INFO test_resume_processor.py:486 
==================================================
2025-10-21 16:21:22,431 INFO test_resume_processor.py:487 ğŸ§ª è¿è¡Œæµ‹è¯•: çŸ¥è¯†åº“åˆ›å»º
2025-10-21 16:21:22,431 INFO test_resume_processor.py:488 ==================================================
2025-10-21 16:21:22,431 INFO test_resume_processor.py:332 ğŸ§ª æµ‹è¯•çŸ¥è¯†åº“åˆ›å»º...
2025-10-21 16:21:22,431 INFO resume_processor.py:202 å¼€å§‹æå–æ–‡ä»¶æ–‡æœ¬å†…å®¹: resumes/20251020_132537_ZHU_Enqings_resume_-202506.docx
2025-10-21 16:21:22,431 INFO resume_processor.py:211 æ–‡ä»¶å¤§å°: 71640 bytes
2025-10-21 16:21:22,431 INFO resume_processor.py:225 æ£€æµ‹åˆ°DOCXæ–‡ä»¶ï¼Œä½¿ç”¨python-docxè§£æ
2025-10-21 16:21:22,449 INFO resume_processor.py:139 DOCXè§£æå®Œæˆï¼Œæ®µè½æ•°: 76ï¼Œå­—ç¬¦æ•°: 4861
2025-10-21 16:21:22,449 INFO resume_processor.py:193 å·²ä¿å­˜Markdownå†…å®¹: resumes/20251020_132537_ZHU_Enqings_resume_-202506.md
2025-10-21 16:21:22,449 INFO resume_processor.py:325 å¼€å§‹AIä¿¡æ¯æå–ï¼Œè¾“å…¥å†…å®¹é•¿åº¦: 4861 å­—ç¬¦
2025-10-21 16:21:22,460 INFO resume_processor.py:334 è°ƒç”¨LLMæä¾›å•†: AZURE
2025-10-21 16:21:38,054 INFO _client.py:1025 HTTP Request: POST https://ennew-openai-east-us-2.openai.azure.com/openai/deployments/gpt-4.1/chat/completions?api-version=2025-01-01-preview "HTTP/1.1 200 OK"
2025-10-21 16:21:38,325 INFO resume_processor.py:380 LLMè¿”å›æ–‡æœ¬é•¿åº¦: 2296; é¢„è§ˆ: {
  "name": "æœ±æ©åº†",
  "email": "zhu04303661@163.com",
  "phone": "18217361837",
  "experience": "2021.03~è‡³ä»Šåœ¨æ–°å¥¥é›†å›¢æ‹…ä»»AIæ™ºèƒ½èµ„æ·±æŠ€æœ¯ä¸“å®¶/æ™ºèƒ½å¤§æ¨¡å‹å·¥ç¨‹èµ„æ·±æ¶æ„å¸ˆ/æ™ºèƒ½ç¾¤èµ„æ·±æŠ€æœ¯æ€»ç›‘ï¼Œè´Ÿè´£å¤§å‹èƒ½æºé›†å›¢çš„æ™ºèƒ½åŒ–æŠ€æœ¯ï¼Œå¸¦é¢†å¤§æ¨¡å‹ç ”å‘å›¢é˜Ÿã€‚2015.8~2021.3åœ¨æºç¨‹æ‹…ä»»ç®—æ³•æŠ€æœ¯ä¸“å®¶/é«˜çº§ç»...
2025-10-21 16:21:38,325 INFO resume_processor.py:397 LLMä¿¡æ¯æå–æˆåŠŸ
2025-10-21 16:21:38,325 INFO resume_processor.py:481 å¼€å§‹ä¸º æœ±æ©åº† åˆ›å»ºä¸ªäººçŸ¥è¯†åº“
2025-10-21 16:21:38,325 INFO resume_processor.py:482 æå–çš„ä¿¡æ¯: {'name': 'æœ±æ©åº†', 'email': 'zhu04303661@163.com', 'phone': '18217361837', 'experience': '2021.03~è‡³ä»Šåœ¨æ–°å¥¥é›†å›¢æ‹…ä»»AIæ™ºèƒ½èµ„æ·±æŠ€æœ¯ä¸“å®¶/æ™ºèƒ½å¤§æ¨¡å‹å·¥ç¨‹èµ„æ·±æ¶æ„å¸ˆ/æ™ºèƒ½ç¾¤èµ„æ·±æŠ€æœ¯æ€»ç›‘ï¼Œè´Ÿè´£å¤§å‹èƒ½æºé›†å›¢çš„æ™ºèƒ½åŒ–æŠ€æœ¯ï¼Œå¸¦é¢†å¤§æ¨¡å‹ç ”å‘å›¢é˜Ÿã€‚2015.8~2021.3åœ¨æºç¨‹æ‹…ä»»ç®—æ³•æŠ€æœ¯ä¸“å®¶/é«˜çº§ç»ç†ï¼Œè´Ÿè´£æºç¨‹ç§»åŠ¨ç«¯åƒäººå›¢é˜Ÿçš„ç ”å‘æ•ˆèƒ½ï¼Œæ”¯æ’‘ç§»åŠ¨ç«¯äº¿çº§æµç¨‹æœåŠ¡å…¥å£ï¼Œè´Ÿè´£æ— çº¿MCDäº‘å¹³å°ä¸æ— çº¿æœåŠ¡ç«¯å¼€å‘ã€‚2014.3~2015.1åœ¨çˆ±ç«‹ä¿¡æ‹…ä»»èµ„æºç®—æ³•å·¥ç¨‹å¸ˆã€äº‘è®¡ç®—å·¥ç¨‹å¸ˆï¼Œè´Ÿè´£æ ¸å¿ƒé€šè®¯æŠ€æœ¯ç ”å‘ã€‚2011.4~2014.3åœ¨é˜¿å°”å¡ç‰¹æœ—è®¯è´å°”å®éªŒå®¤æ‹…ä»»ç®—æ³•å·¥ç¨‹å¸ˆ/ä»¿çœŸç³»ç»Ÿç ”å‘ç»ç†ï¼Œè´Ÿè´£4Gæ ¸å¿ƒç‰©ç†å±‚ç®—æ³•ä»¿çœŸç³»ç»Ÿç ”å‘ï¼Œå¹¶å‰å¾€ç¾å›½è´å°”å®éªŒå®¤è”åˆç ”å‘ã€‚è‹±ç‰¹å°”Linuxæ“ä½œç³»ç»Ÿç ”å‘å®ä¹ ç”Ÿ10ä¸ªæœˆã€‚å…±12å¹´æŠ€æœ¯ç®¡ç†ç»éªŒï¼Œå¸¦é¢†å›¢é˜Ÿè§„æ¨¡ä»5äººåˆ°90äººï¼Œæ¶µç›–ç®—æ³•å¼€å‘å’Œå·¥ç¨‹æŠ€æœ¯ç ”å‘ï¼Œä¸“æ³¨äºAIã€å¤§æ¨¡å‹ã€æ™ºèƒ½ä½“ã€äº§ä¸šæ™ºèƒ½ã€ç‰©è”æ™ºèƒ½ã€è½¯ä»¶ç³»ç»Ÿã€é€šè®¯ç³»ç»Ÿã€åµŒå…¥å¼ç³»ç»Ÿã€Linuxç³»ç»ŸæŠ€æœ¯åº”ç”¨ç­‰é¢†åŸŸã€‚', 'education': '2008.9-2011.4 å—äº¬ç†å·¥å¤§å­¦ æµ‹æ§æŠ€æœ¯ä¸ä»ªå™¨ ç¡•å£«å­¦ä½ã€‚2004.9-2008.6 å—äº¬ç†å·¥å¤§å­¦ æµ‹æ§æŠ€æœ¯ä¸ä»ªå™¨ å­¦å£«å­¦ä½ã€‚', 'skills': ['äººå·¥æ™ºèƒ½', 'å¤§æ¨¡å‹æŠ€æœ¯', 'æ™ºèƒ½ä½“AgentæŠ€æœ¯', 'äº§ä¸šæ™ºèƒ½', 'ç‰©è”æ™ºèƒ½', 'æŒç»­è¿­ä»£', 'è½¯ä»¶ç³»ç»Ÿå¼€å‘', 'é€šè®¯ç³»ç»Ÿå¼€å‘', 'åµŒå…¥å¼ç³»ç»Ÿå¼€å‘', 'Linuxç³»ç»ŸæŠ€æœ¯åº”ç”¨', 'äº‘è®¡ç®—', 'ç§»åŠ¨äº’è”ç½‘åŸºç¡€æœåŠ¡', 'ç ”å‘å·¥å…·é“¾', 'å…¨æ ˆå¼€å‘', 'ä¼ä¸šæ¶æ„', 'æ™ºèƒ½äº§å“æ¶æ„', 'æ™ºèƒ½ç®—æ³•', 'å›¢é˜Ÿç®¡ç†'], 'achievements': ['2024å¹´å¤§æ¨¡å‹å·¥ç¨‹å’Œæ™ºèƒ½ä½“æŠ€æœ¯ç›¸å…³ä¸“åˆ©6ç¯‡', '2023å¹´å¤§æ¨¡å‹å·¥ç¨‹ç›¸å…³ä¸“åˆ©10ç¯‡', '2022å¹´CVè¯†åˆ«ç®—æ³•ä¸“åˆ©5ç¯‡', '2022å¹´è·å¾—ã€Šåˆ›å€¼æ ‡å…µã€‹ç§°å·', '2020å¹´æºç¨‹æ— çº¿è´¨é‡ä¼˜ç§€ä¸ªäººæŠ€æœ¯è´¡çŒ®å¥–', '2016å¹´æºç¨‹MCDå¹³å°è·å¾—æºç¨‹çªå‡ºæŠ€æœ¯è´¡çŒ®å¥–', '2015å¹´åœ¨æºç¨‹æäº¤IOSåº”ç”¨é›†ç¾¤æ‰“åŒ…ä¸“åˆ©ä¸¤ç¯‡', '2013å¹´é˜¿å°”å¡ç‰¹æœ—è®¯outstandingå‘˜å·¥å¥–', '2010å¹´å‘è¡¨ã€Šæ¶²å†·æºæ§åˆ¶ç³»ç»Ÿçš„ç ”åˆ¶ã€‹æ ¸å¿ƒæœŸåˆŠ', '2009å¹´EIæ”¶å½•è®ºæ–‡', '2004-2008å¹´æ ¡å¥–å­¦é‡‘ã€æ ¡â€œç¤¾ä¼šæ´»åŠ¨ç§¯æåˆ†å­â€ã€æ ¡â€œä¼˜ç§€å›¢å¹²â€'], 'projects': ['2024å¹´ä¸“å®¶Copilotç”Ÿæˆç³»ç»Ÿï¼šå¼€å‘é•¿æ¨ç†è·ç¦»å¤§æ¨¡å‹Agentï¼Œç»“åˆRAGçŸ¥è¯†è¾…åŠ©ï¼Œå»ºè®¾äº§ä¸šäº’è”ç½‘åœºæ™¯ä¸‹çš„å¤§æ¨¡å‹åº”ç”¨äº§å“ï¼Œå®ç°2000+æ™ºèƒ½èƒ½åŠ›æ²‰æ·€ã€‚', '2023å¹´GPTå¤§æ¨¡å‹æŠ€æœ¯ç ”å‘ï¼šä¸ºæ–°å¥¥æ‰“é€ äº§ä¸šæºæ¨¡å‹ï¼ŒåŒ…æ‹¬è§†è§‰å¤šæ¨¡æ€å’ŒNLPå¤§æ¨¡å‹ï¼Œå»ºè®¾é«˜æ•ˆç‡å¤§æ¨¡å‹æ•°æ®å¤„ç†ã€è®­ç»ƒã€éƒ¨ç½²è¯„ä¼°æµæ°´çº¿ã€‚', '2021å¹´æ„ŸçŸ¥è®¤çŸ¥æ¨¡å‹ç ”å‘å¹³å°ï¼šåˆ›æ–°å»ºè®¾æ„ŸçŸ¥è®¤çŸ¥æ¨¡å‹ç ”å‘å¹³å°ï¼Œå®ç°ç®—æ³•ç»„ä»¶åŒ–å¤ç”¨ï¼Œäº¤ä»˜å¤§é‡è¡Œä¸šç‰¹è‰²CVç®—æ³•ï¼Œè¦†ç›–æ–°å¥¥80%åœºç«™ï¼Œæ—¥å‡è°ƒç”¨é‡800ä¸‡æ¬¡ã€‚', '2021å¹´SOPè¯†åˆ«ç³»ç»Ÿï¼šåˆ›æ–°æ‰“é€ SOPè¯†åˆ«ç³»ç»Ÿï¼Œè·å¾—å¤šé¡¹AIåˆ›æ–°å¥–ã€‚', '2015-2021å¹´æºç¨‹æ— çº¿æœåŠ¡ç«¯å¼€å‘ï¼šè´Ÿè´£æ— çº¿é¡µé¢èµ„æºé…ç½®ä¸­å¿ƒã€ARæœåŠ¡ç«¯ã€IMå®¢æœèŠå¤©ã€ä½ç½®ä¿¡æ¯æœåŠ¡ã€VOIPã€P2Pã€SIPè¯­éŸ³å‘¼å«ã€IMèŠå¤©æ¨é€ç­‰æœåŠ¡ã€‚', '2018å¹´æºç¨‹æ— çº¿æœåŠ¡è´¨é‡ç›‘æ§å¹³å°APMï¼šæ­å»ºæ— çº¿æœåŠ¡è´¨é‡ç›‘æ§å¹³å°ï¼Œæå‡å…¨çƒè¯·æ±‚è´¨é‡ã€‚', '2015å¹´æºç¨‹æ— çº¿APPæŒç»­äº¤ä»˜äº‘å¹³å°ï¼ˆMCDï¼‰ï¼šå»ºè®¾ä¸šç•Œé¦–ä¸ªæ— çº¿APPæŒç»­äº¤ä»˜äº‘å¹³å°ï¼Œæ”¯æŒé«˜å¹¶å‘åˆ†å¸ƒå¼æ‰“åŒ…ä¸å‘å¸ƒï¼Œè·å¾—æºç¨‹å¹´åº¦æŠ€æœ¯è´¡çŒ®å¥–ã€‚', '2014-2015å¹´çˆ±ç«‹ä¿¡eMBMSæ¨¡æ‹Ÿå™¨å¼€å‘ï¼šè´Ÿè´£eMBMS Ueç«¯å’ŒåŸºç«™ç«¯æ¨¡æ‹Ÿå™¨å»ºæ¨¡ä¸å¼€å‘ï¼Œæ­å»ºè‡ªåŠ¨åŒ–CIç³»ç»Ÿï¼Œå‚ä¸OpenStackè™šæ‹Ÿäº‘å¹³å°å…¼å®¹è¿è¡Œç»´æŠ¤ã€‚', '2011-2014å¹´é˜¿å°”å¡ç‰¹æœ—è®¯LTEç‰©ç†é“¾è·¯å±‚ä»¿çœŸç³»ç»Ÿï¼šå¼€å‘åŸºäºC++çš„LTEç‰©ç†é“¾è·¯è¡Œä¸ºä»¿çœŸç³»ç»Ÿï¼Œæ‹…ä»»ä»¿çœŸæµ‹è¯•éƒ¨é—¨leaderï¼Œå¸¦é¢†å›¢é˜Ÿå®Œæˆæ‰€æœ‰å¼€å‘ä»»åŠ¡ã€‚', '2013å¹´ç¾å›½è´å°”å®éªŒå®¤Light Radio LTEç‰©ç†é“¾è·¯å±‚ä»¿çœŸç³»ç»Ÿï¼šä¸å…¨çƒå·¥ç¨‹å¸ˆå…±åŒå¼€å‘ï¼Œæ¨åŠ¨ä¸­ç¾åˆä½œã€‚', '2010å¹´Intel MeeGoæ“ä½œç³»ç»Ÿæµ‹è¯•ï¼šå‚ä¸MeeGoæ“ä½œç³»ç»Ÿåœ¨Netbookä¸Šçš„æµ‹è¯•ï¼Œåˆ›å»ºè‡ªåŠ¨åŒ–æµ‹è¯•å·¥å…·ã€‚'], 'languages': ['ä¸­æ–‡ï¼ˆæ¯è¯­ï¼‰', 'è‹±è¯­ï¼ˆæµåˆ©ï¼‰'], 'certifications': [], 'summary': 'æœ±æ©åº†ï¼Œç¡•å£«å­¦å†ï¼Œ12å¹´AIä¸æ™ºèƒ½ç³»ç»Ÿç ”å‘åŠç®¡ç†ç»éªŒï¼Œå…·å¤‡ä¸°å¯Œçš„å¤§æ¨¡å‹ã€æ™ºèƒ½ä½“ã€äº§ä¸šæ™ºèƒ½ã€ç‰©è”ç½‘ã€äº‘è®¡ç®—ã€ç§»åŠ¨äº’è”ç½‘ç­‰é¢†åŸŸçš„æŠ€æœ¯ä¸å›¢é˜Ÿç®¡ç†èƒ½åŠ›ã€‚æ›¾åœ¨æ–°å¥¥é›†å›¢ã€æºç¨‹ã€çˆ±ç«‹ä¿¡ã€é˜¿å°”å¡ç‰¹æœ—è®¯ã€è‹±ç‰¹å°”ç­‰çŸ¥åä¼ä¸šæ‹…ä»»æ ¸å¿ƒæŠ€æœ¯ä¸ç®¡ç†å²—ä½ï¼Œå¸¦é¢†å›¢é˜Ÿå®ç°å¤šé¡¹æŠ€æœ¯åˆ›æ–°å’Œäº§ä¸šæ™ºèƒ½åŒ–å‡çº§ï¼Œæ‹¥æœ‰å¤šé¡¹ä¸“åˆ©å’Œè¡Œä¸šè£èª‰ã€‚æ“…é•¿é«˜ä»·å€¼æ™ºèƒ½æ¨¡å‹å¼€å‘ã€ä¼ä¸šæ™ºèƒ½ä½“æŠ€æœ¯ã€å¤§æ¨¡å‹è®­ç»ƒä¸å¹³å°å»ºè®¾ï¼Œå…·å¤‡å…¨æ ˆå¼€å‘ã€ä¼ä¸šæ¶æ„ã€æ™ºèƒ½ç®—æ³•ç­‰ç»¼åˆèƒ½åŠ›ã€‚'}
2025-10-21 16:21:38,326 INFO resume_processor.py:487 åˆ›å»ºä¸ªäººçŸ¥è¯†åº“ç›®å½•: personal_kb
2025-10-21 16:21:38,326 INFO resume_processor.py:489 ä¸ªäººçŸ¥è¯†åº“ç›®å½•åˆ›å»ºæˆåŠŸ
2025-10-21 16:21:38,326 INFO resume_processor.py:499 åˆå§‹åŒ–ä¸ªäººä¿¡æ¯ç»“æ„
2025-10-21 16:21:38,326 INFO resume_processor.py:503 å¼€å§‹æ ¹æ®æå–çš„ä¿¡æ¯åˆ›å»ºçŸ¥è¯†æ¡ç›®
2025-10-21 16:21:38,326 INFO resume_processor.py:515 åˆ›å»ºå·¥ä½œç»éªŒçŸ¥è¯†æ¡ç›®: æœ±æ©åº†_exp_1
2025-10-21 16:21:38,326 INFO resume_processor.py:527 åˆ›å»ºæ•™è‚²èƒŒæ™¯çŸ¥è¯†æ¡ç›®: æœ±æ©åº†_edu_1
2025-10-21 16:21:38,326 INFO resume_processor.py:530 åˆ›å»ºæŠ€èƒ½çŸ¥è¯†æ¡ç›®ï¼ŒæŠ€èƒ½æ•°é‡: 18
2025-10-21 16:21:38,326 INFO resume_processor.py:541 åˆ›å»ºæŠ€èƒ½çŸ¥è¯†æ¡ç›® 1: æœ±æ©åº†_skill_1 - äººå·¥æ™ºèƒ½
2025-10-21 16:21:38,326 INFO resume_processor.py:541 åˆ›å»ºæŠ€èƒ½çŸ¥è¯†æ¡ç›® 2: æœ±æ©åº†_skill_2 - å¤§æ¨¡å‹æŠ€æœ¯
2025-10-21 16:21:38,327 INFO resume_processor.py:541 åˆ›å»ºæŠ€èƒ½çŸ¥è¯†æ¡ç›® 3: æœ±æ©åº†_skill_3 - æ™ºèƒ½ä½“AgentæŠ€æœ¯
2025-10-21 16:21:38,327 INFO resume_processor.py:541 åˆ›å»ºæŠ€èƒ½çŸ¥è¯†æ¡ç›® 4: æœ±æ©åº†_skill_4 - äº§ä¸šæ™ºèƒ½
2025-10-21 16:21:38,327 INFO resume_processor.py:541 åˆ›å»ºæŠ€èƒ½çŸ¥è¯†æ¡ç›® 5: æœ±æ©åº†_skill_5 - ç‰©è”æ™ºèƒ½
2025-10-21 16:21:38,327 INFO resume_processor.py:541 åˆ›å»ºæŠ€èƒ½çŸ¥è¯†æ¡ç›® 6: æœ±æ©åº†_skill_6 - æŒç»­è¿­ä»£
2025-10-21 16:21:38,327 INFO resume_processor.py:541 åˆ›å»ºæŠ€èƒ½çŸ¥è¯†æ¡ç›® 7: æœ±æ©åº†_skill_7 - è½¯ä»¶ç³»ç»Ÿå¼€å‘
2025-10-21 16:21:38,327 INFO resume_processor.py:541 åˆ›å»ºæŠ€èƒ½çŸ¥è¯†æ¡ç›® 8: æœ±æ©åº†_skill_8 - é€šè®¯ç³»ç»Ÿå¼€å‘
2025-10-21 16:21:38,327 INFO resume_processor.py:541 åˆ›å»ºæŠ€èƒ½çŸ¥è¯†æ¡ç›® 9: æœ±æ©åº†_skill_9 - åµŒå…¥å¼ç³»ç»Ÿå¼€å‘
2025-10-21 16:21:38,327 INFO resume_processor.py:541 åˆ›å»ºæŠ€èƒ½çŸ¥è¯†æ¡ç›® 10: æœ±æ©åº†_skill_10 - Linuxç³»ç»ŸæŠ€æœ¯åº”ç”¨
2025-10-21 16:21:38,327 INFO resume_processor.py:541 åˆ›å»ºæŠ€èƒ½çŸ¥è¯†æ¡ç›® 11: æœ±æ©åº†_skill_11 - äº‘è®¡ç®—
2025-10-21 16:21:38,327 INFO resume_processor.py:541 åˆ›å»ºæŠ€èƒ½çŸ¥è¯†æ¡ç›® 12: æœ±æ©åº†_skill_12 - ç§»åŠ¨äº’è”ç½‘åŸºç¡€æœåŠ¡
2025-10-21 16:21:38,327 INFO resume_processor.py:541 åˆ›å»ºæŠ€èƒ½çŸ¥è¯†æ¡ç›® 13: æœ±æ©åº†_skill_13 - ç ”å‘å·¥å…·é“¾
2025-10-21 16:21:38,327 INFO resume_processor.py:541 åˆ›å»ºæŠ€èƒ½çŸ¥è¯†æ¡ç›® 14: æœ±æ©åº†_skill_14 - å…¨æ ˆå¼€å‘
2025-10-21 16:21:38,327 INFO resume_processor.py:541 åˆ›å»ºæŠ€èƒ½çŸ¥è¯†æ¡ç›® 15: æœ±æ©åº†_skill_15 - ä¼ä¸šæ¶æ„
2025-10-21 16:21:38,327 INFO resume_processor.py:541 åˆ›å»ºæŠ€èƒ½çŸ¥è¯†æ¡ç›® 16: æœ±æ©åº†_skill_16 - æ™ºèƒ½äº§å“æ¶æ„
2025-10-21 16:21:38,327 INFO resume_processor.py:541 åˆ›å»ºæŠ€èƒ½çŸ¥è¯†æ¡ç›® 17: æœ±æ©åº†_skill_17 - æ™ºèƒ½ç®—æ³•
2025-10-21 16:21:38,327 INFO resume_processor.py:541 åˆ›å»ºæŠ€èƒ½çŸ¥è¯†æ¡ç›® 18: æœ±æ©åº†_skill_18 - å›¢é˜Ÿç®¡ç†
2025-10-21 16:21:38,327 INFO resume_processor.py:544 åˆ›å»ºæˆå°±çŸ¥è¯†æ¡ç›®ï¼Œæˆå°±æ•°é‡: 11
2025-10-21 16:21:38,327 INFO resume_processor.py:555 åˆ›å»ºæˆå°±çŸ¥è¯†æ¡ç›® 1: æœ±æ©åº†_ach_1 - 2024å¹´å¤§æ¨¡å‹å·¥ç¨‹å’Œæ™ºèƒ½ä½“æŠ€æœ¯ç›¸å…³ä¸“åˆ©6ç¯‡
2025-10-21 16:21:38,327 INFO resume_processor.py:555 åˆ›å»ºæˆå°±çŸ¥è¯†æ¡ç›® 2: æœ±æ©åº†_ach_2 - 2023å¹´å¤§æ¨¡å‹å·¥ç¨‹ç›¸å…³ä¸“åˆ©10ç¯‡
2025-10-21 16:21:38,327 INFO resume_processor.py:555 åˆ›å»ºæˆå°±çŸ¥è¯†æ¡ç›® 3: æœ±æ©åº†_ach_3 - 2022å¹´CVè¯†åˆ«ç®—æ³•ä¸“åˆ©5ç¯‡
2025-10-21 16:21:38,328 INFO resume_processor.py:555 åˆ›å»ºæˆå°±çŸ¥è¯†æ¡ç›® 4: æœ±æ©åº†_ach_4 - 2022å¹´è·å¾—ã€Šåˆ›å€¼æ ‡å…µã€‹ç§°å·
2025-10-21 16:21:38,328 INFO resume_processor.py:555 åˆ›å»ºæˆå°±çŸ¥è¯†æ¡ç›® 5: æœ±æ©åº†_ach_5 - 2020å¹´æºç¨‹æ— çº¿è´¨é‡ä¼˜ç§€ä¸ªäººæŠ€æœ¯è´¡çŒ®å¥–
2025-10-21 16:21:38,328 INFO resume_processor.py:555 åˆ›å»ºæˆå°±çŸ¥è¯†æ¡ç›® 6: æœ±æ©åº†_ach_6 - 2016å¹´æºç¨‹MCDå¹³å°è·å¾—æºç¨‹çªå‡ºæŠ€æœ¯è´¡çŒ®å¥–
2025-10-21 16:21:38,328 INFO resume_processor.py:555 åˆ›å»ºæˆå°±çŸ¥è¯†æ¡ç›® 7: æœ±æ©åº†_ach_7 - 2015å¹´åœ¨æºç¨‹æäº¤IOSåº”ç”¨é›†ç¾¤æ‰“åŒ…ä¸“åˆ©ä¸¤ç¯‡
2025-10-21 16:21:38,328 INFO resume_processor.py:555 åˆ›å»ºæˆå°±çŸ¥è¯†æ¡ç›® 8: æœ±æ©åº†_ach_8 - 2013å¹´é˜¿å°”å¡ç‰¹æœ—è®¯outstandingå‘˜å·¥å¥–
2025-10-21 16:21:38,328 INFO resume_processor.py:555 åˆ›å»ºæˆå°±çŸ¥è¯†æ¡ç›® 9: æœ±æ©åº†_ach_9 - 2010å¹´å‘è¡¨ã€Šæ¶²å†·æºæ§åˆ¶ç³»ç»Ÿçš„ç ”åˆ¶ã€‹æ ¸å¿ƒæœŸåˆŠ
2025-10-21 16:21:38,328 INFO resume_processor.py:555 åˆ›å»ºæˆå°±çŸ¥è¯†æ¡ç›® 10: æœ±æ©åº†_ach_10 - 2009å¹´EIæ”¶å½•è®ºæ–‡
2025-10-21 16:21:38,328 INFO resume_processor.py:555 åˆ›å»ºæˆå°±çŸ¥è¯†æ¡ç›® 11: æœ±æ©åº†_ach_11 - 2004-2008å¹´æ ¡å¥–å­¦é‡‘ã€æ ¡â€œç¤¾ä¼šæ´»åŠ¨ç§¯æåˆ†å­â€ã€æ ¡â€œä¼˜ç§€å›¢å¹²â€
2025-10-21 16:21:38,328 INFO resume_processor.py:558 çŸ¥è¯†æ¡ç›®åˆ›å»ºå®Œæˆï¼Œæ€»è®¡ 31 ä¸ªæ¡ç›®
2025-10-21 16:21:38,328 INFO resume_processor.py:562 ä¿å­˜ä¸ªäººçŸ¥è¯†åº“åˆ°æ–‡ä»¶: personal_kb/personal_info.json
2025-10-21 16:21:38,330 INFO resume_processor.py:565 ä¸ªäººçŸ¥è¯†åº“æ–‡ä»¶ä¿å­˜æˆåŠŸ
2025-10-21 16:21:38,330 INFO resume_processor.py:567 ä¸º æœ±æ©åº† åˆ›å»ºäº†ä¸ªäººçŸ¥è¯†åº“ï¼ŒåŒ…å« 31 ä¸ªçŸ¥è¯†æ¡ç›®
2025-10-21 16:21:38,330 INFO test_resume_processor.py:352 âœ… ä¸ªäººçŸ¥è¯†åº“åˆ›å»ºæˆåŠŸ: personal_kb
2025-10-21 16:21:38,330 INFO test_resume_processor.py:367 âœ… ä¸ªäººçŸ¥è¯†åº“åŒ…å« 31 ä¸ªçŸ¥è¯†æ¡ç›®
2025-10-21 16:21:38,330 INFO test_resume_processor.py:368 âœ… çŸ¥è¯†åº“åˆ›å»ºæµ‹è¯•é€šè¿‡
2025-10-21 16:21:38,330 INFO test_resume_processor.py:493 âœ… çŸ¥è¯†åº“åˆ›å»º - é€šè¿‡
2025-10-21 16:21:38,330 INFO test_resume_processor.py:486 
==================================================
2025-10-21 16:21:38,330 INFO test_resume_processor.py:487 ğŸ§ª è¿è¡Œæµ‹è¯•: ä¸»çŸ¥è¯†åº“æ›´æ–°
2025-10-21 16:21:38,331 INFO test_resume_processor.py:488 ==================================================
2025-10-21 16:21:38,331 INFO test_resume_processor.py:377 ğŸ§ª æµ‹è¯•ä¸»çŸ¥è¯†åº“æ›´æ–°...
2025-10-21 16:21:38,331 INFO resume_processor.py:202 å¼€å§‹æå–æ–‡ä»¶æ–‡æœ¬å†…å®¹: resumes/20251020_132537_ZHU_Enqings_resume_-202506.docx
2025-10-21 16:21:38,331 INFO resume_processor.py:211 æ–‡ä»¶å¤§å°: 71640 bytes
2025-10-21 16:21:38,331 INFO resume_processor.py:225 æ£€æµ‹åˆ°DOCXæ–‡ä»¶ï¼Œä½¿ç”¨python-docxè§£æ
2025-10-21 16:21:38,347 INFO resume_processor.py:139 DOCXè§£æå®Œæˆï¼Œæ®µè½æ•°: 76ï¼Œå­—ç¬¦æ•°: 4861
2025-10-21 16:21:38,348 INFO resume_processor.py:193 å·²ä¿å­˜Markdownå†…å®¹: resumes/20251020_132537_ZHU_Enqings_resume_-202506.md
2025-10-21 16:21:38,349 INFO resume_processor.py:325 å¼€å§‹AIä¿¡æ¯æå–ï¼Œè¾“å…¥å†…å®¹é•¿åº¦: 4861 å­—ç¬¦
2025-10-21 16:21:38,360 INFO resume_processor.py:334 è°ƒç”¨LLMæä¾›å•†: AZURE
2025-10-21 16:21:51,811 INFO _client.py:1025 HTTP Request: POST https://ennew-openai-east-us-2.openai.azure.com/openai/deployments/gpt-4.1/chat/completions?api-version=2025-01-01-preview "HTTP/1.1 200 OK"
2025-10-21 16:21:52,030 INFO resume_processor.py:380 LLMè¿”å›æ–‡æœ¬é•¿åº¦: 1949; é¢„è§ˆ: {
  "name": "æœ±æ©åº†",
  "email": "zhu04303661@163.com",
  "phone": "18217361837",
  "experience": "æ‹¥æœ‰12å¹´æŠ€æœ¯ç®¡ç†å’Œç ”å‘ç»éªŒï¼Œç°ä»»æ–°å¥¥é›†å›¢æ™ºèƒ½æŠ€æœ¯è´Ÿè´£äººã€æ™ºèƒ½æŠ€æœ¯æ¶æ„å¸ˆã€æ™ºèƒ½äº§å“ç ”å‘ç¾¤èµ„æ·±æŠ€æœ¯æ€»ç›‘ï¼Œå¸¦é¢†90äººå›¢é˜Ÿä¸“æ³¨äºAIå¤§æ¨¡å‹ã€æ™ºèƒ½ä½“ã€äº§ä¸šæ™ºèƒ½ç­‰é¢†åŸŸã€‚æ›¾åœ¨æºç¨‹æ‹…ä»»æ— çº¿æŠ€æœ¯ä¸“å®¶ã€é«˜çº§ç»ç†ï¼Œè´Ÿè´£ç§»åŠ¨ç«¯ç ”å‘...
2025-10-21 16:21:52,030 INFO resume_processor.py:397 LLMä¿¡æ¯æå–æˆåŠŸ
2025-10-21 16:21:52,030 INFO resume_processor.py:481 å¼€å§‹ä¸º æœ±æ©åº† åˆ›å»ºä¸ªäººçŸ¥è¯†åº“
2025-10-21 16:21:52,031 INFO resume_processor.py:482 æå–çš„ä¿¡æ¯: {'name': 'æœ±æ©åº†', 'email': 'zhu04303661@163.com', 'phone': '18217361837', 'experience': 'æ‹¥æœ‰12å¹´æŠ€æœ¯ç®¡ç†å’Œç ”å‘ç»éªŒï¼Œç°ä»»æ–°å¥¥é›†å›¢æ™ºèƒ½æŠ€æœ¯è´Ÿè´£äººã€æ™ºèƒ½æŠ€æœ¯æ¶æ„å¸ˆã€æ™ºèƒ½äº§å“ç ”å‘ç¾¤èµ„æ·±æŠ€æœ¯æ€»ç›‘ï¼Œå¸¦é¢†90äººå›¢é˜Ÿä¸“æ³¨äºAIå¤§æ¨¡å‹ã€æ™ºèƒ½ä½“ã€äº§ä¸šæ™ºèƒ½ç­‰é¢†åŸŸã€‚æ›¾åœ¨æºç¨‹æ‹…ä»»æ— çº¿æŠ€æœ¯ä¸“å®¶ã€é«˜çº§ç»ç†ï¼Œè´Ÿè´£ç§»åŠ¨ç«¯ç ”å‘æ•ˆèƒ½ã€æ— çº¿äº‘å¹³å°åŠæœåŠ¡ç«¯å¼€å‘ã€‚æ—©æœŸåœ¨çˆ±ç«‹ä¿¡ã€é˜¿å°”å¡ç‰¹æœ—è®¯è´å°”å®éªŒå®¤ä»äº‹é€šè®¯æŠ€æœ¯ã€ç‰©ç†å±‚ç®—æ³•ä»¿çœŸç³»ç»Ÿç ”å‘ï¼Œå¹¶æœ‰è‹±ç‰¹å°”Linuxæ“ä½œç³»ç»Ÿç ”å‘å®ä¹ ç»å†ã€‚å…·å¤‡ä¸°å¯Œçš„å›¢é˜Ÿç®¡ç†ã€ä¼ä¸šæ™ºèƒ½åŒ–å‡çº§ã€åŸºç¡€è®¾æ–½å»ºè®¾åŠç®—æ³•å¹³å°å¼€å‘ç»éªŒã€‚', 'education': '2008.9-2011.4 å—äº¬ç†å·¥å¤§å­¦ æµ‹æ§æŠ€æœ¯ä¸ä»ªå™¨ ç¡•å£«å­¦ä½ï¼›2004.9-2008.6 å—äº¬ç†å·¥å¤§å­¦ æµ‹æ§æŠ€æœ¯ä¸ä»ªå™¨ å­¦å£«å­¦ä½', 'skills': ['äººå·¥æ™ºèƒ½', 'å¤§æ¨¡å‹æŠ€æœ¯', 'æ™ºèƒ½ä½“AgentæŠ€æœ¯', 'äº§ä¸šæ™ºèƒ½', 'ç‰©è”æ™ºèƒ½', 'æŒç»­è¿­ä»£', 'è½¯ä»¶ç³»ç»Ÿå¼€å‘', 'é€šè®¯ç³»ç»Ÿå¼€å‘', 'åµŒå…¥å¼ç³»ç»Ÿ', 'Linuxç³»ç»ŸæŠ€æœ¯åº”ç”¨', 'äº‘è®¡ç®—', 'ç§»åŠ¨äº’è”ç½‘åŸºç¡€æœåŠ¡', 'ç ”å‘å·¥å…·é“¾', 'CV/NLPç®—æ³•', 'æ™ºèƒ½æ¨¡å‹ç ”å‘å¹³å°', 'ä¼ä¸šæ¶æ„', 'å…¨æ ˆå¼€å‘', 'æŒç»­äº¤ä»˜', 'ç®—æ³•ä»¿çœŸ', 'å›¢é˜Ÿç®¡ç†'], 'achievements': ['2024å¹´å¤§æ¨¡å‹å·¥ç¨‹å’Œæ™ºèƒ½ä½“æŠ€æœ¯ç›¸å…³ä¸“åˆ©6ç¯‡', '2023å¹´å¤§æ¨¡å‹å·¥ç¨‹ç›¸å…³ä¸“åˆ©10ç¯‡', '2022å¹´CVè¯†åˆ«ç®—æ³•ä¸“åˆ©5ç¯‡', '2022å¹´è·å¾—ã€Šåˆ›å€¼æ ‡å…µã€‹ç§°å·', '2020å¹´æºç¨‹æ— çº¿è´¨é‡ä¼˜ç§€ä¸ªäººæŠ€æœ¯è´¡çŒ®å¥–', '2016å¹´æºç¨‹MCDå¹³å°è·å¾—æºç¨‹çªå‡ºæŠ€æœ¯è´¡çŒ®å¥–', '2015å¹´åœ¨æºç¨‹æäº¤IOSåº”ç”¨é›†ç¾¤æ‰“åŒ…ä¸“åˆ©ä¸¤ç¯‡', '2013å¹´é˜¿å°”å¡ç‰¹æœ—è®¯outstandingå‘˜å·¥å¥–', '2010å¹´å‘è¡¨ã€Šæ¶²å†·æºæ§åˆ¶ç³»ç»Ÿçš„ç ”åˆ¶ã€‹æ ¸å¿ƒæœŸåˆŠ', '2009å¹´å‘è¡¨è®ºæ–‡è¢«EIæ”¶å½•', '2004-2008å¹´æ ¡å¥–å­¦é‡‘ã€ç¤¾ä¼šæ´»åŠ¨ç§¯æåˆ†å­ã€ä¼˜ç§€å›¢å¹²'], 'projects': ['2024å¹´ä¸“å®¶Copliotç”Ÿæˆç³»ç»Ÿï¼šå¼€å‘é•¿æ¨ç†è·ç¦»çš„å¤§æ¨¡å‹Agentï¼Œç»“åˆRAGçŸ¥è¯†è¾…åŠ©ï¼Œæ²‰æ·€2000+æ™ºèƒ½èƒ½åŠ›ï¼Œå®ç°è¡Œä¸šåœºæ™¯æ™ºèƒ½èƒ½åŠ›çˆ†å‘å¼å¢é•¿ã€‚', '2023å¹´æ–°å¥¥äº§ä¸šGPTå¤§æ¨¡å‹ï¼šæ‰“é€ è§†è§‰å¤šæ¨¡æ€å’ŒNLPå¤§æ¨¡å‹ï¼Œå»ºè®¾é«˜æ•ˆç‡æ•°æ®å¤„ç†ã€æ¨¡å‹è®­ç»ƒã€éƒ¨ç½²è¯„ä¼°æµæ°´çº¿ï¼Œæå‡å›¢é˜ŸååŒæ•ˆç‡ã€‚', '2021å¹´æ„ŸçŸ¥è®¤çŸ¥æ¨¡å‹ç ”å‘å¹³å°ï¼šåˆ›æ–°å»ºè®¾ç®—æ³•ç»„ä»¶åŒ–å¤ç”¨å¹³å°ï¼Œäº¤ä»˜å¤§é‡è¡Œä¸šç‰¹è‰²CVç®—æ³•ï¼Œè¦†ç›–æ–°å¥¥80%åœºç«™ï¼Œæ—¥å‡è°ƒç”¨é‡800ä¸‡æ¬¡ï¼Œæ‰“é€ SOPè¯†åˆ«ç³»ç»Ÿï¼Œè·å¤šé¡¹AIåˆ›æ–°å¥–ã€‚', 'è°ƒå‹å™¨å–˜ç—‡ã€æµé‡è®¡è¯¯å·®ç‰©è”ç®—æ³•æ¨¡å‹ï¼šæ„å»ºAIOTèƒ½åŠ›ï¼Œå®ç°é”€ä¾›äº§èƒ½ä¸€ä½“åŒ–è¿ç­¹æ™ºèƒ½ã€‚', '2015-2021å¹´æºç¨‹æ— çº¿æŒç»­äº¤ä»˜äº‘å¹³å°ï¼ˆMCDï¼‰ï¼šé›†Androidã€IOSã€hybridä»£ç æ£€æµ‹ã€æ‰“åŒ…ã€æµ‹è¯•ã€å‘å¸ƒäºä¸€ä½“ï¼Œæ”¯æŒé«˜å¹¶å‘åˆ†å¸ƒå¼æ‰“åŒ…ä¸å‘å¸ƒï¼Œè·å¾—æºç¨‹å¹´åº¦æŠ€æœ¯è´¡çŒ®å¥–ã€‚', '2020å¹´æºç¨‹æ— çº¿æœåŠ¡è´¨é‡ç›‘æ§å¹³å°APMï¼šä½¿ç”¨Stromä¸ESç›‘æ§å…¨çƒè¯·æ±‚è´¨é‡ï¼Œæå‡äº§å“èƒ½åŠ›ã€‚', '2014-2015å¹´çˆ±ç«‹ä¿¡eMBMSæ¨¡æ‹Ÿå™¨å¼€å‘åŠè‡ªåŠ¨åŒ–CIç³»ç»Ÿæ­å»ºï¼Œå‚ä¸K8Så’ŒDockerè™šæ‹Ÿæœºç¯å¢ƒåŠOpenStackäº‘å¹³å°å…¼å®¹ç»´æŠ¤ã€‚', '2011-2014å¹´é˜¿å°”å¡ç‰¹æœ—è®¯LTEç‰©ç†é“¾è·¯å±‚ä»¿çœŸç³»ç»Ÿå¼€å‘ï¼Œæ‹…ä»»ä»¿çœŸæµ‹è¯•å›¢é˜Ÿleaderï¼Œèµ´ç¾å›½è´å°”å®éªŒå®¤è”åˆå¼€å‘Light Radio LTEç‰©ç†é“¾è·¯å±‚ä»¿çœŸç³»ç»Ÿã€‚', '2010å¹´è‹±ç‰¹å°”MeeGoæ“ä½œç³»ç»ŸNetbook QAåŠè‡ªåŠ¨åŒ–æµ‹è¯•å·¥å…·å¼€å‘ã€‚'], 'languages': ['ä¸­æ–‡ï¼ˆæ¯è¯­ï¼‰', 'è‹±è¯­ï¼ˆæµåˆ©ï¼Œå…·å¤‡æµ·å¤–å·¥ä½œç»å†ï¼‰'], 'certifications': [], 'summary': 'æœ±æ©åº†ï¼Œç¡•å£«å­¦å†ï¼Œ12å¹´AIåŠæ™ºèƒ½åŒ–æŠ€æœ¯ç ”å‘ä¸ç®¡ç†ç»éªŒï¼Œç°ä»»æ–°å¥¥é›†å›¢æ™ºèƒ½æŠ€æœ¯è´Ÿè´£äººï¼Œç²¾é€šäººå·¥æ™ºèƒ½ã€å¤§æ¨¡å‹ã€æ™ºèƒ½ä½“ã€äº§ä¸šæ™ºèƒ½ã€ç‰©è”æ™ºèƒ½ç­‰é¢†åŸŸã€‚å…·å¤‡ä¸°å¯Œçš„ä¼ä¸šæ™ºèƒ½åŒ–å‡çº§ã€åŸºç¡€è®¾æ–½å»ºè®¾ã€ç®—æ³•å¹³å°å¼€å‘åŠå›¢é˜Ÿç®¡ç†ç»éªŒï¼Œæ›¾åœ¨æºç¨‹ã€çˆ±ç«‹ä¿¡ã€é˜¿å°”å¡ç‰¹æœ—è®¯ç­‰çŸ¥åä¼ä¸šæ‹…ä»»æŠ€æœ¯ä¸“å®¶ä¸ç®¡ç†å²—ä½ï¼Œæ‹¥æœ‰å¤šé¡¹ä¸“åˆ©å’ŒæŠ€æœ¯å¥–é¡¹ã€‚'}
2025-10-21 16:21:52,031 INFO resume_processor.py:487 åˆ›å»ºä¸ªäººçŸ¥è¯†åº“ç›®å½•: personal_kb
2025-10-21 16:21:52,031 INFO resume_processor.py:489 ä¸ªäººçŸ¥è¯†åº“ç›®å½•åˆ›å»ºæˆåŠŸ
2025-10-21 16:21:52,031 INFO resume_processor.py:499 åˆå§‹åŒ–ä¸ªäººä¿¡æ¯ç»“æ„
2025-10-21 16:21:52,031 INFO resume_processor.py:503 å¼€å§‹æ ¹æ®æå–çš„ä¿¡æ¯åˆ›å»ºçŸ¥è¯†æ¡ç›®
2025-10-21 16:21:52,031 INFO resume_processor.py:515 åˆ›å»ºå·¥ä½œç»éªŒçŸ¥è¯†æ¡ç›®: æœ±æ©åº†_exp_1
2025-10-21 16:21:52,031 INFO resume_processor.py:527 åˆ›å»ºæ•™è‚²èƒŒæ™¯çŸ¥è¯†æ¡ç›®: æœ±æ©åº†_edu_1
2025-10-21 16:21:52,031 INFO resume_processor.py:530 åˆ›å»ºæŠ€èƒ½çŸ¥è¯†æ¡ç›®ï¼ŒæŠ€èƒ½æ•°é‡: 20
2025-10-21 16:21:52,031 INFO resume_processor.py:541 åˆ›å»ºæŠ€èƒ½çŸ¥è¯†æ¡ç›® 1: æœ±æ©åº†_skill_1 - äººå·¥æ™ºèƒ½
2025-10-21 16:21:52,031 INFO resume_processor.py:541 åˆ›å»ºæŠ€èƒ½çŸ¥è¯†æ¡ç›® 2: æœ±æ©åº†_skill_2 - å¤§æ¨¡å‹æŠ€æœ¯
2025-10-21 16:21:52,031 INFO resume_processor.py:541 åˆ›å»ºæŠ€èƒ½çŸ¥è¯†æ¡ç›® 3: æœ±æ©åº†_skill_3 - æ™ºèƒ½ä½“AgentæŠ€æœ¯
2025-10-21 16:21:52,031 INFO resume_processor.py:541 åˆ›å»ºæŠ€èƒ½çŸ¥è¯†æ¡ç›® 4: æœ±æ©åº†_skill_4 - äº§ä¸šæ™ºèƒ½
2025-10-21 16:21:52,031 INFO resume_processor.py:541 åˆ›å»ºæŠ€èƒ½çŸ¥è¯†æ¡ç›® 5: æœ±æ©åº†_skill_5 - ç‰©è”æ™ºèƒ½
2025-10-21 16:21:52,032 INFO resume_processor.py:541 åˆ›å»ºæŠ€èƒ½çŸ¥è¯†æ¡ç›® 6: æœ±æ©åº†_skill_6 - æŒç»­è¿­ä»£
2025-10-21 16:21:52,032 INFO resume_processor.py:541 åˆ›å»ºæŠ€èƒ½çŸ¥è¯†æ¡ç›® 7: æœ±æ©åº†_skill_7 - è½¯ä»¶ç³»ç»Ÿå¼€å‘
2025-10-21 16:21:52,032 INFO resume_processor.py:541 åˆ›å»ºæŠ€èƒ½çŸ¥è¯†æ¡ç›® 8: æœ±æ©åº†_skill_8 - é€šè®¯ç³»ç»Ÿå¼€å‘
2025-10-21 16:21:52,032 INFO resume_processor.py:541 åˆ›å»ºæŠ€èƒ½çŸ¥è¯†æ¡ç›® 9: æœ±æ©åº†_skill_9 - åµŒå…¥å¼ç³»ç»Ÿ
2025-10-21 16:21:52,032 INFO resume_processor.py:541 åˆ›å»ºæŠ€èƒ½çŸ¥è¯†æ¡ç›® 10: æœ±æ©åº†_skill_10 - Linuxç³»ç»ŸæŠ€æœ¯åº”ç”¨
2025-10-21 16:21:52,032 INFO resume_processor.py:541 åˆ›å»ºæŠ€èƒ½çŸ¥è¯†æ¡ç›® 11: æœ±æ©åº†_skill_11 - äº‘è®¡ç®—
2025-10-21 16:21:52,032 INFO resume_processor.py:541 åˆ›å»ºæŠ€èƒ½çŸ¥è¯†æ¡ç›® 12: æœ±æ©åº†_skill_12 - ç§»åŠ¨äº’è”ç½‘åŸºç¡€æœåŠ¡
2025-10-21 16:21:52,032 INFO resume_processor.py:541 åˆ›å»ºæŠ€èƒ½çŸ¥è¯†æ¡ç›® 13: æœ±æ©åº†_skill_13 - ç ”å‘å·¥å…·é“¾
2025-10-21 16:21:52,032 INFO resume_processor.py:541 åˆ›å»ºæŠ€èƒ½çŸ¥è¯†æ¡ç›® 14: æœ±æ©åº†_skill_14 - CV/NLPç®—æ³•
2025-10-21 16:21:52,032 INFO resume_processor.py:541 åˆ›å»ºæŠ€èƒ½çŸ¥è¯†æ¡ç›® 15: æœ±æ©åº†_skill_15 - æ™ºèƒ½æ¨¡å‹ç ”å‘å¹³å°
2025-10-21 16:21:52,032 INFO resume_processor.py:541 åˆ›å»ºæŠ€èƒ½çŸ¥è¯†æ¡ç›® 16: æœ±æ©åº†_skill_16 - ä¼ä¸šæ¶æ„
2025-10-21 16:21:52,032 INFO resume_processor.py:541 åˆ›å»ºæŠ€èƒ½çŸ¥è¯†æ¡ç›® 17: æœ±æ©åº†_skill_17 - å…¨æ ˆå¼€å‘
2025-10-21 16:21:52,032 INFO resume_processor.py:541 åˆ›å»ºæŠ€èƒ½çŸ¥è¯†æ¡ç›® 18: æœ±æ©åº†_skill_18 - æŒç»­äº¤ä»˜
2025-10-21 16:21:52,032 INFO resume_processor.py:541 åˆ›å»ºæŠ€èƒ½çŸ¥è¯†æ¡ç›® 19: æœ±æ©åº†_skill_19 - ç®—æ³•ä»¿çœŸ
2025-10-21 16:21:52,032 INFO resume_processor.py:541 åˆ›å»ºæŠ€èƒ½çŸ¥è¯†æ¡ç›® 20: æœ±æ©åº†_skill_20 - å›¢é˜Ÿç®¡ç†
2025-10-21 16:21:52,032 INFO resume_processor.py:544 åˆ›å»ºæˆå°±çŸ¥è¯†æ¡ç›®ï¼Œæˆå°±æ•°é‡: 11
2025-10-21 16:21:52,032 INFO resume_processor.py:555 åˆ›å»ºæˆå°±çŸ¥è¯†æ¡ç›® 1: æœ±æ©åº†_ach_1 - 2024å¹´å¤§æ¨¡å‹å·¥ç¨‹å’Œæ™ºèƒ½ä½“æŠ€æœ¯ç›¸å…³ä¸“åˆ©6ç¯‡
2025-10-21 16:21:52,032 INFO resume_processor.py:555 åˆ›å»ºæˆå°±çŸ¥è¯†æ¡ç›® 2: æœ±æ©åº†_ach_2 - 2023å¹´å¤§æ¨¡å‹å·¥ç¨‹ç›¸å…³ä¸“åˆ©10ç¯‡
2025-10-21 16:21:52,032 INFO resume_processor.py:555 åˆ›å»ºæˆå°±çŸ¥è¯†æ¡ç›® 3: æœ±æ©åº†_ach_3 - 2022å¹´CVè¯†åˆ«ç®—æ³•ä¸“åˆ©5ç¯‡
2025-10-21 16:21:52,032 INFO resume_processor.py:555 åˆ›å»ºæˆå°±çŸ¥è¯†æ¡ç›® 4: æœ±æ©åº†_ach_4 - 2022å¹´è·å¾—ã€Šåˆ›å€¼æ ‡å…µã€‹ç§°å·
2025-10-21 16:21:52,033 INFO resume_processor.py:555 åˆ›å»ºæˆå°±çŸ¥è¯†æ¡ç›® 5: æœ±æ©åº†_ach_5 - 2020å¹´æºç¨‹æ— çº¿è´¨é‡ä¼˜ç§€ä¸ªäººæŠ€æœ¯è´¡çŒ®å¥–
2025-10-21 16:21:52,033 INFO resume_processor.py:555 åˆ›å»ºæˆå°±çŸ¥è¯†æ¡ç›® 6: æœ±æ©åº†_ach_6 - 2016å¹´æºç¨‹MCDå¹³å°è·å¾—æºç¨‹çªå‡ºæŠ€æœ¯è´¡çŒ®å¥–
2025-10-21 16:21:52,033 INFO resume_processor.py:555 åˆ›å»ºæˆå°±çŸ¥è¯†æ¡ç›® 7: æœ±æ©åº†_ach_7 - 2015å¹´åœ¨æºç¨‹æäº¤IOSåº”ç”¨é›†ç¾¤æ‰“åŒ…ä¸“åˆ©ä¸¤ç¯‡
2025-10-21 16:21:52,033 INFO resume_processor.py:555 åˆ›å»ºæˆå°±çŸ¥è¯†æ¡ç›® 8: æœ±æ©åº†_ach_8 - 2013å¹´é˜¿å°”å¡ç‰¹æœ—è®¯outstandingå‘˜å·¥å¥–
2025-10-21 16:21:52,033 INFO resume_processor.py:555 åˆ›å»ºæˆå°±çŸ¥è¯†æ¡ç›® 9: æœ±æ©åº†_ach_9 - 2010å¹´å‘è¡¨ã€Šæ¶²å†·æºæ§åˆ¶ç³»ç»Ÿçš„ç ”åˆ¶ã€‹æ ¸å¿ƒæœŸåˆŠ
2025-10-21 16:21:52,033 INFO resume_processor.py:555 åˆ›å»ºæˆå°±çŸ¥è¯†æ¡ç›® 10: æœ±æ©åº†_ach_10 - 2009å¹´å‘è¡¨è®ºæ–‡è¢«EIæ”¶å½•
2025-10-21 16:21:52,033 INFO resume_processor.py:555 åˆ›å»ºæˆå°±çŸ¥è¯†æ¡ç›® 11: æœ±æ©åº†_ach_11 - 2004-2008å¹´æ ¡å¥–å­¦é‡‘ã€ç¤¾ä¼šæ´»åŠ¨ç§¯æåˆ†å­ã€ä¼˜ç§€å›¢å¹²
2025-10-21 16:21:52,033 INFO resume_processor.py:558 çŸ¥è¯†æ¡ç›®åˆ›å»ºå®Œæˆï¼Œæ€»è®¡ 33 ä¸ªæ¡ç›®
2025-10-21 16:21:52,033 INFO resume_processor.py:562 ä¿å­˜ä¸ªäººçŸ¥è¯†åº“åˆ°æ–‡ä»¶: personal_kb/personal_info.json
2025-10-21 16:21:52,034 INFO resume_processor.py:565 ä¸ªäººçŸ¥è¯†åº“æ–‡ä»¶ä¿å­˜æˆåŠŸ
2025-10-21 16:21:52,034 INFO resume_processor.py:567 ä¸º æœ±æ©åº† åˆ›å»ºäº†ä¸ªäººçŸ¥è¯†åº“ï¼ŒåŒ…å« 33 ä¸ªçŸ¥è¯†æ¡ç›®
2025-10-21 16:21:52,034 INFO resume_processor.py:576 å¼€å§‹æ›´æ–°ä¸»çŸ¥è¯†åº“ï¼Œä¸ªäººçŸ¥è¯†åº“è·¯å¾„: personal_kb, å§“å: æœ±æ©åº†
2025-10-21 16:21:52,034 INFO resume_processor.py:581 è¯»å–ä¸ªäººçŸ¥è¯†åº“æ–‡ä»¶: personal_kb/personal_info.json
2025-10-21 16:21:52,034 INFO resume_processor.py:589 ä¸ªäººçŸ¥è¯†åº“æ–‡ä»¶è¯»å–æˆåŠŸï¼ŒåŒ…å« 33 ä¸ªçŸ¥è¯†æ¡ç›®
2025-10-21 16:21:52,034 INFO resume_processor.py:593 è¯»å–ä¸»çŸ¥è¯†åº“æ–‡ä»¶: data/playbook.json
2025-10-21 16:21:52,034 INFO resume_processor.py:598 ä¸»çŸ¥è¯†åº“æ–‡ä»¶è¯»å–æˆåŠŸï¼Œå½“å‰åŒ…å« 29 ä¸ªæ¡ç›®
2025-10-21 16:21:52,034 INFO resume_processor.py:614 å¼€å§‹æ·»åŠ  33 ä¸ªä¸ªäººçŸ¥è¯†æ¡ç›®åˆ°ä¸»çŸ¥è¯†åº“
2025-10-21 16:21:52,034 INFO resume_processor.py:617 å¤„ç†çŸ¥è¯†æ¡ç›® 1/33: æœ±æ©åº†_exp_1
2025-10-21 16:21:52,035 INFO resume_processor.py:630 åˆ›å»ºACEå…¼å®¹çš„bulletæ•°æ®: æœ±æ©åº†_exp_1
2025-10-21 16:21:52,035 INFO resume_processor.py:634 æ·»åŠ bulletåˆ°ä¸»çŸ¥è¯†åº“: æœ±æ©åº†_exp_1
2025-10-21 16:21:52,035 INFO resume_processor.py:643 æ·»åŠ bulletåˆ°section å·¥ä½œç»éªŒ: æœ±æ©åº†_exp_1
2025-10-21 16:21:52,035 INFO resume_processor.py:617 å¤„ç†çŸ¥è¯†æ¡ç›® 2/33: æœ±æ©åº†_edu_1
2025-10-21 16:21:52,035 INFO resume_processor.py:630 åˆ›å»ºACEå…¼å®¹çš„bulletæ•°æ®: æœ±æ©åº†_edu_1
2025-10-21 16:21:52,035 INFO resume_processor.py:634 æ·»åŠ bulletåˆ°ä¸»çŸ¥è¯†åº“: æœ±æ©åº†_edu_1
2025-10-21 16:21:52,035 INFO resume_processor.py:643 æ·»åŠ bulletåˆ°section æ•™è‚²èƒŒæ™¯: æœ±æ©åº†_edu_1
2025-10-21 16:21:52,035 INFO resume_processor.py:617 å¤„ç†çŸ¥è¯†æ¡ç›® 3/33: æœ±æ©åº†_skill_1
2025-10-21 16:21:52,035 INFO resume_processor.py:630 åˆ›å»ºACEå…¼å®¹çš„bulletæ•°æ®: æœ±æ©åº†_skill_1
2025-10-21 16:21:52,035 INFO resume_processor.py:634 æ·»åŠ bulletåˆ°ä¸»çŸ¥è¯†åº“: æœ±æ©åº†_skill_1
2025-10-21 16:21:52,035 INFO resume_processor.py:643 æ·»åŠ bulletåˆ°section æŠ€èƒ½ä¸“é•¿: æœ±æ©åº†_skill_1
2025-10-21 16:21:52,035 INFO resume_processor.py:617 å¤„ç†çŸ¥è¯†æ¡ç›® 4/33: æœ±æ©åº†_skill_2
2025-10-21 16:21:52,035 INFO resume_processor.py:630 åˆ›å»ºACEå…¼å®¹çš„bulletæ•°æ®: æœ±æ©åº†_skill_2
2025-10-21 16:21:52,035 INFO resume_processor.py:634 æ·»åŠ bulletåˆ°ä¸»çŸ¥è¯†åº“: æœ±æ©åº†_skill_2
2025-10-21 16:21:52,035 INFO resume_processor.py:643 æ·»åŠ bulletåˆ°section æŠ€èƒ½ä¸“é•¿: æœ±æ©åº†_skill_2
2025-10-21 16:21:52,035 INFO resume_processor.py:617 å¤„ç†çŸ¥è¯†æ¡ç›® 5/33: æœ±æ©åº†_skill_3
2025-10-21 16:21:52,035 INFO resume_processor.py:630 åˆ›å»ºACEå…¼å®¹çš„bulletæ•°æ®: æœ±æ©åº†_skill_3
2025-10-21 16:21:52,035 INFO resume_processor.py:634 æ·»åŠ bulletåˆ°ä¸»çŸ¥è¯†åº“: æœ±æ©åº†_skill_3
2025-10-21 16:21:52,035 INFO resume_processor.py:643 æ·»åŠ bulletåˆ°section æŠ€èƒ½ä¸“é•¿: æœ±æ©åº†_skill_3
2025-10-21 16:21:52,036 INFO resume_processor.py:617 å¤„ç†çŸ¥è¯†æ¡ç›® 6/33: æœ±æ©åº†_skill_4
2025-10-21 16:21:52,036 INFO resume_processor.py:630 åˆ›å»ºACEå…¼å®¹çš„bulletæ•°æ®: æœ±æ©åº†_skill_4
2025-10-21 16:21:52,036 INFO resume_processor.py:634 æ·»åŠ bulletåˆ°ä¸»çŸ¥è¯†åº“: æœ±æ©åº†_skill_4
2025-10-21 16:21:52,036 INFO resume_processor.py:643 æ·»åŠ bulletåˆ°section æŠ€èƒ½ä¸“é•¿: æœ±æ©åº†_skill_4
2025-10-21 16:21:52,037 INFO resume_processor.py:617 å¤„ç†çŸ¥è¯†æ¡ç›® 7/33: æœ±æ©åº†_skill_5
2025-10-21 16:21:52,037 INFO resume_processor.py:630 åˆ›å»ºACEå…¼å®¹çš„bulletæ•°æ®: æœ±æ©åº†_skill_5
2025-10-21 16:21:52,037 INFO resume_processor.py:634 æ·»åŠ bulletåˆ°ä¸»çŸ¥è¯†åº“: æœ±æ©åº†_skill_5
2025-10-21 16:21:52,037 INFO resume_processor.py:643 æ·»åŠ bulletåˆ°section æŠ€èƒ½ä¸“é•¿: æœ±æ©åº†_skill_5
2025-10-21 16:21:52,037 INFO resume_processor.py:617 å¤„ç†çŸ¥è¯†æ¡ç›® 8/33: æœ±æ©åº†_skill_6
2025-10-21 16:21:52,037 INFO resume_processor.py:630 åˆ›å»ºACEå…¼å®¹çš„bulletæ•°æ®: æœ±æ©åº†_skill_6
2025-10-21 16:21:52,037 INFO resume_processor.py:634 æ·»åŠ bulletåˆ°ä¸»çŸ¥è¯†åº“: æœ±æ©åº†_skill_6
2025-10-21 16:21:52,037 INFO resume_processor.py:643 æ·»åŠ bulletåˆ°section æŠ€èƒ½ä¸“é•¿: æœ±æ©åº†_skill_6
2025-10-21 16:21:52,037 INFO resume_processor.py:617 å¤„ç†çŸ¥è¯†æ¡ç›® 9/33: æœ±æ©åº†_skill_7
2025-10-21 16:21:52,037 INFO resume_processor.py:630 åˆ›å»ºACEå…¼å®¹çš„bulletæ•°æ®: æœ±æ©åº†_skill_7
2025-10-21 16:21:52,037 INFO resume_processor.py:634 æ·»åŠ bulletåˆ°ä¸»çŸ¥è¯†åº“: æœ±æ©åº†_skill_7
2025-10-21 16:21:52,037 INFO resume_processor.py:643 æ·»åŠ bulletåˆ°section æŠ€èƒ½ä¸“é•¿: æœ±æ©åº†_skill_7
2025-10-21 16:21:52,037 INFO resume_processor.py:617 å¤„ç†çŸ¥è¯†æ¡ç›® 10/33: æœ±æ©åº†_skill_8
2025-10-21 16:21:52,037 INFO resume_processor.py:630 åˆ›å»ºACEå…¼å®¹çš„bulletæ•°æ®: æœ±æ©åº†_skill_8
2025-10-21 16:21:52,037 INFO resume_processor.py:634 æ·»åŠ bulletåˆ°ä¸»çŸ¥è¯†åº“: æœ±æ©åº†_skill_8
2025-10-21 16:21:52,038 INFO resume_processor.py:643 æ·»åŠ bulletåˆ°section æŠ€èƒ½ä¸“é•¿: æœ±æ©åº†_skill_8
2025-10-21 16:21:52,038 INFO resume_processor.py:617 å¤„ç†çŸ¥è¯†æ¡ç›® 11/33: æœ±æ©åº†_skill_9
2025-10-21 16:21:52,038 INFO resume_processor.py:630 åˆ›å»ºACEå…¼å®¹çš„bulletæ•°æ®: æœ±æ©åº†_skill_9
2025-10-21 16:21:52,038 INFO resume_processor.py:634 æ·»åŠ bulletåˆ°ä¸»çŸ¥è¯†åº“: æœ±æ©åº†_skill_9
2025-10-21 16:21:52,038 INFO resume_processor.py:643 æ·»åŠ bulletåˆ°section æŠ€èƒ½ä¸“é•¿: æœ±æ©åº†_skill_9
2025-10-21 16:21:52,038 INFO resume_processor.py:617 å¤„ç†çŸ¥è¯†æ¡ç›® 12/33: æœ±æ©åº†_skill_10
2025-10-21 16:21:52,038 INFO resume_processor.py:630 åˆ›å»ºACEå…¼å®¹çš„bulletæ•°æ®: æœ±æ©åº†_skill_10
2025-10-21 16:21:52,038 INFO resume_processor.py:634 æ·»åŠ bulletåˆ°ä¸»çŸ¥è¯†åº“: æœ±æ©åº†_skill_10
2025-10-21 16:21:52,038 INFO resume_processor.py:643 æ·»åŠ bulletåˆ°section æŠ€èƒ½ä¸“é•¿: æœ±æ©åº†_skill_10
2025-10-21 16:21:52,038 INFO resume_processor.py:617 å¤„ç†çŸ¥è¯†æ¡ç›® 13/33: æœ±æ©åº†_skill_11
2025-10-21 16:21:52,038 INFO resume_processor.py:630 åˆ›å»ºACEå…¼å®¹çš„bulletæ•°æ®: æœ±æ©åº†_skill_11
2025-10-21 16:21:52,038 INFO resume_processor.py:634 æ·»åŠ bulletåˆ°ä¸»çŸ¥è¯†åº“: æœ±æ©åº†_skill_11
2025-10-21 16:21:52,038 INFO resume_processor.py:643 æ·»åŠ bulletåˆ°section æŠ€èƒ½ä¸“é•¿: æœ±æ©åº†_skill_11
2025-10-21 16:21:52,038 INFO resume_processor.py:617 å¤„ç†çŸ¥è¯†æ¡ç›® 14/33: æœ±æ©åº†_skill_12
2025-10-21 16:21:52,038 INFO resume_processor.py:630 åˆ›å»ºACEå…¼å®¹çš„bulletæ•°æ®: æœ±æ©åº†_skill_12
2025-10-21 16:21:52,038 INFO resume_processor.py:634 æ·»åŠ bulletåˆ°ä¸»çŸ¥è¯†åº“: æœ±æ©åº†_skill_12
2025-10-21 16:21:52,038 INFO resume_processor.py:643 æ·»åŠ bulletåˆ°section æŠ€èƒ½ä¸“é•¿: æœ±æ©åº†_skill_12
2025-10-21 16:21:52,038 INFO resume_processor.py:617 å¤„ç†çŸ¥è¯†æ¡ç›® 15/33: æœ±æ©åº†_skill_13
2025-10-21 16:21:52,039 INFO resume_processor.py:630 åˆ›å»ºACEå…¼å®¹çš„bulletæ•°æ®: æœ±æ©åº†_skill_13
2025-10-21 16:21:52,039 INFO resume_processor.py:634 æ·»åŠ bulletåˆ°ä¸»çŸ¥è¯†åº“: æœ±æ©åº†_skill_13
2025-10-21 16:21:52,039 INFO resume_processor.py:643 æ·»åŠ bulletåˆ°section æŠ€èƒ½ä¸“é•¿: æœ±æ©åº†_skill_13
2025-10-21 16:21:52,039 INFO resume_processor.py:617 å¤„ç†çŸ¥è¯†æ¡ç›® 16/33: æœ±æ©åº†_skill_14
2025-10-21 16:21:52,039 INFO resume_processor.py:630 åˆ›å»ºACEå…¼å®¹çš„bulletæ•°æ®: æœ±æ©åº†_skill_14
2025-10-21 16:21:52,039 INFO resume_processor.py:634 æ·»åŠ bulletåˆ°ä¸»çŸ¥è¯†åº“: æœ±æ©åº†_skill_14
2025-10-21 16:21:52,039 INFO resume_processor.py:643 æ·»åŠ bulletåˆ°section æŠ€èƒ½ä¸“é•¿: æœ±æ©åº†_skill_14
2025-10-21 16:21:52,039 INFO resume_processor.py:617 å¤„ç†çŸ¥è¯†æ¡ç›® 17/33: æœ±æ©åº†_skill_15
2025-10-21 16:21:52,039 INFO resume_processor.py:630 åˆ›å»ºACEå…¼å®¹çš„bulletæ•°æ®: æœ±æ©åº†_skill_15
2025-10-21 16:21:52,039 INFO resume_processor.py:634 æ·»åŠ bulletåˆ°ä¸»çŸ¥è¯†åº“: æœ±æ©åº†_skill_15
2025-10-21 16:21:52,039 INFO resume_processor.py:643 æ·»åŠ bulletåˆ°section æŠ€èƒ½ä¸“é•¿: æœ±æ©åº†_skill_15
2025-10-21 16:21:52,039 INFO resume_processor.py:617 å¤„ç†çŸ¥è¯†æ¡ç›® 18/33: æœ±æ©åº†_skill_16
2025-10-21 16:21:52,039 INFO resume_processor.py:630 åˆ›å»ºACEå…¼å®¹çš„bulletæ•°æ®: æœ±æ©åº†_skill_16
2025-10-21 16:21:52,039 INFO resume_processor.py:634 æ·»åŠ bulletåˆ°ä¸»çŸ¥è¯†åº“: æœ±æ©åº†_skill_16
2025-10-21 16:21:52,039 INFO resume_processor.py:643 æ·»åŠ bulletåˆ°section æŠ€èƒ½ä¸“é•¿: æœ±æ©åº†_skill_16
2025-10-21 16:21:52,039 INFO resume_processor.py:617 å¤„ç†çŸ¥è¯†æ¡ç›® 19/33: æœ±æ©åº†_skill_17
2025-10-21 16:21:52,039 INFO resume_processor.py:630 åˆ›å»ºACEå…¼å®¹çš„bulletæ•°æ®: æœ±æ©åº†_skill_17
2025-10-21 16:21:52,039 INFO resume_processor.py:634 æ·»åŠ bulletåˆ°ä¸»çŸ¥è¯†åº“: æœ±æ©åº†_skill_17
2025-10-21 16:21:52,040 INFO resume_processor.py:643 æ·»åŠ bulletåˆ°section æŠ€èƒ½ä¸“é•¿: æœ±æ©åº†_skill_17
2025-10-21 16:21:52,040 INFO resume_processor.py:617 å¤„ç†çŸ¥è¯†æ¡ç›® 20/33: æœ±æ©åº†_skill_18
2025-10-21 16:21:52,040 INFO resume_processor.py:630 åˆ›å»ºACEå…¼å®¹çš„bulletæ•°æ®: æœ±æ©åº†_skill_18
2025-10-21 16:21:52,040 INFO resume_processor.py:634 æ·»åŠ bulletåˆ°ä¸»çŸ¥è¯†åº“: æœ±æ©åº†_skill_18
2025-10-21 16:21:52,040 INFO resume_processor.py:643 æ·»åŠ bulletåˆ°section æŠ€èƒ½ä¸“é•¿: æœ±æ©åº†_skill_18
2025-10-21 16:21:52,040 INFO resume_processor.py:617 å¤„ç†çŸ¥è¯†æ¡ç›® 21/33: æœ±æ©åº†_skill_19
2025-10-21 16:21:52,040 INFO resume_processor.py:630 åˆ›å»ºACEå…¼å®¹çš„bulletæ•°æ®: æœ±æ©åº†_skill_19
2025-10-21 16:21:52,040 INFO resume_processor.py:634 æ·»åŠ bulletåˆ°ä¸»çŸ¥è¯†åº“: æœ±æ©åº†_skill_19
2025-10-21 16:21:52,040 INFO resume_processor.py:643 æ·»åŠ bulletåˆ°section æŠ€èƒ½ä¸“é•¿: æœ±æ©åº†_skill_19
2025-10-21 16:21:52,040 INFO resume_processor.py:617 å¤„ç†çŸ¥è¯†æ¡ç›® 22/33: æœ±æ©åº†_skill_20
2025-10-21 16:21:52,040 INFO resume_processor.py:630 åˆ›å»ºACEå…¼å®¹çš„bulletæ•°æ®: æœ±æ©åº†_skill_20
2025-10-21 16:21:52,040 INFO resume_processor.py:634 æ·»åŠ bulletåˆ°ä¸»çŸ¥è¯†åº“: æœ±æ©åº†_skill_20
2025-10-21 16:21:52,040 INFO resume_processor.py:643 æ·»åŠ bulletåˆ°section æŠ€èƒ½ä¸“é•¿: æœ±æ©åº†_skill_20
2025-10-21 16:21:52,040 INFO resume_processor.py:617 å¤„ç†çŸ¥è¯†æ¡ç›® 23/33: æœ±æ©åº†_ach_1
2025-10-21 16:21:52,040 INFO resume_processor.py:630 åˆ›å»ºACEå…¼å®¹çš„bulletæ•°æ®: æœ±æ©åº†_ach_1
2025-10-21 16:21:52,040 INFO resume_processor.py:634 æ·»åŠ bulletåˆ°ä¸»çŸ¥è¯†åº“: æœ±æ©åº†_ach_1
2025-10-21 16:21:52,040 INFO resume_processor.py:643 æ·»åŠ bulletåˆ°section æˆå°±è£èª‰: æœ±æ©åº†_ach_1
2025-10-21 16:21:52,040 INFO resume_processor.py:617 å¤„ç†çŸ¥è¯†æ¡ç›® 24/33: æœ±æ©åº†_ach_2
2025-10-21 16:21:52,041 INFO resume_processor.py:630 åˆ›å»ºACEå…¼å®¹çš„bulletæ•°æ®: æœ±æ©åº†_ach_2
2025-10-21 16:21:52,041 INFO resume_processor.py:634 æ·»åŠ bulletåˆ°ä¸»çŸ¥è¯†åº“: æœ±æ©åº†_ach_2
2025-10-21 16:21:52,042 INFO resume_processor.py:643 æ·»åŠ bulletåˆ°section æˆå°±è£èª‰: æœ±æ©åº†_ach_2
2025-10-21 16:21:52,042 INFO resume_processor.py:617 å¤„ç†çŸ¥è¯†æ¡ç›® 25/33: æœ±æ©åº†_ach_3
2025-10-21 16:21:52,042 INFO resume_processor.py:630 åˆ›å»ºACEå…¼å®¹çš„bulletæ•°æ®: æœ±æ©åº†_ach_3
2025-10-21 16:21:52,042 INFO resume_processor.py:634 æ·»åŠ bulletåˆ°ä¸»çŸ¥è¯†åº“: æœ±æ©åº†_ach_3
2025-10-21 16:21:52,042 INFO resume_processor.py:643 æ·»åŠ bulletåˆ°section æˆå°±è£èª‰: æœ±æ©åº†_ach_3
2025-10-21 16:21:52,042 INFO resume_processor.py:617 å¤„ç†çŸ¥è¯†æ¡ç›® 26/33: æœ±æ©åº†_ach_4
2025-10-21 16:21:52,042 INFO resume_processor.py:630 åˆ›å»ºACEå…¼å®¹çš„bulletæ•°æ®: æœ±æ©åº†_ach_4
2025-10-21 16:21:52,042 INFO resume_processor.py:634 æ·»åŠ bulletåˆ°ä¸»çŸ¥è¯†åº“: æœ±æ©åº†_ach_4
2025-10-21 16:21:52,042 INFO resume_processor.py:643 æ·»åŠ bulletåˆ°section æˆå°±è£èª‰: æœ±æ©åº†_ach_4
2025-10-21 16:21:52,042 INFO resume_processor.py:617 å¤„ç†çŸ¥è¯†æ¡ç›® 27/33: æœ±æ©åº†_ach_5
2025-10-21 16:21:52,042 INFO resume_processor.py:630 åˆ›å»ºACEå…¼å®¹çš„bulletæ•°æ®: æœ±æ©åº†_ach_5
2025-10-21 16:21:52,042 INFO resume_processor.py:634 æ·»åŠ bulletåˆ°ä¸»çŸ¥è¯†åº“: æœ±æ©åº†_ach_5
2025-10-21 16:21:52,042 INFO resume_processor.py:643 æ·»åŠ bulletåˆ°section æˆå°±è£èª‰: æœ±æ©åº†_ach_5
2025-10-21 16:21:52,043 INFO resume_processor.py:617 å¤„ç†çŸ¥è¯†æ¡ç›® 28/33: æœ±æ©åº†_ach_6
2025-10-21 16:21:52,043 INFO resume_processor.py:630 åˆ›å»ºACEå…¼å®¹çš„bulletæ•°æ®: æœ±æ©åº†_ach_6
2025-10-21 16:21:52,043 INFO resume_processor.py:634 æ·»åŠ bulletåˆ°ä¸»çŸ¥è¯†åº“: æœ±æ©åº†_ach_6
2025-10-21 16:21:52,043 INFO resume_processor.py:643 æ·»åŠ bulletåˆ°section æˆå°±è£èª‰: æœ±æ©åº†_ach_6
2025-10-21 16:21:52,043 INFO resume_processor.py:617 å¤„ç†çŸ¥è¯†æ¡ç›® 29/33: æœ±æ©åº†_ach_7
2025-10-21 16:21:52,043 INFO resume_processor.py:630 åˆ›å»ºACEå…¼å®¹çš„bulletæ•°æ®: æœ±æ©åº†_ach_7
2025-10-21 16:21:52,043 INFO resume_processor.py:634 æ·»åŠ bulletåˆ°ä¸»çŸ¥è¯†åº“: æœ±æ©åº†_ach_7
2025-10-21 16:21:52,043 INFO resume_processor.py:643 æ·»åŠ bulletåˆ°section æˆå°±è£èª‰: æœ±æ©åº†_ach_7
2025-10-21 16:21:52,043 INFO resume_processor.py:617 å¤„ç†çŸ¥è¯†æ¡ç›® 30/33: æœ±æ©åº†_ach_8
2025-10-21 16:21:52,043 INFO resume_processor.py:630 åˆ›å»ºACEå…¼å®¹çš„bulletæ•°æ®: æœ±æ©åº†_ach_8
2025-10-21 16:21:52,043 INFO resume_processor.py:634 æ·»åŠ bulletåˆ°ä¸»çŸ¥è¯†åº“: æœ±æ©åº†_ach_8
2025-10-21 16:21:52,043 INFO resume_processor.py:643 æ·»åŠ bulletåˆ°section æˆå°±è£èª‰: æœ±æ©åº†_ach_8
2025-10-21 16:21:52,043 INFO resume_processor.py:617 å¤„ç†çŸ¥è¯†æ¡ç›® 31/33: æœ±æ©åº†_ach_9
2025-10-21 16:21:52,043 INFO resume_processor.py:630 åˆ›å»ºACEå…¼å®¹çš„bulletæ•°æ®: æœ±æ©åº†_ach_9
2025-10-21 16:21:52,043 INFO resume_processor.py:634 æ·»åŠ bulletåˆ°ä¸»çŸ¥è¯†åº“: æœ±æ©åº†_ach_9
2025-10-21 16:21:52,043 INFO resume_processor.py:643 æ·»åŠ bulletåˆ°section æˆå°±è£èª‰: æœ±æ©åº†_ach_9
2025-10-21 16:21:52,043 INFO resume_processor.py:617 å¤„ç†çŸ¥è¯†æ¡ç›® 32/33: æœ±æ©åº†_ach_10
2025-10-21 16:21:52,043 INFO resume_processor.py:630 åˆ›å»ºACEå…¼å®¹çš„bulletæ•°æ®: æœ±æ©åº†_ach_10
2025-10-21 16:21:52,043 INFO resume_processor.py:634 æ·»åŠ bulletåˆ°ä¸»çŸ¥è¯†åº“: æœ±æ©åº†_ach_10
2025-10-21 16:21:52,044 INFO resume_processor.py:643 æ·»åŠ bulletåˆ°section æˆå°±è£èª‰: æœ±æ©åº†_ach_10
2025-10-21 16:21:52,044 INFO resume_processor.py:617 å¤„ç†çŸ¥è¯†æ¡ç›® 33/33: æœ±æ©åº†_ach_11
2025-10-21 16:21:52,044 INFO resume_processor.py:630 åˆ›å»ºACEå…¼å®¹çš„bulletæ•°æ®: æœ±æ©åº†_ach_11
2025-10-21 16:21:52,044 INFO resume_processor.py:634 æ·»åŠ bulletåˆ°ä¸»çŸ¥è¯†åº“: æœ±æ©åº†_ach_11
2025-10-21 16:21:52,044 INFO resume_processor.py:643 æ·»åŠ bulletåˆ°section æˆå°±è£èª‰: æœ±æ©åº†_ach_11
2025-10-21 16:21:52,044 INFO resume_processor.py:645 æ‰€æœ‰ä¸ªäººçŸ¥è¯†æ¡ç›®å·²æ·»åŠ åˆ°ä¸»çŸ¥è¯†åº“
2025-10-21 16:21:52,044 INFO resume_processor.py:646 æ›´æ–°åçš„ä¸»çŸ¥è¯†åº“åŒ…å« 62 ä¸ªæ¡ç›®
2025-10-21 16:21:52,044 INFO resume_processor.py:647 æ›´æ–°åçš„sections: ['defaults', 'guidelines', 'test', 'application_guide', 'æŠ€èƒ½ä¸“é•¿', 'å·¥ä½œç»éªŒ', 'æ•™è‚²èƒŒæ™¯', 'æˆå°±è£èª‰']
2025-10-21 16:21:52,044 INFO resume_processor.py:650 ä¿å­˜æ›´æ–°åçš„ä¸»çŸ¥è¯†åº“åˆ°æ–‡ä»¶: data/playbook.json
2025-10-21 16:21:52,046 INFO resume_processor.py:653 ä¸»çŸ¥è¯†åº“æ–‡ä»¶ä¿å­˜æˆåŠŸ
2025-10-21 16:21:52,046 INFO resume_processor.py:655 å·²å°† æœ±æ©åº† çš„ä¸ªäººçŸ¥è¯†åº“æ›´æ–°åˆ°ä¸»çŸ¥è¯†åº“
2025-10-21 16:21:52,046 INFO test_resume_processor.py:404 âœ… ä¸»çŸ¥è¯†åº“æ›´æ–°æˆåŠŸ
2025-10-21 16:21:52,047 INFO test_resume_processor.py:413 âœ… ä¸»çŸ¥è¯†åº“åŒ…å« 62 ä¸ªæ¡ç›®
2025-10-21 16:21:52,047 INFO test_resume_processor.py:417 âœ… ä¸»çŸ¥è¯†åº“æ›´æ–°æµ‹è¯•é€šè¿‡
2025-10-21 16:21:52,047 INFO test_resume_processor.py:493 âœ… ä¸»çŸ¥è¯†åº“æ›´æ–° - é€šè¿‡
2025-10-21 16:21:52,047 INFO test_resume_processor.py:486 
==================================================
2025-10-21 16:21:52,047 INFO test_resume_processor.py:487 ğŸ§ª è¿è¡Œæµ‹è¯•: å®‰å…¨é¢„è§ˆåŠŸèƒ½
2025-10-21 16:21:52,047 INFO test_resume_processor.py:488 ==================================================
2025-10-21 16:21:52,047 INFO test_resume_processor.py:426 ğŸ§ª æµ‹è¯•å®‰å…¨é¢„è§ˆåŠŸèƒ½...
2025-10-21 16:21:52,047 INFO test_resume_processor.py:457 âœ… å®‰å…¨é¢„è§ˆåŠŸèƒ½æµ‹è¯•é€šè¿‡
2025-10-21 16:21:52,047 INFO test_resume_processor.py:493 âœ… å®‰å…¨é¢„è§ˆåŠŸèƒ½ - é€šè¿‡
2025-10-21 16:21:52,047 INFO test_resume_processor.py:501 
==================================================
2025-10-21 16:21:52,047 INFO test_resume_processor.py:502 ğŸ“Š æµ‹è¯•ç»“æœæ±‡æ€»
2025-10-21 16:21:52,047 INFO test_resume_processor.py:503 ==================================================
2025-10-21 16:21:52,047 INFO test_resume_processor.py:504 æ€»æµ‹è¯•æ•°: 7
2025-10-21 16:21:52,047 INFO test_resume_processor.py:505 é€šè¿‡æ•°: 7
2025-10-21 16:21:52,047 INFO test_resume_processor.py:506 å¤±è´¥æ•°: 0
2025-10-21 16:21:52,048 INFO test_resume_processor.py:507 é€šè¿‡ç‡: 100.0%
2025-10-21 16:21:52,048 INFO test_resume_processor.py:510 ğŸ‰ æ‰€æœ‰æµ‹è¯•é€šè¿‡ï¼
2025-10-21 16:21:55,628 INFO test_resume_processor.py:518 ğŸ§¹ æ¸…ç†æµ‹è¯•æ•°æ®...
2025-10-21 16:21:55,628 INFO test_resume_processor.py:525 âœ… æµ‹è¯•æ–‡ä»¶æ¸…ç†å®Œæˆ
2025-10-21 16:21:55,630 INFO test_resume_processor.py:551 âœ… ä¸»çŸ¥è¯†åº“æ¸…ç†å®Œæˆ
